Microchip MPLAB XC8 Compiler V1.36 ()

Linker command line:

--edf=C:\Program Files (x86)\Microchip\xc8\v1.36\dat\en_msgs.txt -cs \
  -h+dist/master/debug\FW_18F2550_master.X.debug.sym \
  --cmf=dist/master/debug\FW_18F2550_master.X.debug.cmf -z -Q18F2550 \
  -oC:\Users\roberto\AppData\Local\Temp\s18g.2 \
  -Mdist/master/debug/FW_18F2550_master.X.debug.map -E1 -ver=XC8 \
  -ASTACK=08Bh-03eeh -pstack=STACK -ACODE=00h-07CFFh -ACONST=00h-07CFFh \
  -ASMALLCONST=0800h-08FFhx117 -AMEDIUMCONST=0800h-07CFFh -ACOMRAM=01h-05Fh \
  -AABS1=00h-03EEh,0400h-07FFh -ABIGRAM=01h-03EEh,0400h-07FFh \
  -ARAM=060h-0FFh,0100h-01FFhx2,0300h-03EEh,0400h-04FFhx4 -ABANK0=060h-0FFh \
  -ABANK1=0100h-01FFh -ABANK2=0200h-02FFh -ABANK3=0300h-03EEh \
  -ABANK4=0400h-04FFh -ABANK5=0500h-05FFh -ABANK6=0600h-06FFh \
  -ABANK7=0700h-07FFh \
  -ASFR=0F60h-0F9Bh,0F9Dh-0FD3h,0FD5h-0FDAh,0FE0h-0FE2h,0FE8h-0FEAh,0FF0h-0FFBh \
  -preset_vec=00h,intcode=08h,intcodelo,powerup,init,end_init \
  -pramtop=0800h -psmallconst=SMALLCONST -pmediumconst=MEDIUMCONST \
  -pconst=CONST -AFARRAM=00h-00h -ACONFIG=0300000h-030000Dh -pconfig=CONFIG \
  -AIDLOC=0200000h-0200007h -pidloc=IDLOC -AEEDATA=0F00000h-0F000FFh \
  -peeprom_data=EEDATA \
  -prdata=COMRAM,nvrram=COMRAM,nvbit=COMRAM,rbss=COMRAM,rbit=COMRAM \
  -pfarbss=FARRAM,fardata=FARRAM,nvFARRAM=FARRAM \
  -pintsave_regs=BIGRAM,bigbss=BIGRAM,bigdata=BIGRAM -pbss=RAM \
  -pidata=CODE,irdata=CODE,ibigdata=CODE,ifardata=CODE -prparam=COMRAM \
  C:\Users\roberto\AppData\Local\Temp\s18g.obj \
  dist/master/debug\FW_18F2550_master.X.debug.obj 

Object code version is 3.11

Machine type is 18F2550

Call graph: (short form)




                Name                               Link     Load   Length Selector   Space Scale
C:\Users\roberto\AppData\Local\Temp\s18g.obj
                end_init                             16       16        4        4       0
                reset_vec                             0        0        6        0       0
                idloc                            200000   200000        8   200000       0
                config                           300000   300000        E   300000       0
dist/master/debug\FW_18F2550_master.X.debug.obj
                intcode                               8        8        E        4       0
                temp                                 56       56        1        1       1
                smallconst                          800      800       C8      400       0
                text60                             17DE     17DE       CE      464       0
                text59                             1A28     1A28       B6      464       0
                text58                             18AC     18AC       C2      464       0
                text57                             11A0     11A0      10C      464       0
                text56                             1FA0     1FA0       5C      464       0
                text55                             1C26     1C26       94      464       0
                text54                             230C     230C       3C      464       0
                text53                             196E     196E       BA      464       0
                text52                             245E     245E       36      464       0
                text51                             2428     2428       36      464       0
                text50                             23F2     23F2       36      464       0
                text49                             1DCE     1DCE       82      464       0
                text48                             1554     1554       DA      464       0
                text47                             2712     2712       12      464       0
                text46                             26E0     26E0       1C      464       0
                text45                             26BE     26BE       22      464       0
                text44                             23BC     23BC       36      464       0
                text43                             22D0     22D0       3C      464       0
                text42                             2294     2294       3C      464       0
                text41                             25B4     25B4       2A      464       0
                text40                             1FFC     1FFC       56      464       0
                text39                             218E     218E       48      464       0
                text38                             1E50     1E50       7E      464       0
                text37                              8C8      8C8      27C      464       0
                text36                             1080     1080      120      464       0
                text35                             1ADE     1ADE       AE      464       0
                text34                             2588     2588       2C      464       0
                text33                             139E     139E       DC      464       0
                text32                             147A     147A       DA      464       0
                text31                             1B8C     1B8C       9A      464       0
                text30                             12AC     12AC       F2      464       0
                text29                             1D4A     1D4A       84      464       0
                text28                             2218     2218       40      464       0
                text27                             1CBA     1CBA       90      464       0
                text26                             2652     2652       26      464       0
                text25                             21D6     21D6       42      464       0
                text24                             255A     255A       2E      464       0
                text23                             24C8     24C8       34      464       0
                text22                              E10      E10      144      464       0
                text21                              F54      F54      12C      464       0
                intcode_body                       1ECE     1ECE       72      464       0
                text19                             2142     2142       4C      464       0
                text18                             20F6     20F6       4C      464       0
                text17                             25DE     25DE       28      464       0
                text16                             1706     1706       D8      464       0
                text15                             2052     2052       54      464       0
                text14                             2258     2258       3C      464       0
                text13                             2382     2382       3A      464       0
                text12                             162E     162E       D8      464       0
                text11                              B44      B44      16A      464       0
                text10                             26FC     26FC       16      464       0
                text9                              269C     269C       22      464       0
                text8                              262C     262C       26      464       0
                text7                              2348     2348       3A      464       0
                text6                              252C     252C       2E      464       0
                text5                              1F40     1F40       60      464       0
                text4                              20A6     20A6       50      464       0
                text3                              24FC     24FC       30      464       0
                text2                              2494     2494       34      464       0
                text1                               CAE      CAE      162      464       0
                text0                              2678     2678       24      464       0
                cstackCOMRAM                         2C       2C       2A        1       1
                cstackBANK0                          7E       7E        D       60       1
                bssBANK0                             60       60       1E       60       1
                bssCOMRAM                             1        1       2B        1       1
                cinit                              2606     2606       26      464       0

TOTAL           Name                               Link     Load   Length     Space
        CLASS   STACK          

        CLASS   CODE           
                end_init                             16       16        4         0
                intcode                               8        8        E         0
                reset_vec                             0        0        6         0
                text60                             17DE     17DE       CE         0
                text59                             1A28     1A28       B6         0
                text58                             18AC     18AC       C2         0
                text57                             11A0     11A0      10C         0
                text56                             1FA0     1FA0       5C         0
                text55                             1C26     1C26       94         0
                text54                             230C     230C       3C         0
                text53                             196E     196E       BA         0
                text52                             245E     245E       36         0
                text51                             2428     2428       36         0
                text50                             23F2     23F2       36         0
                text49                             1DCE     1DCE       82         0
                text48                             1554     1554       DA         0
                text47                             2712     2712       12         0
                text46                             26E0     26E0       1C         0
                text45                             26BE     26BE       22         0
                text44                             23BC     23BC       36         0
                text43                             22D0     22D0       3C         0
                text42                             2294     2294       3C         0
                text41                             25B4     25B4       2A         0
                text40                             1FFC     1FFC       56         0
                text39                             218E     218E       48         0
                text38                             1E50     1E50       7E         0
                text37                              8C8      8C8      27C         0
                text36                             1080     1080      120         0
                text35                             1ADE     1ADE       AE         0
                text34                             2588     2588       2C         0
                text33                             139E     139E       DC         0
                text32                             147A     147A       DA         0
                text31                             1B8C     1B8C       9A         0
                text30                             12AC     12AC       F2         0
                text29                             1D4A     1D4A       84         0
                text28                             2218     2218       40         0
                text27                             1CBA     1CBA       90         0
                text26                             2652     2652       26         0
                text25                             21D6     21D6       42         0
                text24                             255A     255A       2E         0
                text23                             24C8     24C8       34         0
                text22                              E10      E10      144         0
                text21                              F54      F54      12C         0
                intcode_body                       1ECE     1ECE       72         0
                text19                             2142     2142       4C         0
                text18                             20F6     20F6       4C         0
                text17                             25DE     25DE       28         0
                text16                             1706     1706       D8         0
                text15                             2052     2052       54         0
                text14                             2258     2258       3C         0
                text13                             2382     2382       3A         0
                text12                             162E     162E       D8         0
                text11                              B44      B44      16A         0
                text10                             26FC     26FC       16         0
                text9                              269C     269C       22         0
                text8                              262C     262C       26         0
                text7                              2348     2348       3A         0
                text6                              252C     252C       2E         0
                text5                              1F40     1F40       60         0
                text4                              20A6     20A6       50         0
                text3                              24FC     24FC       30         0
                text2                              2494     2494       34         0
                text1                               CAE      CAE      162         0
                text0                              2678     2678       24         0
                cinit                              2606     2606       26         0

        CLASS   CONST          

        CLASS   SMALLCONST     
                smallconst                          800      800       C8         0

        CLASS   MEDIUMCONST    

        CLASS   COMRAM         
                temp                                 56       56        1         1
                cstackCOMRAM                         2C       2C       2A         1
                bssCOMRAM                             1        1       2B         1

        CLASS   ABS1           
                abs_s1                              400      400       30         1
                abs_s1                              500      500       80         1

        CLASS   BIGRAM         

        CLASS   RAM            

        CLASS   BANK0          
                cstackBANK0                          7E       7E        D         1
                bssBANK0                             60       60       1E         1

        CLASS   BANK1          

        CLASS   BANK2          

        CLASS   BANK3          

        CLASS   BANK4          

        CLASS   BANK5          

        CLASS   BANK6          

        CLASS   BANK7          

        CLASS   SFR            

        CLASS   FARRAM         

        CLASS   CONFIG         
                config                           300000   300000        E         0

        CLASS   IDLOC          
                idloc                            200000   200000        8         0

        CLASS   EEDATA         



SEGMENTS        Name                           Load    Length   Top    Selector   Space  Class

                reset_vec                      000000  000006  000006         0       0  CODE    
                bssCOMRAM                      000001  000056  000057         1       1  COMRAM  
                intcode                        000008  000012  00001A         4       0  CODE    
                bssBANK0                       000060  00002B  00008B        60       1  BANK0   
                smallconst                     000800  0000C8  0008C8       400       0  SMALLCON
                text37                         0008C8  001E5C  002724       464       0  CODE    
                idloc                          200000  000008  200008    200000       0  IDLOC   
                config                         300000  00000E  30000E    300000       0  CONFIG  


UNUSED ADDRESS RANGES

        Name                Unused          Largest block    Delta
        BANK0            00008B-0000FF               75
        BANK1            000100-0001FF              100
        BANK2            000200-0002FF              100
        BANK3            000300-0003EE               EF
        BANK4            000430-0004FF               D0
        BANK5            000580-0005FF               80
        BANK6            000600-0006FF              100
        BANK7            000700-0007FF              100
        BIGRAM           000057-00005F                9
                         00008B-0003EE              364
                         000430-0004FF               D0
                         000580-0007FF              280
        CODE             000006-000007                2
                         00001A-0007FF              7E6
                         002724-007CFF             55DC
        COMRAM           000057-00005F                9
        CONST            000006-000007                2
                         00001A-0007FF              7E6
                         002724-007CFF             55DC
        EEDATA           F00000-F000FF              100
        MEDIUMCONST      002724-007CFF             55DC
        RAM              00008B-0003EE              100
                         000430-0004FF               D0
                         000580-0007FF              100
        SFR              000F60-000F9B               3C
                         000F9D-000FD3               37
                         000FD5-000FDA                6
                         000FE0-000FE2                3
                         000FE8-000FEA                3
                         000FF0-000FFB                C
        SMALLCONST       002724-007CFF              100
        STACK            00008B-0003EE              364

                                  Symbol Table

?_ADC_Read10bit                           cstackBANK0  00007E
?_USBTransferOnePacket                    cstackBANK0  00007E
?i2_USBTransferOnePacket                  cstackCOMRAM 00002C
ADC_Enable@channel                        cstackBANK0  00007E
ADC_Read10bit@channel                     cstackBANK0  000083
ADC_Read10bit@result                      cstackBANK0  000081
ADC_SetConfiguration@configuration        cstackBANK0  00007E
APP_LEDUpdateUSBStatus@ledCount           bssCOMRAM    000013
APP_iddle@Left                            cstackBANK0  000082
APP_iddle@LeftRight                       cstackBANK0  000084
APP_iddle@Right                           cstackBANK0  000083
APP_iddle@n                               cstackBANK0  000086
APP_tick@Left                             cstackBANK0  000085
APP_tick@LeftRight                        cstackBANK0  000087
APP_tick@Right                            cstackBANK0  000086
APP_tick@pot                              cstackBANK0  000089
BUTTON_Enable@button                      cstackBANK0  00007E
BUTTON_IsPressed@button                   cstackBANK0  00007E
LED_Enable@led                            cstackBANK0  00007E
LED_Off@led                               cstackCOMRAM 00002C
LED_On@led                                cstackCOMRAM 00002C
LED_Toggle@led                            cstackBANK0  00007E
PWM_R_setPWM1@val                         cstackBANK0  00007E
PWM_R_setPWM2@val                         cstackBANK0  00007E
SPI_R_OpenSPI@bus_mode                    cstackBANK0  00007E
SPI_R_OpenSPI@smp_phase                   cstackBANK0  00007F
SPI_R_OpenSPI@sync_mode                   cstackBANK0  000080
SPI_R_putsSPI@wrptr                       cstackBANK0  00007E
SYSTEM_Initialize@state                   cstackBANK0  000081
USBConfigureEndpoint@EPNum                cstackCOMRAM 000031
USBConfigureEndpoint@direction            cstackCOMRAM 00002C
USBConfigureEndpoint@handle               cstackCOMRAM 000032
USBCtrlTrfInHandler@lastDTS               cstackCOMRAM 00002D
USBCtrlTrfRxService@byteToRead            cstackCOMRAM 00002D
USBCtrlTrfRxService@i                     cstackCOMRAM 00002C
USBCtrlTrfTxService@byteToSend            cstackCOMRAM 00002C
USBDeviceInit@i                           cstackBANK0  000086
USBDeviceTasks@i                          cstackCOMRAM 000047
USBEnableEndpoint@ep                      cstackCOMRAM 000037
USBEnableEndpoint@options                 cstackCOMRAM 000034
USBEnableEndpoint@p                       cstackCOMRAM 000035
USBStdFeatureReqHandler@current_ep_data   cstackCOMRAM 000043
USBStdFeatureReqHandler@p                 cstackCOMRAM 000044
USBStdFeatureReqHandler@pUEP              cstackCOMRAM 000041
USBStdGetStatusHandler@p                  cstackCOMRAM 00002D
USBStdSetCfgHandler@i                     cstackCOMRAM 000040
USBTransferOnePacket@data                 cstackBANK0  00007F
USBTransferOnePacket@dir                  cstackBANK0  00007E
USBTransferOnePacket@ep                   cstackBANK0  000082
USBTransferOnePacket@handle               cstackBANK0  000083
USBTransferOnePacket@len                  cstackBANK0  000081
USER_USB_CALLBACK_EVENT_HANDLER@event     cstackCOMRAM 000038
USER_USB_CALLBACK_EVENT_HANDLER@pdata     cstackCOMRAM 00003A
USER_USB_CALLBACK_EVENT_HANDLER@size      cstackCOMRAM 00003C
_ADCON0                                   (abs)        000FC2
_ADCON0bits                               (abs)        000FC2
_ADCON1bits                               (abs)        000FC1
_ADCON2                                   (abs)        000FC0
_ADCON2bits                               (abs)        000FC0
_ADC_Enable                               text10       0026FC
_ADC_Read10bit                            text15       002052
_ADC_SetConfiguration                     text9        00269C
_ADRESH                                   (abs)        000FC4
_ADRESL                                   (abs)        000FC3
_APP_DeviceCustomHIDInitialize            text52       00245E
_APP_LEDUpdateUSBStatus                   text49       001DCE
_APP_iddle                                text16       001706
_APP_tick                                 text11       000B44
_BDT                                      (abs)        000400
_BUTTON_Enable                            text8        00262C
_BUTTON_IsPressed                         text14       002258
_BothEP0OutUOWNsSet                       bssCOMRAM    00001D
_CCP1CONbits                              (abs)        000FBD
_CCP1M2                                   (abs)        007DEA
_CCP1M3                                   (abs)        007DEB
_CCP2CONbits                              (abs)        000FBA
_CCP2M2                                   (abs)        007DD2
_CCP2M3                                   (abs)        007DD3
_CCPR1L                                   (abs)        000FBE
_CCPR2L                                   (abs)        000FBB
_CtrlTrfData                              (abs)        000428
_INTCONbits                               (abs)        000FF2
_IPR2bits                                 (abs)        000FA2
_LATBbits                                 (abs)        000F8A
_LED_Enable                               text7        002348
_LED_Off                                  text51       002428
_LED_On                                   text50       0023F2
_LED_Toggle                               text13       002382
_PIE2bits                                 (abs)        000FA0
_PIR2bits                                 (abs)        000FA1
_PORTBbits                                (abs)        000F81
_PR2                                      (abs)        000FCB
_PWM_R_OpenPWM                            text6        00252C
_PWM_R_setPWM1                            text19       002142
_PWM_R_setPWM2                            text18       0020F6
_RCONbits                                 (abs)        000FD0
_ReceivedDataBuffer                       (abs)        000500
_RemoteWakeup                             bssCOMRAM    00001E
_SPI_R_OpenSPI                            text5        001F40
_SPI_R_putsSPI                            text17       0025DE
_SSPBUF                                   (abs)        000FC9
_SSPCON1                                  (abs)        000FC6
_SSPCON1bits                              (abs)        000FC6
_SSPSTAT                                  (abs)        000FC7
_SSPSTATbits                              (abs)        000FC7
_SYSTEM_Initialize                        text4        0020A6
_SYS_InterruptHigh                        intcode      000008
_SetupPkt                                 (abs)        000420
_T2CKPS0                                  (abs)        007E50
_T2CKPS1                                  (abs)        007E51
_TMR2ON                                   (abs)        007E52
_TRISAbits                                (abs)        000F92
_TRISBbits                                (abs)        000F93
_TRISCbits                                (abs)        000F94
_ToSendDataBuffer                         (abs)        000540
_UADDR                                    (abs)        000F6E
_UCFG                                     (abs)        000F6F
_UCON                                     (abs)        000F6D
_UCONbits                                 (abs)        000F6D
_UEIE                                     (abs)        000F6B
_UEIR                                     (abs)        000F6A
_UEP0                                     (abs)        000F70
_UEP0bits                                 (abs)        000F70
_UEP1                                     (abs)        000F71
_UIE                                      (abs)        000F69
_UIEbits                                  (abs)        000F69
_UIR                                      (abs)        000F68
_UIRbits                                  (abs)        000F68
_USB1msTickCount                          bssBANK0     000060
_USBActiveConfiguration                   bssCOMRAM    000029
_USBAlternateInterface                    bssCOMRAM    00002A
_USBBusIsSuspended                        bssCOMRAM    00001F
_USBCheckHIDRequest                       text48       001554
_USBCheckStdRequest                       text32       00147A
_USBConfigureEndpoint                     text55       001C26
_USBCtrlEPAllowDataStage                  text31       001B8C
_USBCtrlEPAllowStatusStage                text58       0018AC
_USBCtrlEPService                         text27       001CBA
_USBCtrlEPServiceComplete                 text30       0012AC
_USBCtrlTrfInHandler                      text59       001A28
_USBCtrlTrfOutHandler                     text56       001FA0
_USBCtrlTrfRxService                      text57       0011A0
_USBCtrlTrfSetupHandler                   text29       001D4A
_USBCtrlTrfTxService                      text60       0017DE
_USBDeferINDataStagePackets               bssCOMRAM    000020
_USBDeferOUTDataStagePackets              bssBANK0     00007A
_USBDeferStatusStagePacket                bssCOMRAM    000021
_USBDeviceAttach                          text3        0024FC
_USBDeviceInit                            text1        000CAE
_USBDeviceState                           bssCOMRAM    000022
_USBDeviceTasks                           text21       000F54
_USBEnableEndpoint                        text54       00230C
_USBInHandle                              bssBANK0     000068
_USBIncrement1msInternalTimers            text26       002652
_USBOutHandle                             bssBANK0     00006A
_USBStallHandler                          text25       0021D6
_USBStatusStageEnabledFlag1               bssCOMRAM    000023
_USBStatusStageEnabledFlag2               bssCOMRAM    000024
_USBStatusStageTimeoutCounter             bssCOMRAM    000025
_USBStdFeatureReqHandler                  text37       0008C8
_USBStdGetDscHandler                      text36       001080
_USBStdGetStatusHandler                   text35       001ADE
_USBStdSetCfgHandler                      text33       00139E
_USBSuspend                               text24       00255A
_USBTicksSinceSuspendEnd                  bssBANK0     00007B
_USBTransferOnePacket                     text12       00162E
_USBWakeFromSuspend                       text23       0024C8
_USB_CD_Ptr                               smallconst   000807
_USB_SD_Ptr                               smallconst   000801
_USER_USB_CALLBACK_EVENT_HANDLER          text38       001E50
_USTAT                                    (abs)        000F6C
_USTATcopy                                bssCOMRAM    00002B
__CFG_BOR$ON                              (abs)        000000
__CFG_BORV$3                              (abs)        000000
__CFG_CP0$OFF                             (abs)        000000
__CFG_CP1$OFF                             (abs)        000000
__CFG_CPB$OFF                             (abs)        000000
__CFG_CPUDIV$OSC1_PLL2                    (abs)        000000
__CFG_EBTR0$OFF                           (abs)        000000
__CFG_EBTR1$OFF                           (abs)        000000
__CFG_EBTRB$OFF                           (abs)        000000
__CFG_FCMEN$OFF                           (abs)        000000
__CFG_FOSC$XTPLL_XT                       (abs)        000000
__CFG_IESO$OFF                            (abs)        000000
__CFG_LPT1OSC$OFF                         (abs)        000000
__CFG_LVP$OFF                             (abs)        000000
__CFG_MCLRE$ON                            (abs)        000000
__CFG_PBADEN$OFF                          (abs)        000000
__CFG_PLLDIV$1                            (abs)        000000
__CFG_PWRT$OFF                            (abs)        000000
__CFG_STVREN$ON                           (abs)        000000
__CFG_USBDIV$2                            (abs)        000000
__CFG_VREGEN$ON                           (abs)        000000
__CFG_WDT$OFF                             (abs)        000000
__CFG_WDTPS$32768                         (abs)        000000
__CFG_WRT0$OFF                            (abs)        000000
__CFG_WRT1$OFF                            (abs)        000000
__CFG_WRTB$OFF                            (abs)        000000
__CFG_WRTC$OFF                            (abs)        000000
__CFG_XINST$OFF                           (abs)        000000
__HRAM                                    (abs)        000000
__Habs1                                   abs1         000000
__Hbank0                                  bank0        000000
__Hbank1                                  bank1        000000
__Hbank2                                  bank2        000000
__Hbank3                                  bank3        000000
__Hbank4                                  bank4        000000
__Hbank5                                  bank5        000000
__Hbank6                                  bank6        000000
__Hbank7                                  bank7        000000
__Hbigbss                                 bigbss       000000
__Hbigdata                                bigdata      000000
__Hbigram                                 bigram       000000
__Hbss                                    bss          000000
__HbssBANK0                               bssBANK0     000000
__HbssCOMRAM                              bssCOMRAM    000000
__Hcinit                                  cinit        000000
__Hclrtext                                clrtext      000000
__Hcomram                                 comram       000000
__Hconfig                                 config       30000E
__Hconst                                  const        000000
__HcstackBANK0                            cstackBANK0  000000
__HcstackCOMRAM                           cstackCOMRAM 000000
__Hdata                                   data         000000
__Heeprom_data                            eeprom_data  000000
__Hend_init                               end_init     00001A
__Hfarbss                                 farbss       000000
__Hfardata                                fardata      000000
__Hibigdata                               ibigdata     000000
__Hidata                                  idata        000000
__Hidloc                                  idloc        200008
__Hifardata                               ifardata     000000
__Hinit                                   init         000016
__Hintcode                                intcode      000016
__Hintcode_body                           intcode_body 000000
__Hintcodelo                              intcodelo    000016
__Hintentry                               intentry     000000
__Hintret                                 intret       000000
__Hintsave_regs                           intsave_regs 000000
__Hirdata                                 irdata       000000
__Hmediumconst                            mediumconst  000000
__HnvFARRAM                               nvFARRAM     000000
__Hnvbit                                  nvbit        000000
__Hnvrram                                 nvrram       000000
__Hparam                                  rparam       000000
__Hpowerup                                powerup      000016
__Hram                                    ram          000000
__Hramtop                                 ramtop       000800
__Hrbit                                   rbit         000000
__Hrbss                                   rbss         000000
__Hrdata                                  rdata        000000
__Hreset_vec                              reset_vec    000006
__Hrparam                                 rparam       000000
__Hsfr                                    sfr          000000
__Hsmallconst                             smallconst   0008C8
__Hspace_0                                (abs)        30000E
__Hspace_1                                (abs)        00008B
__Hspace_2                                (abs)        000000
__Hstack                                  stack        000000
__Hstruct                                 struct       000000
__Htemp                                   temp         000057
__Htext                                   text         000000
__Htext0                                  text0        000000
__Htext1                                  text1        000000
__Htext10                                 text10       000000
__Htext11                                 text11       000000
__Htext12                                 text12       000000
__Htext13                                 text13       000000
__Htext14                                 text14       000000
__Htext15                                 text15       000000
__Htext16                                 text16       000000
__Htext17                                 text17       000000
__Htext18                                 text18       000000
__Htext19                                 text19       000000
__Htext2                                  text2        000000
__Htext21                                 text21       000000
__Htext22                                 text22       000000
__Htext23                                 text23       000000
__Htext24                                 text24       000000
__Htext25                                 text25       000000
__Htext26                                 text26       000000
__Htext27                                 text27       000000
__Htext28                                 text28       000000
__Htext29                                 text29       000000
__Htext3                                  text3        000000
__Htext30                                 text30       000000
__Htext31                                 text31       000000
__Htext32                                 text32       000000
__Htext33                                 text33       000000
__Htext34                                 text34       000000
__Htext35                                 text35       000000
__Htext36                                 text36       000000
__Htext37                                 text37       000000
__Htext38                                 text38       000000
__Htext39                                 text39       000000
__Htext4                                  text4        000000
__Htext40                                 text40       000000
__Htext41                                 text41       000000
__Htext42                                 text42       000000
__Htext43                                 text43       000000
__Htext44                                 text44       000000
__Htext45                                 text45       000000
__Htext46                                 text46       000000
__Htext47                                 text47       000000
__Htext48                                 text48       000000
__Htext49                                 text49       000000
__Htext5                                  text5        000000
__Htext50                                 text50       000000
__Htext51                                 text51       000000
__Htext52                                 text52       000000
__Htext53                                 text53       000000
__Htext54                                 text54       000000
__Htext55                                 text55       000000
__Htext56                                 text56       000000
__Htext57                                 text57       000000
__Htext58                                 text58       000000
__Htext59                                 text59       000000
__Htext6                                  text6        000000
__Htext60                                 text60       000000
__Htext7                                  text7        000000
__Htext8                                  text8        000000
__Htext9                                  text9        000000
__LRAM                                    (abs)        000001
__Labs1                                   abs1         000000
__Lbank0                                  bank0        000000
__Lbank1                                  bank1        000000
__Lbank2                                  bank2        000000
__Lbank3                                  bank3        000000
__Lbank4                                  bank4        000000
__Lbank5                                  bank5        000000
__Lbank6                                  bank6        000000
__Lbank7                                  bank7        000000
__Lbigbss                                 bigbss       000000
__Lbigdata                                bigdata      000000
__Lbigram                                 bigram       000000
__Lbss                                    bss          000000
__LbssBANK0                               bssBANK0     000000
__LbssCOMRAM                              bssCOMRAM    000000
__Lcinit                                  cinit        000000
__Lclrtext                                clrtext      000000
__Lcomram                                 comram       000000
__Lconfig                                 config       300000
__Lconst                                  const        000000
__LcstackBANK0                            cstackBANK0  000000
__LcstackCOMRAM                           cstackCOMRAM 000000
__Ldata                                   data         000000
__Leeprom_data                            eeprom_data  000000
__Lend_init                               end_init     000016
__Lfarbss                                 farbss       000000
__Lfardata                                fardata      000000
__Libigdata                               ibigdata     000000
__Lidata                                  idata        000000
__Lidloc                                  idloc        200000
__Lifardata                               ifardata     000000
__Linit                                   init         000016
__Lintcode                                intcode      000008
__Lintcode_body                           intcode_body 000000
__Lintcodelo                              intcodelo    000016
__Lintentry                               intentry     000000
__Lintret                                 intret       000000
__Lintsave_regs                           intsave_regs 000000
__Lirdata                                 irdata       000000
__Lmediumconst                            mediumconst  000000
__LnvFARRAM                               nvFARRAM     000000
__Lnvbit                                  nvbit        000000
__Lnvrram                                 nvrram       000000
__Lparam                                  rparam       000000
__Lpowerup                                powerup      000016
__Lram                                    ram          000000
__Lramtop                                 ramtop       000800
__Lrbit                                   rbit         000000
__Lrbss                                   rbss         000000
__Lrdata                                  rdata        000000
__Lreset_vec                              reset_vec    000000
__Lrparam                                 rparam       000000
__Lsfr                                    sfr          000000
__Lsmallconst                             smallconst   000800
__Lspace_0                                (abs)        000000
__Lspace_1                                (abs)        000000
__Lspace_2                                (abs)        000000
__Lstack                                  stack        000000
__Lstruct                                 struct       000000
__Ltemp                                   temp         000056
__Ltext                                   text         000000
__Ltext0                                  text0        000000
__Ltext1                                  text1        000000
__Ltext10                                 text10       000000
__Ltext11                                 text11       000000
__Ltext12                                 text12       000000
__Ltext13                                 text13       000000
__Ltext14                                 text14       000000
__Ltext15                                 text15       000000
__Ltext16                                 text16       000000
__Ltext17                                 text17       000000
__Ltext18                                 text18       000000
__Ltext19                                 text19       000000
__Ltext2                                  text2        000000
__Ltext21                                 text21       000000
__Ltext22                                 text22       000000
__Ltext23                                 text23       000000
__Ltext24                                 text24       000000
__Ltext25                                 text25       000000
__Ltext26                                 text26       000000
__Ltext27                                 text27       000000
__Ltext28                                 text28       000000
__Ltext29                                 text29       000000
__Ltext3                                  text3        000000
__Ltext30                                 text30       000000
__Ltext31                                 text31       000000
__Ltext32                                 text32       000000
__Ltext33                                 text33       000000
__Ltext34                                 text34       000000
__Ltext35                                 text35       000000
__Ltext36                                 text36       000000
__Ltext37                                 text37       000000
__Ltext38                                 text38       000000
__Ltext39                                 text39       000000
__Ltext4                                  text4        000000
__Ltext40                                 text40       000000
__Ltext41                                 text41       000000
__Ltext42                                 text42       000000
__Ltext43                                 text43       000000
__Ltext44                                 text44       000000
__Ltext45                                 text45       000000
__Ltext46                                 text46       000000
__Ltext47                                 text47       000000
__Ltext48                                 text48       000000
__Ltext49                                 text49       000000
__Ltext5                                  text5        000000
__Ltext50                                 text50       000000
__Ltext51                                 text51       000000
__Ltext52                                 text52       000000
__Ltext53                                 text53       000000
__Ltext54                                 text54       000000
__Ltext55                                 text55       000000
__Ltext56                                 text56       000000
__Ltext57                                 text57       000000
__Ltext58                                 text58       000000
__Ltext59                                 text59       000000
__Ltext6                                  text6        000000
__Ltext60                                 text60       000000
__Ltext7                                  text7        000000
__Ltext8                                  text8        000000
__Ltext9                                  text9        000000
__S0                                      (abs)        30000E
__S1                                      (abs)        00008B
__S2                                      (abs)        000000
___inthi_sp                               stack        000000
___intlo_sp                               stack        000000
___param_bank                             (abs)        000010
___rparam_used                            (abs)        000001
___sp                                     stack        000000
__accesstop                               (abs)        000060
__activetblptr                            (abs)        000002
__end_of_ADC_Enable                       text10       002712
__end_of_ADC_Read10bit                    text15       0020A6
__end_of_ADC_SetConfiguration             text9        0026BE
__end_of_APP_DeviceCustomHIDInitialize    text52       002494
__end_of_APP_LEDUpdateUSBStatus           text49       001E50
__end_of_APP_iddle                        text16       0017DE
__end_of_APP_tick                         text11       000CAE
__end_of_BUTTON_Enable                    text8        002652
__end_of_BUTTON_IsPressed                 text14       002294
__end_of_LED_Enable                       text7        002382
__end_of_LED_Off                          text51       00245E
__end_of_LED_On                           text50       002428
__end_of_LED_Toggle                       text13       0023BC
__end_of_PWM_R_OpenPWM                    text6        00255A
__end_of_PWM_R_setPWM1                    text19       00218E
__end_of_PWM_R_setPWM2                    text18       002142
__end_of_SPI_R_OpenSPI                    text5        001FA0
__end_of_SPI_R_putsSPI                    text17       002606
__end_of_SYSTEM_Initialize                text4        0020F6
__end_of_SYS_InterruptHigh                intcode_body 001F40
__end_of_USBCheckHIDRequest               text48       00162E
__end_of_USBCheckStdRequest               text32       001554
__end_of_USBConfigureEndpoint             text55       001CBA
__end_of_USBCtrlEPAllowDataStage          text31       001C26
__end_of_USBCtrlEPAllowStatusStage        text58       00196E
__end_of_USBCtrlEPService                 text27       001D4A
__end_of_USBCtrlEPServiceComplete         text30       00139E
__end_of_USBCtrlTrfInHandler              text59       001ADE
__end_of_USBCtrlTrfOutHandler             text56       001FFC
__end_of_USBCtrlTrfRxService              text57       0012AC
__end_of_USBCtrlTrfSetupHandler           text29       001DCE
__end_of_USBCtrlTrfTxService              text60       0018AC
__end_of_USBDeviceAttach                  text3        00252C
__end_of_USBDeviceInit                    text1        000E10
__end_of_USBDeviceTasks                   text21       001080
__end_of_USBEnableEndpoint                text54       002348
__end_of_USBIncrement1msInternalTimers    text26       002678
__end_of_USBStallHandler                  text25       002218
__end_of_USBStdFeatureReqHandler          text37       000B44
__end_of_USBStdGetDscHandler              text36       0011A0
__end_of_USBStdGetStatusHandler           text35       001B8C
__end_of_USBStdSetCfgHandler              text33       00147A
__end_of_USBSuspend                       text24       002588
__end_of_USBTransferOnePacket             text12       001706
__end_of_USBWakeFromSuspend               text23       0024FC
__end_of_USB_CD_Ptr                       smallconst   000809
__end_of_USB_SD_Ptr                       smallconst   000807
__end_of_USER_USB_CALLBACK_EVENT_HANDLER  text38       001ECE
__end_of__initialization                  cinit        00261E
__end_of_configDescriptor1                smallconst   000894
__end_of_device_dsc                       smallconst   0008C3
__end_of_hid_rpt01                        smallconst   0008B1
__end_of_main                             text0        00269C
__end_of_memcpy                           text28       002258
__end_of_memset                           text2        0024C8
__end_of_sd000                            smallconst   0008C7
__end_of_sd001                            smallconst   00083D
__end_of_sd002                            smallconst   00086B
__end_ofi2_ADC_Enable                     text47       002724
__end_ofi2_ADC_SetConfiguration           text46       0026FC
__end_ofi2_BUTTON_Enable                  text45       0026E0
__end_ofi2_LED_Enable                     text44       0023F2
__end_ofi2_PWM_R_OpenPWM                  text41       0025DE
__end_ofi2_PWM_R_setPWM1                  text43       00230C
__end_ofi2_PWM_R_setPWM2                  text42       0022D0
__end_ofi2_SPI_R_OpenSPI                  text40       002052
__end_ofi2_SYSTEM_Initialize              text39       0021D6
__end_ofi2_USBDeviceInit                  text22       000F54
__end_ofi2_USBTransferOnePacket           text53       001A28
__end_ofi2_memset                         text34       0025B4
__initialization                          cinit        002606
__mediumconst                             mediumconst  000000
__pbssBANK0                               bssBANK0     000060
__pbssCOMRAM                              bssCOMRAM    000001
__pcinit                                  cinit        002606
__pcstackBANK0                            cstackBANK0  00007E
__pcstackCOMRAM                           cstackCOMRAM 00002C
__pintcode                                intcode      000008
__pintcode_body                           intcode_body 001ECE
__psmallconst                             smallconst   000800
__ptext0                                  text0        002678
__ptext1                                  text1        000CAE
__ptext10                                 text10       0026FC
__ptext11                                 text11       000B44
__ptext12                                 text12       00162E
__ptext13                                 text13       002382
__ptext14                                 text14       002258
__ptext15                                 text15       002052
__ptext16                                 text16       001706
__ptext17                                 text17       0025DE
__ptext18                                 text18       0020F6
__ptext19                                 text19       002142
__ptext2                                  text2        002494
__ptext21                                 text21       000F54
__ptext22                                 text22       000E10
__ptext23                                 text23       0024C8
__ptext24                                 text24       00255A
__ptext25                                 text25       0021D6
__ptext26                                 text26       002652
__ptext27                                 text27       001CBA
__ptext28                                 text28       002218
__ptext29                                 text29       001D4A
__ptext3                                  text3        0024FC
__ptext30                                 text30       0012AC
__ptext31                                 text31       001B8C
__ptext32                                 text32       00147A
__ptext33                                 text33       00139E
__ptext34                                 text34       002588
__ptext35                                 text35       001ADE
__ptext36                                 text36       001080
__ptext37                                 text37       0008C8
__ptext38                                 text38       001E50
__ptext39                                 text39       00218E
__ptext4                                  text4        0020A6
__ptext40                                 text40       001FFC
__ptext41                                 text41       0025B4
__ptext42                                 text42       002294
__ptext43                                 text43       0022D0
__ptext44                                 text44       0023BC
__ptext45                                 text45       0026BE
__ptext46                                 text46       0026E0
__ptext47                                 text47       002712
__ptext48                                 text48       001554
__ptext49                                 text49       001DCE
__ptext5                                  text5        001F40
__ptext50                                 text50       0023F2
__ptext51                                 text51       002428
__ptext52                                 text52       00245E
__ptext53                                 text53       00196E
__ptext54                                 text54       00230C
__ptext55                                 text55       001C26
__ptext56                                 text56       001FA0
__ptext57                                 text57       0011A0
__ptext58                                 text58       0018AC
__ptext59                                 text59       001A28
__ptext6                                  text6        00252C
__ptext60                                 text60       0017DE
__ptext7                                  text7        002348
__ptext8                                  text8        00262C
__ptext9                                  text9        00269C
__ramtop                                  ramtop       000800
__size_of_ADC_Enable                      (abs)        000000
__size_of_ADC_Read10bit                   (abs)        000000
__size_of_ADC_SetConfiguration            (abs)        000000
__size_of_APP_DeviceCustomHIDInitialize   (abs)        000000
__size_of_APP_LEDUpdateUSBStatus          (abs)        000000
__size_of_APP_iddle                       (abs)        000000
__size_of_APP_tick                        (abs)        000000
__size_of_BUTTON_Enable                   (abs)        000000
__size_of_BUTTON_IsPressed                (abs)        000000
__size_of_LED_Enable                      (abs)        000000
__size_of_LED_Off                         (abs)        000000
__size_of_LED_On                          (abs)        000000
__size_of_LED_Toggle                      (abs)        000000
__size_of_PWM_R_OpenPWM                   (abs)        000000
__size_of_PWM_R_setPWM1                   (abs)        000000
__size_of_PWM_R_setPWM2                   (abs)        000000
__size_of_SPI_R_OpenSPI                   (abs)        000000
__size_of_SPI_R_putsSPI                   (abs)        000000
__size_of_SYSTEM_Initialize               (abs)        000000
__size_of_SYS_InterruptHigh               (abs)        000000
__size_of_USBCheckHIDRequest              (abs)        000000
__size_of_USBCheckStdRequest              (abs)        000000
__size_of_USBConfigureEndpoint            (abs)        000000
__size_of_USBCtrlEPAllowDataStage         (abs)        000000
__size_of_USBCtrlEPAllowStatusStage       (abs)        000000
__size_of_USBCtrlEPService                (abs)        000000
__size_of_USBCtrlEPServiceComplete        (abs)        000000
__size_of_USBCtrlTrfInHandler             (abs)        000000
__size_of_USBCtrlTrfOutHandler            (abs)        000000
__size_of_USBCtrlTrfRxService             (abs)        000000
__size_of_USBCtrlTrfSetupHandler          (abs)        000000
__size_of_USBCtrlTrfTxService             (abs)        000000
__size_of_USBDeviceAttach                 (abs)        000000
__size_of_USBDeviceInit                   (abs)        000000
__size_of_USBDeviceTasks                  (abs)        000000
__size_of_USBEnableEndpoint               (abs)        000000
__size_of_USBIncrement1msInternalTimers   (abs)        000000
__size_of_USBStallHandler                 (abs)        000000
__size_of_USBStdFeatureReqHandler         (abs)        000000
__size_of_USBStdGetDscHandler             (abs)        000000
__size_of_USBStdGetStatusHandler          (abs)        000000
__size_of_USBStdSetCfgHandler             (abs)        000000
__size_of_USBSuspend                      (abs)        000000
__size_of_USBTransferOnePacket            (abs)        000000
__size_of_USBWakeFromSuspend              (abs)        000000
__size_of_USER_USB_CALLBACK_EVENT_HANDLER (abs)        000000
__size_of_main                            (abs)        000000
__size_of_memcpy                          (abs)        000000
__size_of_memset                          (abs)        000000
__size_ofi2_ADC_Enable                    (abs)        000000
__size_ofi2_ADC_SetConfiguration          (abs)        000000
__size_ofi2_BUTTON_Enable                 (abs)        000000
__size_ofi2_LED_Enable                    (abs)        000000
__size_ofi2_PWM_R_OpenPWM                 (abs)        000000
__size_ofi2_PWM_R_setPWM1                 (abs)        000000
__size_ofi2_PWM_R_setPWM2                 (abs)        000000
__size_ofi2_SPI_R_OpenSPI                 (abs)        000000
__size_ofi2_SYSTEM_Initialize             (abs)        000000
__size_ofi2_USBDeviceInit                 (abs)        000000
__size_ofi2_USBTransferOnePacket          (abs)        000000
__size_ofi2_memset                        (abs)        000000
__smallconst                              smallconst   000800
_active_protocol                          bssBANK0     00007C
_configDescriptor1                        smallconst   00086B
_controlTransferState                     bssCOMRAM    000026
_currIddlePwm1                            bssBANK0     00006C
_currIddlePwm2                            bssBANK0     00006E
_currIddlePwm3                            bssBANK0     000070
_currIddlePwm4                            bssBANK0     000072
_device_dsc                               smallconst   0008B1
_endpoint_number                          bssCOMRAM    000027
_ep_data_in                               bssCOMRAM    000015
_ep_data_out                              bssCOMRAM    000017
_hid_rpt01                                smallconst   000894
_idle_rate                                bssBANK0     00007D
_inPipes                                  bssCOMRAM    000009
_main                                     text0        002678
_memcpy                                   text28       002218
_memset                                   text2        002494
_outPipes                                 bssCOMRAM    000001
_p1                                       bssBANK0     000074
_p2                                       bssBANK0     000076
_pBDTEntryEP0OutCurrent                   bssCOMRAM    000019
_pBDTEntryEP0OutNext                      bssCOMRAM    00001B
_pBDTEntryIn                              bssCOMRAM    00000F
_pBDTEntryOut                             bssBANK0     000064
_pDst                                     bssBANK0     000078
_sd000                                    smallconst   0008C3
_sd001                                    smallconst   000809
_sd002                                    smallconst   00083D
_shortPacketStatus                        bssCOMRAM    000028
btemp                                     temp         000056
end_of_initialization                     cinit        00261E
i2ADC_Enable@channel                      cstackCOMRAM 00002C
i2ADC_SetConfiguration@configuration      cstackCOMRAM 00002C
i2BUTTON_Enable@button                    cstackCOMRAM 00002C
i2LED_Enable@led                          cstackCOMRAM 00002C
i2PWM_R_setPWM1@val                       cstackCOMRAM 00002C
i2PWM_R_setPWM2@val                       cstackCOMRAM 00002C
i2SPI_R_OpenSPI@bus_mode                  cstackCOMRAM 00002C
i2SPI_R_OpenSPI@smp_phase                 cstackCOMRAM 00002D
i2SPI_R_OpenSPI@sync_mode                 cstackCOMRAM 00002E
i2SYSTEM_Initialize@state                 cstackCOMRAM 00002F
i2USBDeviceInit@i                         cstackCOMRAM 000034
i2USBTransferOnePacket@data               cstackCOMRAM 00002D
i2USBTransferOnePacket@dir                cstackCOMRAM 00002C
i2USBTransferOnePacket@ep                 cstackCOMRAM 000030
i2USBTransferOnePacket@handle             cstackCOMRAM 000031
i2USBTransferOnePacket@len                cstackCOMRAM 00002F
i2_ADC_Enable                             text47       002712
i2_ADC_SetConfiguration                   text46       0026E0
i2_BUTTON_Enable                          text45       0026BE
i2_LED_Enable                             text44       0023BC
i2_PWM_R_OpenPWM                          text41       0025B4
i2_PWM_R_setPWM1                          text43       0022D0
i2_PWM_R_setPWM2                          text42       002294
i2_SPI_R_OpenSPI                          text40       001FFC
i2_SYSTEM_Initialize                      text39       00218E
i2_USBDeviceInit                          text22       000E10
i2_USBTransferOnePacket                   text53       00196E
i2_memset                                 text34       002588
i2memset@c                                cstackCOMRAM 00002E
i2memset@n                                cstackCOMRAM 000030
i2memset@p                                cstackCOMRAM 000032
i2memset@p1                               cstackCOMRAM 00002C
int$flags                                 temp         000056
int_func                                  intcode_body 001ECE
intlevel0                                 text         000000
intlevel1                                 text         000000
intlevel2                                 text         000000
intlevel3                                 text         000000
memcpy@d                                  cstackCOMRAM 000032
memcpy@d1                                 cstackCOMRAM 00002C
memcpy@n                                  cstackCOMRAM 000030
memcpy@s                                  cstackCOMRAM 000034
memcpy@s1                                 cstackCOMRAM 00002E
memset@c                                  cstackBANK0  000080
memset@n                                  cstackBANK0  000082
memset@p                                  cstackBANK0  000084
memset@p1                                 cstackBANK0  00007E
stackhi                                   (abs)        0003EE
stacklo                                   (abs)        00008B
start                                     init         000016
start_initialization                      cinit        002606


FUNCTION INFORMATION:

 *************** function _main *****************
 Defined at:
		line 12 in file "../src/master/main.c"
 Parameters:    Size  Location     Type
		None
 Auto vars:     Size  Location     Type
		None
 Return value:  Size  Location     Type
                  1    wreg      void 
 Registers used:
		wreg, fsr2l, fsr2h, status,2, status,0, prodl, prodh, cstack
 Tracked objects:
		On entry : 
		On exit  : 
		Unchanged: 
 Data sizes:     COMRAM   BANK0   BANK1   BANK2   BANK3   BANK4   BANK5   BANK6   BANK7
      Params:         0       0       0       0       0       0       0       0       0
      Locals:         0       0       0       0       0       0       0       0       0
      Temps:          0       0       0       0       0       0       0       0       0
      Totals:         0       0       0       0       0       0       0       0       0
Total ram usage:        0 bytes
 Hardware stack levels required when called:   13
 This function calls:
		_APP_iddle
		_APP_tick
		_SYSTEM_Initialize
		_USBDeviceAttach
		_USBDeviceInit
 This function is called by:
		Startup code after reset
 This function uses a non-reentrant model


 *************** function _USBDeviceInit *****************
 Defined at:
		line 295 in file "../src/master/inc/src/usb_device.c"
 Parameters:    Size  Location     Type
		None
 Auto vars:     Size  Location     Type
  i               1    8[BANK0 ] unsigned char 
 Return value:  Size  Location     Type
                  1    wreg      void 
 Registers used:
		wreg, fsr2l, fsr2h, status,2, status,0, prodl, prodh, cstack
 Tracked objects:
		On entry : 
		On exit  : 
		Unchanged: 
 Data sizes:     COMRAM   BANK0   BANK1   BANK2   BANK3   BANK4   BANK5   BANK6   BANK7
      Params:         0       0       0       0       0       0       0       0       0
      Locals:         0       1       0       0       0       0       0       0       0
      Temps:          0       0       0       0       0       0       0       0       0
      Totals:         0       1       0       0       0       0       0       0       0
Total ram usage:        1 bytes
 Hardware stack levels used:    1
 Hardware stack levels required when called:   11
 This function calls:
		_memset
 This function is called by:
		_main
 This function uses a non-reentrant model


 *************** function _memset *****************
 Defined at:
		line 8 in file "C:\Program Files (x86)\Microchip\xc8\v1.36\sources\common\memset.c"
 Parameters:    Size  Location     Type
  p1              2    0[BANK0 ] PTR void 
		 -> USBAlternateInterface(1), BDT(32), UEP1(1), 
  c               2    2[BANK0 ] int 
  n               2    4[BANK0 ] unsigned int 
 Auto vars:     Size  Location     Type
  p               2    6[BANK0 ] PTR unsigned char 
		 -> USBAlternateInterface(1), BDT(32), UEP1(1), 
 Return value:  Size  Location     Type
                  2    0[BANK0 ] PTR void 
 Registers used:
		wreg, fsr2l, fsr2h, status,2, status,0
 Tracked objects:
		On entry : 
		On exit  : 
		Unchanged: 
 Data sizes:     COMRAM   BANK0   BANK1   BANK2   BANK3   BANK4   BANK5   BANK6   BANK7
      Params:         0       6       0       0       0       0       0       0       0
      Locals:         0       2       0       0       0       0       0       0       0
      Temps:          0       0       0       0       0       0       0       0       0
      Totals:         0       8       0       0       0       0       0       0       0
Total ram usage:        8 bytes
 Hardware stack levels used:    1
 Hardware stack levels required when called:   10
 This function calls:
		Nothing
 This function is called by:
		_USBDeviceInit
 This function uses a non-reentrant model


 *************** function _USBDeviceAttach *****************
 Defined at:
		line 1370 in file "../src/master/inc/src/usb_device.c"
 Parameters:    Size  Location     Type
		None
 Auto vars:     Size  Location     Type
		None
 Return value:  Size  Location     Type
                  1    wreg      void 
 Registers used:
		wreg, status,2
 Tracked objects:
		On entry : 
		On exit  : 
		Unchanged: 
 Data sizes:     COMRAM   BANK0   BANK1   BANK2   BANK3   BANK4   BANK5   BANK6   BANK7
      Params:         0       0       0       0       0       0       0       0       0
      Locals:         0       0       0       0       0       0       0       0       0
      Temps:          0       0       0       0       0       0       0       0       0
      Totals:         0       0       0       0       0       0       0       0       0
Total ram usage:        0 bytes
 Hardware stack levels used:    1
 Hardware stack levels required when called:   10
 This function calls:
		Nothing
 This function is called by:
		_main
 This function uses a non-reentrant model


 *************** function _SYSTEM_Initialize *****************
 Defined at:
		line 58 in file "../src/master/system.c"
 Parameters:    Size  Location     Type
  state           1    wreg     enum E4570
 Auto vars:     Size  Location     Type
  state           1    3[BANK0 ] enum E4570
 Return value:  Size  Location     Type
                  1    wreg      void 
 Registers used:
		wreg, status,2, status,0, cstack
 Tracked objects:
		On entry : 
		On exit  : 
		Unchanged: 
 Data sizes:     COMRAM   BANK0   BANK1   BANK2   BANK3   BANK4   BANK5   BANK6   BANK7
      Params:         0       0       0       0       0       0       0       0       0
      Locals:         0       1       0       0       0       0       0       0       0
      Temps:          0       0       0       0       0       0       0       0       0
      Totals:         0       1       0       0       0       0       0       0       0
Total ram usage:        1 bytes
 Hardware stack levels used:    1
 Hardware stack levels required when called:   12
 This function calls:
		_ADC_Enable
		_ADC_SetConfiguration
		_BUTTON_Enable
		_LED_Enable
		_PWM_R_OpenPWM
		_SPI_R_OpenSPI
 This function is called by:
		_main
 This function uses a non-reentrant model


 *************** function _SPI_R_OpenSPI *****************
 Defined at:
		line 3 in file "../src/master/spi_r.c"
 Parameters:    Size  Location     Type
  sync_mode       1    wreg     unsigned char 
  bus_mode        1    0[BANK0 ] unsigned char 
  smp_phase       1    1[BANK0 ] unsigned char 
 Auto vars:     Size  Location     Type
  sync_mode       1    2[BANK0 ] unsigned char 
 Return value:  Size  Location     Type
                  1    wreg      void 
 Registers used:
		wreg, status,2, status,0
 Tracked objects:
		On entry : 
		On exit  : 
		Unchanged: 
 Data sizes:     COMRAM   BANK0   BANK1   BANK2   BANK3   BANK4   BANK5   BANK6   BANK7
      Params:         0       2       0       0       0       0       0       0       0
      Locals:         0       1       0       0       0       0       0       0       0
      Temps:          0       0       0       0       0       0       0       0       0
      Totals:         0       3       0       0       0       0       0       0       0
Total ram usage:        3 bytes
 Hardware stack levels used:    1
 Hardware stack levels required when called:   10
 This function calls:
		Nothing
 This function is called by:
		_SYSTEM_Initialize
 This function uses a non-reentrant model


 *************** function _PWM_R_OpenPWM *****************
 Defined at:
		line 17 in file "../src/master/pwm_r.c"
 Parameters:    Size  Location     Type
		None
 Auto vars:     Size  Location     Type
		None
 Return value:  Size  Location     Type
                  1    wreg      void 
 Registers used:
		wreg, status,2, status,0, cstack
 Tracked objects:
		On entry : 
		On exit  : 
		Unchanged: 
 Data sizes:     COMRAM   BANK0   BANK1   BANK2   BANK3   BANK4   BANK5   BANK6   BANK7
      Params:         0       0       0       0       0       0       0       0       0
      Locals:         0       0       0       0       0       0       0       0       0
      Temps:          0       0       0       0       0       0       0       0       0
      Totals:         0       0       0       0       0       0       0       0       0
Total ram usage:        0 bytes
 Hardware stack levels used:    1
 Hardware stack levels required when called:   11
 This function calls:
		_PWM_R_setPWM1
		_PWM_R_setPWM2
 This function is called by:
		_SYSTEM_Initialize
 This function uses a non-reentrant model


 *************** function _LED_Enable *****************
 Defined at:
		line 257 in file "../src/master/leds.c"
 Parameters:    Size  Location     Type
  led             1    wreg     enum E2
 Auto vars:     Size  Location     Type
  led             1    0[BANK0 ] enum E2
 Return value:  Size  Location     Type
                  1    wreg      void 
 Registers used:
		wreg, status,2, status,0
 Tracked objects:
		On entry : 
		On exit  : 
		Unchanged: 
 Data sizes:     COMRAM   BANK0   BANK1   BANK2   BANK3   BANK4   BANK5   BANK6   BANK7
      Params:         0       0       0       0       0       0       0       0       0
      Locals:         0       1       0       0       0       0       0       0       0
      Temps:          0       0       0       0       0       0       0       0       0
      Totals:         0       1       0       0       0       0       0       0       0
Total ram usage:        1 bytes
 Hardware stack levels used:    1
 Hardware stack levels required when called:   10
 This function calls:
		Nothing
 This function is called by:
		_SYSTEM_Initialize
 This function uses a non-reentrant model


 *************** function _BUTTON_Enable *****************
 Defined at:
		line 128 in file "../src/master/buttons.c"
 Parameters:    Size  Location     Type
  button          1    wreg     enum E4538
 Auto vars:     Size  Location     Type
  button          1    0[BANK0 ] enum E4538
 Return value:  Size  Location     Type
                  1    wreg      void 
 Registers used:
		wreg, status,2, status,0
 Tracked objects:
		On entry : 
		On exit  : 
		Unchanged: 
 Data sizes:     COMRAM   BANK0   BANK1   BANK2   BANK3   BANK4   BANK5   BANK6   BANK7
      Params:         0       0       0       0       0       0       0       0       0
      Locals:         0       1       0       0       0       0       0       0       0
      Temps:          0       0       0       0       0       0       0       0       0
      Totals:         0       1       0       0       0       0       0       0       0
Total ram usage:        1 bytes
 Hardware stack levels used:    1
 Hardware stack levels required when called:   10
 This function calls:
		Nothing
 This function is called by:
		_SYSTEM_Initialize
 This function uses a non-reentrant model


 *************** function _ADC_SetConfiguration *****************
 Defined at:
		line 177 in file "../src/master/adc.c"
 Parameters:    Size  Location     Type
  configuratio    1    wreg     enum E33
 Auto vars:     Size  Location     Type
  configuratio    1    0[BANK0 ] enum E33
 Return value:  Size  Location     Type
                  1    wreg      unsigned char 
 Registers used:
		wreg, status,2
 Tracked objects:
		On entry : 
		On exit  : 
		Unchanged: 
 Data sizes:     COMRAM   BANK0   BANK1   BANK2   BANK3   BANK4   BANK5   BANK6   BANK7
      Params:         0       0       0       0       0       0       0       0       0
      Locals:         0       1       0       0       0       0       0       0       0
      Temps:          0       0       0       0       0       0       0       0       0
      Totals:         0       1       0       0       0       0       0       0       0
Total ram usage:        1 bytes
 Hardware stack levels used:    1
 Hardware stack levels required when called:   10
 This function calls:
		Nothing
 This function is called by:
		_SYSTEM_Initialize
 This function uses a non-reentrant model


 *************** function _ADC_Enable *****************
 Defined at:
		line 152 in file "../src/master/adc.c"
 Parameters:    Size  Location     Type
  channel         1    wreg     enum E30
 Auto vars:     Size  Location     Type
  channel         1    0[BANK0 ] enum E30
 Return value:  Size  Location     Type
                  1    wreg      unsigned char 
 Registers used:
		wreg, status,2, status,0
 Tracked objects:
		On entry : 
		On exit  : 
		Unchanged: 
 Data sizes:     COMRAM   BANK0   BANK1   BANK2   BANK3   BANK4   BANK5   BANK6   BANK7
      Params:         0       0       0       0       0       0       0       0       0
      Locals:         0       1       0       0       0       0       0       0       0
      Temps:          0       0       0       0       0       0       0       0       0
      Totals:         0       1       0       0       0       0       0       0       0
Total ram usage:        1 bytes
 Hardware stack levels used:    1
 Hardware stack levels required when called:   10
 This function calls:
		Nothing
 This function is called by:
		_SYSTEM_Initialize
 This function uses a non-reentrant model


 *************** function _APP_tick *****************
 Defined at:
		line 93 in file "../src/master/app_master.c"
 Parameters:    Size  Location     Type
		None
 Auto vars:     Size  Location     Type
  pot             2   11[BANK0 ] unsigned int 
  LeftRight       2    9[BANK0 ] unsigned char [2]
  Right           1    8[BANK0 ] unsigned char 
  Left            1    7[BANK0 ] unsigned char 
 Return value:  Size  Location     Type
                  1    wreg      void 
 Registers used:
		wreg, fsr2l, fsr2h, status,2, status,0, prodl, prodh, cstack
 Tracked objects:
		On entry : 
		On exit  : 
		Unchanged: 
 Data sizes:     COMRAM   BANK0   BANK1   BANK2   BANK3   BANK4   BANK5   BANK6   BANK7
      Params:         0       0       0       0       0       0       0       0       0
      Locals:         0       6       0       0       0       0       0       0       0
      Temps:          0       0       0       0       0       0       0       0       0
      Totals:         0       6       0       0       0       0       0       0       0
Total ram usage:        6 bytes
 Hardware stack levels used:    1
 Hardware stack levels required when called:   11
 This function calls:
		_ADC_Read10bit
		_BUTTON_IsPressed
		_LED_Toggle
		_PWM_R_setPWM1
		_PWM_R_setPWM2
		_SPI_R_putsSPI
		_USBTransferOnePacket
 This function is called by:
		_main
 This function uses a non-reentrant model


 *************** function _USBTransferOnePacket *****************
 Defined at:
		line 1013 in file "../src/master/inc/src/usb_device.c"
 Parameters:    Size  Location     Type
  ep              1    wreg     unsigned char 
  dir             1    0[BANK0 ] unsigned char 
  data            2    1[BANK0 ] PTR unsigned char 
		 -> ToSendDataBuffer(64), ReceivedDataBuffer(64), 
  len             1    3[BANK0 ] unsigned char 
 Auto vars:     Size  Location     Type
  ep              1    4[BANK0 ] unsigned char 
  handle          2    5[BANK0 ] PTR volatile struct __BD
		 -> NULL(0), BDT(32), 
 Return value:  Size  Location     Type
                  2    0[BANK0 ] PTR void 
 Registers used:
		wreg, fsr2l, fsr2h, status,2, status,0, prodl, prodh
 Tracked objects:
		On entry : 
		On exit  : 
		Unchanged: 
 Data sizes:     COMRAM   BANK0   BANK1   BANK2   BANK3   BANK4   BANK5   BANK6   BANK7
      Params:         0       4       0       0       0       0       0       0       0
      Locals:         0       3       0       0       0       0       0       0       0
      Temps:          0       0       0       0       0       0       0       0       0
      Totals:         0       7       0       0       0       0       0       0       0
Total ram usage:        7 bytes
 Hardware stack levels used:    1
 Hardware stack levels required when called:   10
 This function calls:
		Nothing
[...]
		On entry : 
		On exit  : 
		Unchanged: 
 Data sizes:     COMRAM   BANK0   BANK1   BANK2   BANK3   BANK4   BANK5   BANK6   BANK7
      Params:         0       0       0       0       0       0       0       0       0
      Locals:         0       0       0       0       0       0       0       0       0
      Temps:          0       0       0       0       0       0       0       0       0
      Totals:         0       0       0       0       0       0       0       0       0
Total ram usage:        0 bytes
 Hardware stack levels used:    1
 This function calls:
		Nothing
 This function is called by:
		_USER_USB_CALLBACK_EVENT_HANDLER
 This function uses a non-reentrant model


 *************** function _APP_LEDUpdateUSBStatus *****************
 Defined at:
		line 75 in file "../src/master/app_led_usb_status.c"
 Parameters:    Size  Location     Type
		None
 Auto vars:     Size  Location     Type
		None
 Return value:  Size  Location     Type
                  1    wreg      void 
 Registers used:
		wreg, status,2, status,0, cstack
 Tracked objects:
		On entry : 
		On exit  : 
		Unchanged: 
 Data sizes:     COMRAM   BANK0   BANK1   BANK2   BANK3   BANK4   BANK5   BANK6   BANK7
      Params:         0       0       0       0       0       0       0       0       0
      Locals:         0       0       0       0       0       0       0       0       0
      Temps:          0       0       0       0       0       0       0       0       0
      Totals:         0       0       0       0       0       0       0       0       0
Total ram usage:        0 bytes
 Hardware stack levels used:    1
 Hardware stack levels required when called:    1
 This function calls:
		_LED_Off
		_LED_On
 This function is called by:
		_USER_USB_CALLBACK_EVENT_HANDLER
 This function uses a non-reentrant model


 *************** function _LED_On *****************
 Defined at:
		line 96 in file "../src/master/leds.c"
 Parameters:    Size  Location     Type
  led             1    wreg     enum E2
 Auto vars:     Size  Location     Type
  led             1    0[COMRAM] enum E2
 Return value:  Size  Location     Type
                  1    wreg      void 
 Registers used:
		wreg, status,2, status,0
 Tracked objects:
		On entry : 
		On exit  : 
		Unchanged: 
 Data sizes:     COMRAM   BANK0   BANK1   BANK2   BANK3   BANK4   BANK5   BANK6   BANK7
      Params:         0       0       0       0       0       0       0       0       0
      Locals:         1       0       0       0       0       0       0       0       0
      Temps:          0       0       0       0       0       0       0       0       0
      Totals:         1       0       0       0       0       0       0       0       0
Total ram usage:        1 bytes
 Hardware stack levels used:    1
 This function calls:
		Nothing
 This function is called by:
		_APP_LEDUpdateUSBStatus
 This function uses a non-reentrant model


 *************** function _LED_Off *****************
 Defined at:
		line 137 in file "../src/master/leds.c"
 Parameters:    Size  Location     Type
  led             1    wreg     enum E2
 Auto vars:     Size  Location     Type
  led             1    0[COMRAM] enum E2
 Return value:  Size  Location     Type
                  1    wreg      void 
 Registers used:
		wreg, status,2, status,0
 Tracked objects:
		On entry : 
		On exit  : 
		Unchanged: 
 Data sizes:     COMRAM   BANK0   BANK1   BANK2   BANK3   BANK4   BANK5   BANK6   BANK7
      Params:         0       0       0       0       0       0       0       0       0
      Locals:         1       0       0       0       0       0       0       0       0
      Temps:          0       0       0       0       0       0       0       0       0
      Totals:         1       0       0       0       0       0       0       0       0
Total ram usage:        1 bytes
 Hardware stack levels used:    1
 This function calls:
		Nothing
 This function is called by:
		_APP_LEDUpdateUSBStatus
 This function uses a non-reentrant model


 *************** function _APP_DeviceCustomHIDInitialize *****************
 Defined at:
		line 49 in file "../src/master/app_master.c"
 Parameters:    Size  Location     Type
		None
 Auto vars:     Size  Location     Type
		None
 Return value:  Size  Location     Type
                  1    wreg      void 
 Registers used:
		wreg, fsr2l, fsr2h, status,2, status,0, prodl, prodh, cstack
 Tracked objects:
		On entry : 
		On exit  : 
		Unchanged: 
 Data sizes:     COMRAM   BANK0   BANK1   BANK2   BANK3   BANK4   BANK5   BANK6   BANK7
      Params:         0       0       0       0       0       0       0       0       0
      Locals:         0       0       0       0       0       0       0       0       0
      Temps:          0       0       0       0       0       0       0       0       0
      Totals:         0       0       0       0       0       0       0       0       0
Total ram usage:        0 bytes
 Hardware stack levels used:    1
 Hardware stack levels required when called:    2
 This function calls:
		_USBEnableEndpoint
		i2_USBTransferOnePacket
 This function is called by:
		_USER_USB_CALLBACK_EVENT_HANDLER
 This function uses a non-reentrant model


 *************** function i2_USBTransferOnePacket *****************
 Defined at:
		line 1013 in file "../src/master/inc/src/usb_device.c"
 Parameters:    Size  Location     Type
  ep              1    wreg     unsigned char 
  dir             1    0[COMRAM] unsigned char 
  data            2    1[COMRAM] PTR unsigned char 
		 -> ToSendDataBuffer(64), ReceivedDataBuffer(64), 
  len             1    3[COMRAM] unsigned char 
 Auto vars:     Size  Location     Type
  ep              1    4[COMRAM] unsigned char 
  USBTransferO    2    5[COMRAM] PTR volatile struct __BD
		 -> NULL(0), BDT(32), 
 Return value:  Size  Location     Type
                  2    0[COMRAM] PTR void 
 Registers used:
		wreg, fsr2l, fsr2h, status,2, status,0, prodl, prodh
 Tracked objects:
		On entry : 
		On exit  : 
		Unchanged: 
 Data sizes:     COMRAM   BANK0   BANK1   BANK2   BANK3   BANK4   BANK5   BANK6   BANK7
      Params:         4       0       0       0       0       0       0       0       0
      Locals:         3       0       0       0       0       0       0       0       0
      Temps:          0       0       0       0       0       0       0       0       0
      Totals:         7       0       0       0       0       0       0       0       0
Total ram usage:        7 bytes
 Hardware stack levels used:    1
 This function calls:
		Nothing
 This function is called by:
		_APP_DeviceCustomHIDInitialize
 This function uses a non-reentrant model


 *************** function _USBEnableEndpoint *****************
 Defined at:
		line 896 in file "../src/master/inc/src/usb_device.c"
 Parameters:    Size  Location     Type
  ep              1    wreg     unsigned char 
  options         1    8[COMRAM] unsigned char 
 Auto vars:     Size  Location     Type
  ep              1   11[COMRAM] unsigned char 
  p               2    9[COMRAM] PTR unsigned char 
		 -> UEP0(1), 
 Return value:  Size  Location     Type
                  1    wreg      void 
 Registers used:
		wreg, fsr2l, fsr2h, status,2, status,0, prodl, prodh, cstack
 Tracked objects:
		On entry : 
		On exit  : 
		Unchanged: 
 Data sizes:     COMRAM   BANK0   BANK1   BANK2   BANK3   BANK4   BANK5   BANK6   BANK7
      Params:         1       0       0       0       0       0       0       0       0
      Locals:         3       0       0       0       0       0       0       0       0
      Temps:          0       0       0       0       0       0       0       0       0
      Totals:         4       0       0       0       0       0       0       0       0
Total ram usage:        4 bytes
 Hardware stack levels used:    1
 Hardware stack levels required when called:    1
 This function calls:
		_USBConfigureEndpoint
 This function is called by:
		_APP_DeviceCustomHIDInitialize
 This function uses a non-reentrant model


 *************** function _USBConfigureEndpoint *****************
 Defined at:
		line 1561 in file "../src/master/inc/src/usb_device.c"
 Parameters:    Size  Location     Type
  EPNum           1    wreg     unsigned char 
  direction       1    0[COMRAM] unsigned char 
 Auto vars:     Size  Location     Type
  EPNum           1    5[COMRAM] unsigned char 
  handle          2    6[COMRAM] PTR volatile struct __BD
		 -> BDT(32), 
 Return value:  Size  Location     Type
                  1    wreg      void 
 Registers used:
		wreg, fsr2l, fsr2h, status,2, status,0, prodl, prodh
 Tracked objects:
		On entry : 
		On exit  : 
		Unchanged: 
 Data sizes:     COMRAM   BANK0   BANK1   BANK2   BANK3   BANK4   BANK5   BANK6   BANK7
      Params:         1       0       0       0       0       0       0       0       0
      Locals:         3       0       0       0       0       0       0       0       0
      Temps:          4       0       0       0       0       0       0       0       0
      Totals:         8       0       0       0       0       0       0       0       0
Total ram usage:        8 bytes
 Hardware stack levels used:    1
 This function calls:
		Nothing
 This function is called by:
		_USBEnableEndpoint
 This function uses a non-reentrant model


 *************** function _USBCtrlTrfOutHandler *****************
 Defined at:
		line 2555 in file "../src/master/inc/src/usb_device.c"
 Parameters:    Size  Location     Type
		None
 Auto vars:     Size  Location     Type
		None
 Return value:  Size  Location     Type
                  1    wreg      void 
 Registers used:
		wreg, fsr1l, fsr1h, fsr2l, fsr2h, status,2, status,0, prodl, prodh, cstack
 Tracked objects:
		On entry : 
		On exit  : 
		Unchanged: 
 Data sizes:     COMRAM   BANK0   BANK1   BANK2   BANK3   BANK4   BANK5   BANK6   BANK7
      Params:         0       0       0       0       0       0       0       0       0
      Locals:         0       0       0       0       0       0       0       0       0
      Temps:          0       0       0       0       0       0       0       0       0
      Totals:         0       0       0       0       0       0       0       0       0
Total ram usage:        0 bytes
 Hardware stack levels used:    1
 Hardware stack levels required when called:    2
 This function calls:
		_USBCtrlTrfRxService
 This function is called by:
		_USBCtrlEPService
 This function uses a non-reentrant model


 *************** function _USBCtrlTrfRxService *****************
 Defined at:
		line 1870 in file "../src/master/inc/src/usb_device.c"
 Parameters:    Size  Location     Type
		None
 Auto vars:     Size  Location     Type
  byteToRead      1    1[COMRAM] unsigned char 
  i               1    0[COMRAM] unsigned char 
 Return value:  Size  Location     Type
                  1    wreg      void 
 Registers used:
		wreg, fsr1l, fsr1h, fsr2l, fsr2h, status,2, status,0, prodl, prodh, cstack
 Tracked objects:
		On entry : 
		On exit  : 
		Unchanged: 
 Data sizes:     COMRAM   BANK0   BANK1   BANK2   BANK3   BANK4   BANK5   BANK6   BANK7
      Params:         0       0       0       0       0       0       0       0       0
      Locals:         2       0       0       0       0       0       0       0       0
      Temps:          0       0       0       0       0       0       0       0       0
      Totals:         2       0       0       0       0       0       0       0       0
Total ram usage:        2 bytes
 Hardware stack levels used:    1
 Hardware stack levels required when called:    1
 This function calls:
		_USBCtrlEPAllowStatusStage
 This function is called by:
		_USBCtrlTrfOutHandler
 This function uses a non-reentrant model


 *************** function _USBCtrlEPAllowStatusStage *****************
 Defined at:
		line 1434 in file "../src/master/inc/src/usb_device.c"
 Parameters:    Size  Location     Type
		None
 Auto vars:     Size  Location     Type
		None
 Return value:  Size  Location     Type
                  1    wreg      void 
 Registers used:
		wreg, fsr2l, fsr2h, status,2, status,0
 Tracked objects:
		On entry : 
		On exit  : 
		Unchanged: 
 Data sizes:     COMRAM   BANK0   BANK1   BANK2   BANK3   BANK4   BANK5   BANK6   BANK7
      Params:         0       0       0       0       0       0       0       0       0
      Locals:         0       0       0       0       0       0       0       0       0
      Temps:          0       0       0       0       0       0       0       0       0
      Totals:         0       0       0       0       0       0       0       0       0
Total ram usage:        0 bytes
 Hardware stack levels used:    1
 This function calls:
		Nothing
 This function is called by:
		_USBDeviceTasks
		_USBCtrlEPServiceComplete
		_USBCtrlTrfRxService
 This function uses a non-reentrant model


 *************** function _USBCtrlTrfInHandler *****************
 Defined at:
		line 2609 in file "../src/master/inc/src/usb_device.c"
 Parameters:    Size  Location     Type
		None
 Auto vars:     Size  Location     Type
  lastDTS         1    1[COMRAM] unsigned char 
 Return value:  Size  Location     Type
                  1    wreg      void 
 Registers used:
		wreg, fsr0l, fsr0h, fsr2l, fsr2h, status,2, status,0, tblptrl, tblptrh, tblptru, cstack
 Tracked objects:
		On entry : 
		On exit  : 
		Unchanged: 
 Data sizes:     COMRAM   BANK0   BANK1   BANK2   BANK3   BANK4   BANK5   BANK6   BANK7
      Params:         0       0       0       0       0       0       0       0       0
      Locals:         1       0       0       0       0       0       0       0       0
      Temps:          0       0       0       0       0       0       0       0       0
      Totals:         1       0       0       0       0       0       0       0       0
Total ram usage:        1 bytes
 Hardware stack levels used:    1
 Hardware stack levels required when called:    1
 This function calls:
		_USBCtrlTrfTxService
 This function is called by:
		_USBCtrlEPService
 This function uses a non-reentrant model


 *************** function _USBCtrlTrfTxService *****************
 Defined at:
		line 1789 in file "../src/master/inc/src/usb_device.c"
 Parameters:    Size  Location     Type
		None
 Auto vars:     Size  Location     Type
  byteToSend      1    0[COMRAM] unsigned char 
 Return value:  Size  Location     Type
                  1    wreg      void 
 Registers used:
		wreg, fsr0l, fsr0h, fsr2l, fsr2h, status,2, status,0, tblptrl, tblptrh, tblptru
 Tracked objects:
		On entry : 
		On exit  : 
		Unchanged: 
 Data sizes:     COMRAM   BANK0   BANK1   BANK2   BANK3   BANK4   BANK5   BANK6   BANK7
      Params:         0       0       0       0       0       0       0       0       0
      Locals:         1       0       0       0       0       0       0       0       0
      Temps:          0       0       0       0       0       0       0       0       0
      Totals:         1       0       0       0       0       0       0       0       0
Total ram usage:        1 bytes
 Hardware stack levels used:    1
 This function calls:
		Nothing
 This function is called by:
		_USBCtrlEPAllowDataStage
		_USBCtrlTrfInHandler
 This function uses a non-reentrant model



MODULE INFORMATION

Module		Function		Class		Link	Load	Size
C:\Program Files (x86)\Microchip\xc8\v1.36\sources\common\memset.c
		_memset        		CODE           	2494	0000	53

C:\Program Files (x86)\Microchip\xc8\v1.36\sources\common\memset.c estimated size: 53

../src/master/inc/src/usb_device_hid.c
		_USBCheckHIDRequest		CODE           	1554	0000	219

../src/master/inc/src/usb_device_hid.c estimated size: 219

../src/master/system.c
		_SYS_InterruptHigh		CODE           	0008	0000	129
		_SYSTEM_Initialize		CODE           	20A6	0000	81

../src/master/system.c estimated size: 210

../src/master/spi_r.c
		_SPI_R_OpenSPI 		CODE           	1F40	0000	97
		_SPI_R_putsSPI 		CODE           	25DE	0000	41

../src/master/spi_r.c estimated size: 138

../src/master/app_master.c
		_APP_tick      		CODE           	0B44	0000	363
		_APP_iddle     		CODE           	1706	0000	217
		_APP_DeviceCustomHIDInitialize		CODE           	245E	0000	55

../src/master/app_master.c estimated size: 635

C:\Program Files (x86)\Microchip\xc8\v1.36\sources\common\memcpy.c
		_memcpy        		CODE           	2218	0000	65

C:\Program Files (x86)\Microchip\xc8\v1.36\sources\common\memcpy.c estimated size: 65

../src/master/inc/src/usb_device.c
		_USBCtrlTrfInHandler		CODE           	1A28	0000	183
		_USBTransferOnePacket		CODE           	162E	0000	217
		_USBDeviceAttach		CODE           	24FC	0000	49
		_USBStdGetDscHandler		CODE           	1080	0000	289
		_USBCtrlEPAllowDataStage		CODE           	1B8C	0000	155
		_USBStdFeatureReqHandler		CODE           	08C8	0000	637
		_USBCtrlEPAllowStatusStage		CODE           	18AC	0000	195
		_USBCtrlTrfSetupHandler		CODE           	1D4A	0000	133
		_USBCtrlTrfOutHandler		CODE           	1FA0	0000	93
		_USBCtrlEPServiceComplete		CODE           	12AC	0000	243
		_USBSuspend    		CODE           	255A	0000	47
		_USBStdSetCfgHandler		CODE           	139E	0000	221
		_USBStdGetStatusHandler		CODE           	1ADE	0000	175
		_USBWakeFromSuspend		CODE           	24C8	0000	53
		_USBCtrlTrfRxService		CODE           	11A0	0000	269
		_USBCtrlTrfTxService		CODE           	17DE	0000	207
		_USBEnableEndpoint		CODE           	230C	0000	61
		_USBConfigureEndpoint		CODE           	1C26	0000	149
		_USBDeviceInit 		CODE           	0CAE	0000	355
		_USBIncrement1msInternalTimers		CODE           	2652	0000	39
		_USBCtrlEPService		CODE           	1CBA	0000	145
		_USBStallHandler		CODE           	21D6	0000	67
		_USBDeviceTasks		CODE           	0F54	0000	301
		_USBCheckStdRequest		CODE           	147A	0000	219

../src/master/inc/src/usb_device.c estimated size: 4502

../src/master/pwm_r.c
		_PWM_R_setPWM1 		CODE           	2142	0000	77
		_PWM_R_setPWM2 		CODE           	20F6	0000	77
		_PWM_R_OpenPWM 		CODE           	252C	0000	47

../src/master/pwm_r.c estimated size: 201

../src/master/adc.c
		_ADC_Enable    		CODE           	26FC	0000	23
		_ADC_SetConfiguration		CODE           	269C	0000	35
		_ADC_Read10bit 		CODE           	2052	0000	85

../src/master/adc.c estimated size: 143

../src/master/leds.c
		_LED_Off       		CODE           	2428	0000	55
		_LED_On        		CODE           	23F2	0000	55
		_LED_Enable    		CODE           	2348	0000	59
		_LED_Toggle    		CODE           	2382	0000	59

../src/master/leds.c estimated size: 228

../src/master/buttons.c
		_BUTTON_IsPressed		CODE           	2258	0000	61
		_BUTTON_Enable 		CODE           	262C	0000	39

../src/master/buttons.c estimated size: 100

shared
		_configDescriptor1		SMALLCONST     	086B	0000	42
		_USB_CD_Ptr    		SMALLCONST     	0807	0000	3
		_sd001         		SMALLCONST     	0809	0000	53
		i2_ADC_Enable  		CODE           	2712	0000	19
		i2_BUTTON_Enable		CODE           	26BE	0000	35
		i2_ADC_SetConfiguration		CODE           	26E0	0000	29
		i2_SPI_R_OpenSPI		CODE           	1FFC	0000	87
		_sd002         		SMALLCONST     	083D	0000	47
		i2_USBDeviceInit		CODE           	0E10	0000	325
		i2_PWM_R_setPWM1		CODE           	22D0	0000	61
		i2_PWM_R_setPWM2		CODE           	2294	0000	61
		i2_PWM_R_OpenPWM		CODE           	25B4	0000	43
		__initialization		CODE           	2606	0000	25
		_device_dsc    		SMALLCONST     	08B1	0000	19
		i2_SYSTEM_Initialize		CODE           	218E	0000	73
		_USB_SD_Ptr    		SMALLCONST     	0801	0000	7
		i2_LED_Enable  		CODE           	23BC	0000	55
		_hid_rpt01     		SMALLCONST     	0894	0000	30
		i2_memset      		CODE           	2588	0000	45
		_sd000         		SMALLCONST     	08C3	0000	5
		i2_USBTransferOnePacket		CODE           	196E	0000	187

shared estimated size: 1251

../src/master/app_led_usb_status.c
		_APP_LEDUpdateUSBStatus		CODE           	1DCE	0000	131

../src/master/app_led_usb_status.c estimated size: 131

../src/master/main.c
		_main          		CODE           	2678	0000	37
		_USER_USB_CALLBACK_EVENT_HANDLER		CODE           	1E50	0000	127

../src/master/main.c estimated size: 164

