Microchip MPLAB XC8 Compiler V1.36 ()

Linker command line:

--edf=C:\Program Files (x86)\Microchip\xc8\v1.36\dat\en_msgs.txt -cs \
  -h+dist/coptercontrol_master/production\FW_18F2550_master.X.production.sym \
  --cmf=dist/coptercontrol_master/production\FW_18F2550_master.X.production.cmf \
  -z -Q18F2550 -oC:\Users\roberto\AppData\Local\Temp\s2e0.2 \
  -Mdist/coptercontrol_master/production/FW_18F2550_master.X.production.map \
  -E1 -ver=XC8 -ASTACK=085h-03ffh -pstack=STACK -ACODE=00h-07FFFh \
  -ACONST=00h-07FFFh -ASMALLCONST=0800h-08FFhx120 \
  -AMEDIUMCONST=0800h-07FFFh -ACOMRAM=01h-05Fh -AABS1=00h-07FFh \
  -ABIGRAM=01h-07FFh -ARAM=060h-0FFh,0100h-01FFhx7 -ABANK0=060h-0FFh \
  -ABANK1=0100h-01FFh -ABANK2=0200h-02FFh -ABANK3=0300h-03FFh \
  -ABANK4=0400h-04FFh -ABANK5=0500h-05FFh -ABANK6=0600h-06FFh \
  -ABANK7=0700h-07FFh -ASFR=0F60h-0FFFh \
  -preset_vec=00h,intcode=08h,intcodelo,powerup,init,end_init \
  -pramtop=0800h -psmallconst=SMALLCONST -pmediumconst=MEDIUMCONST \
  -pconst=CONST -AFARRAM=00h-00h -ACONFIG=0300000h-030000Dh -pconfig=CONFIG \
  -AIDLOC=0200000h-0200007h -pidloc=IDLOC -AEEDATA=0F00000h-0F000FFh \
  -peeprom_data=EEDATA \
  -prdata=COMRAM,nvrram=COMRAM,nvbit=COMRAM,rbss=COMRAM,rbit=COMRAM \
  -pfarbss=FARRAM,fardata=FARRAM,nvFARRAM=FARRAM \
  -pintsave_regs=BIGRAM,bigbss=BIGRAM,bigdata=BIGRAM -pbss=RAM \
  -pidata=CODE,irdata=CODE,ibigdata=CODE,ifardata=CODE -prparam=COMRAM \
  C:\Users\roberto\AppData\Local\Temp\s2e0.obj \
  dist/coptercontrol_master/production\FW_18F2550_master.X.production.obj 

Object code version is 3.11

Machine type is 18F2550

Call graph: (short form)




                Name                               Link     Load   Length Selector   Space Scale
C:\Users\roberto\AppData\Local\Temp\s2e0.obj
                end_init                             16       16        4        4       0
                reset_vec                             0        0        4        0       0
                idloc                            200000   200000        8   200000       0
                config                           300000   300000        E   300000       0
dist/coptercontrol_master/production\FW_18F2550_master.X.production.obj
                intcode                               8        8        E        4       0
                temp                                 56       56        1        1       1
                smallconst                          800      800       C8      400       0
                text46                             1664     1664       CE      464       0
                text45                             18AE     18AE       B6      464       0
                text44                             1732     1732       C2      464       0
                text43                             102E     102E      10C      464       0
                text42                             1EF8     1EF8       5C      464       0
                text41                             1AA6     1AA6       94      464       0
                text40                             213C     213C       3C      464       0
                text39                             17F4     17F4       BA      464       0
                text38                             2178     2178       36      464       0
                text37                             13E0     13E0       DA      464       0
                text36                             2100     2100       3C      464       0
                text35                             20C4     20C4       3C      464       0
                text34                             2276     2276       2E      464       0
                text33                             1F54     1F54       56      464       0
                text32                             1E30     1E30       68      464       0
                text31                             1DC0     1DC0       70      464       0
                text30                              8C8      8C8      27C      464       0
                text29                              F0E      F0E      120      464       0
                text28                             1964     1964       AA      464       0
                text27                             22D0     22D0       2C      464       0
                text26                             122A     122A       DC      464       0
                text25                             1306     1306       DA      464       0
                text24                             1A0E     1A0E       98      464       0
                text23                             113A     113A       F0      464       0
                text22                             1C52     1C52       82      464       0
                text21                             2084     2084       40      464       0
                text20                             1B3A     1B3A       90      464       0
                text19                             236E     236E       20      464       0
                text18                             2042     2042       42      464       0
                text17                             22A4     22A4       2C      464       0
                text16                             2214     2214       32      464       0
                text15                              CA2      CA2      140      464       0
                text14                              DE2      DE2      12C      464       0
                intcode_body                       1D4E     1D4E       72      464       0
                text12                             1FF6     1FF6       4C      464       0
                text11                             1FAA     1FAA       4C      464       0
                text10                             22FC     22FC       28      464       0
                text9                              1592     1592       D2      464       0
                text8                              14BA     14BA       D8      464       0
                text7                              1BCA     1BCA       88      464       0
                text6                              21E2     21E2       32      464       0
                text5                              1E98     1E98       60      464       0
                text4                              1CD4     1CD4       7A      464       0
                text3                              2246     2246       30      464       0
                text2                              21AE     21AE       34      464       0
                text1                               B44      B44      15E      464       0
                text0                              234A     234A       24      464       0
                cstackCOMRAM                         2C       2C       2A        1       1
                cstackBANK0                          7C       7C        9       60       1
                bssBANK0                             60       60       1C       60       1
                bssCOMRAM                             1        1       2B        1       1
                cinit                              2324     2324       26      464       0

TOTAL           Name                               Link     Load   Length     Space
        CLASS   STACK          

        CLASS   CODE           
                end_init                             16       16        4         0
                intcode                               8        8        E         0
                reset_vec                             0        0        4         0
                text46                             1664     1664       CE         0
                text45                             18AE     18AE       B6         0
                text44                             1732     1732       C2         0
                text43                             102E     102E      10C         0
                text42                             1EF8     1EF8       5C         0
                text41                             1AA6     1AA6       94         0
                text40                             213C     213C       3C         0
                text39                             17F4     17F4       BA         0
                text38                             2178     2178       36         0
                text37                             13E0     13E0       DA         0
                text36                             2100     2100       3C         0
                text35                             20C4     20C4       3C         0
                text34                             2276     2276       2E         0
                text33                             1F54     1F54       56         0
                text32                             1E30     1E30       68         0
                text31                             1DC0     1DC0       70         0
                text30                              8C8      8C8      27C         0
                text29                              F0E      F0E      120         0
                text28                             1964     1964       AA         0
                text27                             22D0     22D0       2C         0
                text26                             122A     122A       DC         0
                text25                             1306     1306       DA         0
                text24                             1A0E     1A0E       98         0
                text23                             113A     113A       F0         0
                text22                             1C52     1C52       82         0
                text21                             2084     2084       40         0
                text20                             1B3A     1B3A       90         0
                text19                             236E     236E       20         0
                text18                             2042     2042       42         0
                text17                             22A4     22A4       2C         0
                text16                             2214     2214       32         0
                text15                              CA2      CA2      140         0
                text14                              DE2      DE2      12C         0
                intcode_body                       1D4E     1D4E       72         0
                text12                             1FF6     1FF6       4C         0
                text11                             1FAA     1FAA       4C         0
                text10                             22FC     22FC       28         0
                text9                              1592     1592       D2         0
                text8                              14BA     14BA       D8         0
                text7                              1BCA     1BCA       88         0
                text6                              21E2     21E2       32         0
                text5                              1E98     1E98       60         0
                text4                              1CD4     1CD4       7A         0
                text3                              2246     2246       30         0
                text2                              21AE     21AE       34         0
                text1                               B44      B44      15E         0
                text0                              234A     234A       24         0
                cinit                              2324     2324       26         0

        CLASS   CONST          

        CLASS   SMALLCONST     
                smallconst                          800      800       C8         0

        CLASS   MEDIUMCONST    

        CLASS   COMRAM         
                temp                                 56       56        1         1
                cstackCOMRAM                         2C       2C       2A         1
                bssCOMRAM                             1        1       2B         1

        CLASS   ABS1           
                abs_s1                              400      400       30         1
                abs_s1                              500      500       80         1

        CLASS   BIGRAM         

        CLASS   RAM            

        CLASS   BANK0          
                cstackBANK0                          7C       7C        9         1
                bssBANK0                             60       60       1C         1

        CLASS   BANK1          

        CLASS   BANK2          

        CLASS   BANK3          

        CLASS   BANK4          

        CLASS   BANK5          

        CLASS   BANK6          

        CLASS   BANK7          

        CLASS   SFR            

        CLASS   FARRAM         

        CLASS   CONFIG         
                config                           300000   300000        E         0

        CLASS   IDLOC          
                idloc                            200000   200000        8         0

        CLASS   EEDATA         



SEGMENTS        Name                           Load    Length   Top    Selector   Space  Class

                reset_vec                      000000  000004  000004         0       0  CODE    
                bssCOMRAM                      000001  000056  000057         1       1  COMRAM  
                intcode                        000008  000012  00001A         4       0  CODE    
                bssBANK0                       000060  000025  000085        60       1  BANK0   
                smallconst                     000800  0000C8  0008C8       400       0  SMALLCON
                text30                         0008C8  001AC6  00238E       464       0  CODE    
                idloc                          200000  000008  200008    200000       0  IDLOC   
                config                         300000  00000E  30000E    300000       0  CONFIG  


UNUSED ADDRESS RANGES

        Name                Unused          Largest block    Delta
        BANK0            000085-0000FF               7B
        BANK1            000100-0001FF              100
        BANK2            000200-0002FF              100
        BANK3            000300-0003FF              100
        BANK4            000430-0004FF               D0
        BANK5            000580-0005FF               80
        BANK6            000600-0006FF              100
        BANK7            000700-0007FF              100
        BIGRAM           000057-00005F                9
                         000085-0003FF              37B
                         000430-0004FF               D0
                         000580-0007FF              280
        CODE             000004-000007                4
                         00001A-0007FF              7E6
                         00238E-007FFF             5C72
        COMRAM           000057-00005F                9
        CONST            000004-000007                4
                         00001A-0007FF              7E6
                         00238E-007FFF             5C72
        EEDATA           F00000-F000FF              100
        MEDIUMCONST      00238E-007FFF             5C72
        RAM              000085-0003FF              100
                         000430-0004FF               D0
                         000580-0007FF              100
        SFR              000F60-000FFF               A0
        SMALLCONST       00238E-007FFF              100
        STACK            000085-0003FF              37B

                                  Symbol Table

?_USBTransferOnePacket                    cstackBANK0  00007C
?i2_USBTransferOnePacket                  cstackCOMRAM 00002C
APP_iddle@n                               cstackBANK0  000080
PWM_R_setPWM1@val                         cstackBANK0  00007C
PWM_R_setPWM2@val                         cstackBANK0  00007C
SPI_R_OpenSPI@bus_mode                    cstackBANK0  00007C
SPI_R_OpenSPI@smp_phase                   cstackBANK0  00007D
SPI_R_OpenSPI@sync_mode                   cstackBANK0  00007E
SPI_R_putsSPI@wrptr                       cstackBANK0  00007C
SYSTEM_Initialize@n                       cstackBANK0  000081
SYSTEM_Initialize@state                   cstackBANK0  000080
USBConfigureEndpoint@EPNum                cstackCOMRAM 000031
USBConfigureEndpoint@direction            cstackCOMRAM 00002C
USBConfigureEndpoint@handle               cstackCOMRAM 000032
USBCtrlTrfInHandler@lastDTS               cstackCOMRAM 00002D
USBCtrlTrfRxService@byteToRead            cstackCOMRAM 00002D
USBCtrlTrfRxService@i                     cstackCOMRAM 00002C
USBCtrlTrfTxService@byteToSend            cstackCOMRAM 00002C
USBDeviceInit@i                           cstackBANK0  000084
USBDeviceTasks@i                          cstackCOMRAM 000047
USBEnableEndpoint@ep                      cstackCOMRAM 000037
USBEnableEndpoint@options                 cstackCOMRAM 000034
USBEnableEndpoint@p                       cstackCOMRAM 000035
USBStdFeatureReqHandler@current_ep_data   cstackCOMRAM 000043
USBStdFeatureReqHandler@p                 cstackCOMRAM 000044
USBStdFeatureReqHandler@pUEP              cstackCOMRAM 000041
USBStdGetStatusHandler@p                  cstackCOMRAM 00002D
USBStdSetCfgHandler@i                     cstackCOMRAM 000040
USBTransferOnePacket@data                 cstackBANK0  00007D
USBTransferOnePacket@dir                  cstackBANK0  00007C
USBTransferOnePacket@ep                   cstackBANK0  000080
USBTransferOnePacket@handle               cstackBANK0  000081
USBTransferOnePacket@len                  cstackBANK0  00007F
USER_USB_CALLBACK_EVENT_HANDLER@event     cstackCOMRAM 000038
USER_USB_CALLBACK_EVENT_HANDLER@pdata     cstackCOMRAM 00003A
USER_USB_CALLBACK_EVENT_HANDLER@size      cstackCOMRAM 00003C
_ADCON0                                   (abs)        000FC2
_ADCON0bits                               (abs)        000FC2
_ADCON1bits                               (abs)        000FC1
_ADCON2                                   (abs)        000FC0
_ADCON2bits                               (abs)        000FC0
_ADRESH                                   (abs)        000FC4
_ADRESL                                   (abs)        000FC3
_APP_DeviceCustomHIDInitialize            text38       002178
_APP_iddle                                text9        001592
_APP_tick                                 text7        001BCA
_BDT                                      (abs)        000400
_BothEP0OutUOWNsSet                       bssCOMRAM    00001B
_CCP1CONbits                              (abs)        000FBD
_CCP1M2                                   (abs)        007DEA
_CCP1M3                                   (abs)        007DEB
_CCP2CONbits                              (abs)        000FBA
_CCP2M2                                   (abs)        007DD2
_CCP2M3                                   (abs)        007DD3
_CCPR1L                                   (abs)        000FBE
_CCPR2L                                   (abs)        000FBB
_CtrlTrfData                              (abs)        000428
_INTCONbits                               (abs)        000FF2
_IPR2bits                                 (abs)        000FA2
_LATA                                     (abs)        000F89
_LATB                                     (abs)        000F8A
_LATBbits                                 (abs)        000F8A
_Left                                     bssBANK0     000076
_LeftRight                                bssBANK0     000078
_PIE2bits                                 (abs)        000FA0
_PIR1bits                                 (abs)        000F9E
_PIR2bits                                 (abs)        000FA1
_PR2                                      (abs)        000FCB
_PWM_R_OpenPWM                            text6        0021E2
_PWM_R_setPWM1                            text12       001FF6
_PWM_R_setPWM2                            text11       001FAA
_RCONbits                                 (abs)        000FD0
_ReceivedDataBuffer                       (abs)        000500
_RemoteWakeup                             bssCOMRAM    00001C
_Right                                    bssBANK0     000077
_SPI_R_OpenSPI                            text5        001E98
_SPI_R_putsSPI                            text10       0022FC
_SSPBUF                                   (abs)        000FC9
_SSPCON1                                  (abs)        000FC6
_SSPCON1bits                              (abs)        000FC6
_SSPSTAT                                  (abs)        000FC7
_SSPSTATbits                              (abs)        000FC7
_SYSTEM_Initialize                        text4        001CD4
_SYS_InterruptHigh                        intcode      000008
_SetupPkt                                 (abs)        000420
_T2CKPS0                                  (abs)        007E50
_T2CKPS1                                  (abs)        007E51
_TMR2ON                                   (abs)        007E52
_TRISA                                    (abs)        000F92
_TRISAbits                                (abs)        000F92
_TRISB                                    (abs)        000F93
_TRISBbits                                (abs)        000F93
_TRISCbits                                (abs)        000F94
_ToSendDataBuffer                         (abs)        000540
_UADDR                                    (abs)        000F6E
_UCFG                                     (abs)        000F6F
_UCON                                     (abs)        000F6D
_UCONbits                                 (abs)        000F6D
_UEIE                                     (abs)        000F6B
_UEIR                                     (abs)        000F6A
_UEP0                                     (abs)        000F70
_UEP0bits                                 (abs)        000F70
_UEP1                                     (abs)        000F71
_UIE                                      (abs)        000F69
_UIEbits                                  (abs)        000F69
_UIR                                      (abs)        000F68
_UIRbits                                  (abs)        000F68
_USB1msTickCount                          bssBANK0     000060
_USBActiveConfiguration                   bssCOMRAM    000029
_USBAlternateInterface                    bssCOMRAM    00002A
_USBBusIsSuspended                        bssCOMRAM    00001D
_USBCheckHIDRequest                       text37       0013E0
_USBCheckStdRequest                       text25       001306
_USBConfigureEndpoint                     text41       001AA6
_USBCtrlEPAllowDataStage                  text24       001A0E
_USBCtrlEPAllowStatusStage                text44       001732
_USBCtrlEPService                         text20       001B3A
_USBCtrlEPServiceComplete                 text23       00113A
_USBCtrlTrfInHandler                      text45       0018AE
_USBCtrlTrfOutHandler                     text42       001EF8
_USBCtrlTrfRxService                      text43       00102E
_USBCtrlTrfSetupHandler                   text22       001C52
_USBCtrlTrfTxService                      text46       001664
_USBDeferINDataStagePackets               bssCOMRAM    00001E
_USBDeferOUTDataStagePackets              bssCOMRAM    00001F
_USBDeferStatusStagePacket                bssCOMRAM    000020
_USBDeviceAttach                          text3        002246
_USBDeviceInit                            text1        000B44
_USBDeviceState                           bssCOMRAM    000021
_USBDeviceTasks                           text14       000DE2
_USBEnableEndpoint                        text40       00213C
_USBInHandle                              bssBANK0     000068
_USBIncrement1msInternalTimers            text19       00236E
_USBOutHandle                             bssBANK0     00006A
_USBStallHandler                          text18       002042
_USBStatusStageEnabledFlag1               bssCOMRAM    000022
_USBStatusStageEnabledFlag2               bssCOMRAM    000023
_USBStatusStageTimeoutCounter             bssCOMRAM    000024
_USBStdFeatureReqHandler                  text30       0008C8
_USBStdGetDscHandler                      text29       000F0E
_USBStdGetStatusHandler                   text28       001964
_USBStdSetCfgHandler                      text26       00122A
_USBSuspend                               text17       0022A4
_USBTicksSinceSuspendEnd                  bssCOMRAM    000025
_USBTransferOnePacket                     text8        0014BA
_USBWakeFromSuspend                       text16       002214
_USB_CD_Ptr                               smallconst   000807
_USB_SD_Ptr                               smallconst   000801
_USER_USB_CALLBACK_EVENT_HANDLER          text31       001DC0
_USTAT                                    (abs)        000F6C
_USTATcopy                                bssCOMRAM    00002B
__CFG_BOR$ON                              (abs)        000000
__CFG_BORV$3                              (abs)        000000
__CFG_CP0$OFF                             (abs)        000000
__CFG_CP1$OFF                             (abs)        000000
__CFG_CPB$OFF                             (abs)        000000
__CFG_CPUDIV$OSC1_PLL2                    (abs)        000000
__CFG_EBTR0$OFF                           (abs)        000000
__CFG_EBTR1$OFF                           (abs)        000000
__CFG_EBTRB$OFF                           (abs)        000000
__CFG_FCMEN$OFF                           (abs)        000000
__CFG_FOSC$XTPLL_XT                       (abs)        000000
__CFG_IESO$OFF                            (abs)        000000
__CFG_LPT1OSC$OFF                         (abs)        000000
__CFG_LVP$OFF                             (abs)        000000
__CFG_MCLRE$ON                            (abs)        000000
__CFG_PBADEN$OFF                          (abs)        000000
__CFG_PLLDIV$1                            (abs)        000000
__CFG_PWRT$OFF                            (abs)        000000
__CFG_STVREN$ON                           (abs)        000000
__CFG_USBDIV$2                            (abs)        000000
__CFG_VREGEN$ON                           (abs)        000000
__CFG_WDT$OFF                             (abs)        000000
__CFG_WDTPS$32768                         (abs)        000000
__CFG_WRT0$OFF                            (abs)        000000
__CFG_WRT1$OFF                            (abs)        000000
__CFG_WRTB$OFF                            (abs)        000000
__CFG_WRTC$OFF                            (abs)        000000
__CFG_XINST$OFF                           (abs)        000000
__HRAM                                    (abs)        000000
__Habs1                                   abs1         000000
__Hbank0                                  bank0        000000
__Hbank1                                  bank1        000000
__Hbank2                                  bank2        000000
__Hbank3                                  bank3        000000
__Hbank4                                  bank4        000000
__Hbank5                                  bank5        000000
__Hbank6                                  bank6        000000
__Hbank7                                  bank7        000000
__Hbigbss                                 bigbss       000000
__Hbigdata                                bigdata      000000
__Hbigram                                 bigram       000000
__Hbss                                    bss          000000
__HbssBANK0                               bssBANK0     000000
__HbssCOMRAM                              bssCOMRAM    000000
__Hcinit                                  cinit        000000
__Hclrtext                                clrtext      000000
__Hcomram                                 comram       000000
__Hconfig                                 config       30000E
__Hconst                                  const        000000
__HcstackBANK0                            cstackBANK0  000000
__HcstackCOMRAM                           cstackCOMRAM 000000
__Hdata                                   data         000000
__Heeprom_data                            eeprom_data  000000
__Hend_init                               end_init     00001A
__Hfarbss                                 farbss       000000
__Hfardata                                fardata      000000
__Hibigdata                               ibigdata     000000
__Hidata                                  idata        000000
__Hidloc                                  idloc        200008
__Hifardata                               ifardata     000000
__Hinit                                   init         000016
__Hintcode                                intcode      000016
__Hintcode_body                           intcode_body 000000
__Hintcodelo                              intcodelo    000016
__Hintentry                               intentry     000000
__Hintret                                 intret       000000
__Hintsave_regs                           intsave_regs 000000
__Hirdata                                 irdata       000000
__Hmediumconst                            mediumconst  000000
__HnvFARRAM                               nvFARRAM     000000
__Hnvbit                                  nvbit        000000
__Hnvrram                                 nvrram       000000
__Hparam                                  rparam       000000
__Hpowerup                                powerup      000016
__Hram                                    ram          000000
__Hramtop                                 ramtop       000800
__Hrbit                                   rbit         000000
__Hrbss                                   rbss         000000
__Hrdata                                  rdata        000000
__Hreset_vec                              reset_vec    000004
__Hrparam                                 rparam       000000
__Hsfr                                    sfr          000000
__Hsmallconst                             smallconst   0008C8
__Hspace_0                                (abs)        30000E
__Hspace_1                                (abs)        000085
__Hspace_2                                (abs)        000000
__Hstack                                  stack        000000
__Hstruct                                 struct       000000
__Htemp                                   temp         000057
__Htext                                   text         000000
__Htext0                                  text0        000000
__Htext1                                  text1        000000
__Htext10                                 text10       000000
__Htext11                                 text11       000000
__Htext12                                 text12       000000
__Htext14                                 text14       000000
__Htext15                                 text15       000000
__Htext16                                 text16       000000
__Htext17                                 text17       000000
__Htext18                                 text18       000000
__Htext19                                 text19       000000
__Htext2                                  text2        000000
__Htext20                                 text20       000000
__Htext21                                 text21       000000
__Htext22                                 text22       000000
__Htext23                                 text23       000000
__Htext24                                 text24       000000
__Htext25                                 text25       000000
__Htext26                                 text26       000000
__Htext27                                 text27       000000
__Htext28                                 text28       000000
__Htext29                                 text29       000000
__Htext3                                  text3        000000
__Htext30                                 text30       000000
__Htext31                                 text31       000000
__Htext32                                 text32       000000
__Htext33                                 text33       000000
__Htext34                                 text34       000000
__Htext35                                 text35       000000
__Htext36                                 text36       000000
__Htext37                                 text37       000000
__Htext38                                 text38       000000
__Htext39                                 text39       000000
__Htext4                                  text4        000000
__Htext40                                 text40       000000
__Htext41                                 text41       000000
__Htext42                                 text42       000000
__Htext43                                 text43       000000
__Htext44                                 text44       000000
__Htext45                                 text45       000000
__Htext46                                 text46       000000
__Htext5                                  text5        000000
__Htext6                                  text6        000000
__Htext7                                  text7        000000
__Htext8                                  text8        000000
__Htext9                                  text9        000000
__LRAM                                    (abs)        000001
__Labs1                                   abs1         000000
__Lbank0                                  bank0        000000
__Lbank1                                  bank1        000000
__Lbank2                                  bank2        000000
__Lbank3                                  bank3        000000
__Lbank4                                  bank4        000000
__Lbank5                                  bank5        000000
__Lbank6                                  bank6        000000
__Lbank7                                  bank7        000000
__Lbigbss                                 bigbss       000000
__Lbigdata                                bigdata      000000
__Lbigram                                 bigram       000000
__Lbss                                    bss          000000
__LbssBANK0                               bssBANK0     000000
__LbssCOMRAM                              bssCOMRAM    000000
__Lcinit                                  cinit        000000
__Lclrtext                                clrtext      000000
__Lcomram                                 comram       000000
__Lconfig                                 config       300000
__Lconst                                  const        000000
__LcstackBANK0                            cstackBANK0  000000
__LcstackCOMRAM                           cstackCOMRAM 000000
__Ldata                                   data         000000
__Leeprom_data                            eeprom_data  000000
__Lend_init                               end_init     000016
__Lfarbss                                 farbss       000000
__Lfardata                                fardata      000000
__Libigdata                               ibigdata     000000
__Lidata                                  idata        000000
__Lidloc                                  idloc        200000
__Lifardata                               ifardata     000000
__Linit                                   init         000016
__Lintcode                                intcode      000008
__Lintcode_body                           intcode_body 000000
__Lintcodelo                              intcodelo    000016
__Lintentry                               intentry     000000
__Lintret                                 intret       000000
__Lintsave_regs                           intsave_regs 000000
__Lirdata                                 irdata       000000
__Lmediumconst                            mediumconst  000000
__LnvFARRAM                               nvFARRAM     000000
__Lnvbit                                  nvbit        000000
__Lnvrram                                 nvrram       000000
__Lparam                                  rparam       000000
__Lpowerup                                powerup      000016
__Lram                                    ram          000000
__Lramtop                                 ramtop       000800
__Lrbit                                   rbit         000000
__Lrbss                                   rbss         000000
__Lrdata                                  rdata        000000
__Lreset_vec                              reset_vec    000000
__Lrparam                                 rparam       000000
__Lsfr                                    sfr          000000
__Lsmallconst                             smallconst   000800
__Lspace_0                                (abs)        000000
__Lspace_1                                (abs)        000000
__Lspace_2                                (abs)        000000
__Lstack                                  stack        000000
__Lstruct                                 struct       000000
__Ltemp                                   temp         000056
__Ltext                                   text         000000
__Ltext0                                  text0        000000
__Ltext1                                  text1        000000
__Ltext10                                 text10       000000
__Ltext11                                 text11       000000
__Ltext12                                 text12       000000
__Ltext14                                 text14       000000
__Ltext15                                 text15       000000
__Ltext16                                 text16       000000
__Ltext17                                 text17       000000
__Ltext18                                 text18       000000
__Ltext19                                 text19       000000
__Ltext2                                  text2        000000
__Ltext20                                 text20       000000
__Ltext21                                 text21       000000
__Ltext22                                 text22       000000
__Ltext23                                 text23       000000
__Ltext24                                 text24       000000
__Ltext25                                 text25       000000
__Ltext26                                 text26       000000
__Ltext27                                 text27       000000
__Ltext28                                 text28       000000
__Ltext29                                 text29       000000
__Ltext3                                  text3        000000
__Ltext30                                 text30       000000
__Ltext31                                 text31       000000
__Ltext32                                 text32       000000
__Ltext33                                 text33       000000
__Ltext34                                 text34       000000
__Ltext35                                 text35       000000
__Ltext36                                 text36       000000
__Ltext37                                 text37       000000
__Ltext38                                 text38       000000
__Ltext39                                 text39       000000
__Ltext4                                  text4        000000
__Ltext40                                 text40       000000
__Ltext41                                 text41       000000
__Ltext42                                 text42       000000
__Ltext43                                 text43       000000
__Ltext44                                 text44       000000
__Ltext45                                 text45       000000
__Ltext46                                 text46       000000
__Ltext5                                  text5        000000
__Ltext6                                  text6        000000
__Ltext7                                  text7        000000
__Ltext8                                  text8        000000
__Ltext9                                  text9        000000
__S0                                      (abs)        30000E
__S1                                      (abs)        000085
__S2                                      (abs)        000000
___inthi_sp                               stack        000000
___intlo_sp                               stack        000000
___param_bank                             (abs)        000010
___rparam_used                            (abs)        000001
___sp                                     stack        000000
__accesstop                               (abs)        000060
__activetblptr                            (abs)        000002
__end_of_APP_DeviceCustomHIDInitialize    text38       0021AE
__end_of_APP_iddle                        text9        001664
__end_of_APP_tick                         text7        001C52
__end_of_PWM_R_OpenPWM                    text6        002214
__end_of_PWM_R_setPWM1                    text12       002042
__end_of_PWM_R_setPWM2                    text11       001FF6
__end_of_SPI_R_OpenSPI                    text5        001EF8
__end_of_SPI_R_putsSPI                    text10       002324
__end_of_SYSTEM_Initialize                text4        001D4E
__end_of_SYS_InterruptHigh                intcode_body 001DC0
__end_of_USBCheckHIDRequest               text37       0014BA
__end_of_USBCheckStdRequest               text25       0013E0
__end_of_USBConfigureEndpoint             text41       001B3A
__end_of_USBCtrlEPAllowDataStage          text24       001AA6
__end_of_USBCtrlEPAllowStatusStage        text44       0017F4
__end_of_USBCtrlEPService                 text20       001BCA
__end_of_USBCtrlEPServiceComplete         text23       00122A
__end_of_USBCtrlTrfInHandler              text45       001964
__end_of_USBCtrlTrfOutHandler             text42       001F54
__end_of_USBCtrlTrfRxService              text43       00113A
__end_of_USBCtrlTrfSetupHandler           text22       001CD4
__end_of_USBCtrlTrfTxService              text46       001732
__end_of_USBDeviceAttach                  text3        002276
__end_of_USBDeviceInit                    text1        000CA2
__end_of_USBDeviceTasks                   text14       000F0E
__end_of_USBEnableEndpoint                text40       002178
__end_of_USBIncrement1msInternalTimers    text19       00238E
__end_of_USBStallHandler                  text18       002084
__end_of_USBStdFeatureReqHandler          text30       000B44
__end_of_USBStdGetDscHandler              text29       00102E
__end_of_USBStdGetStatusHandler           text28       001A0E
__end_of_USBStdSetCfgHandler              text26       001306
__end_of_USBSuspend                       text17       0022D0
__end_of_USBTransferOnePacket             text8        001592
__end_of_USBWakeFromSuspend               text16       002246
__end_of_USB_CD_Ptr                       smallconst   000809
__end_of_USB_SD_Ptr                       smallconst   000807
__end_of_USER_USB_CALLBACK_EVENT_HANDLER  text31       001E30
__end_of__initialization                  cinit        00233C
__end_of_configDescriptor1                smallconst   000894
__end_of_device_dsc                       smallconst   0008C3
__end_of_hid_rpt01                        smallconst   0008B1
__end_of_main                             text0        00236E
__end_of_memcpy                           text21       0020C4
__end_of_memset                           text2        0021E2
__end_of_sd000                            smallconst   0008C7
__end_of_sd001                            smallconst   00083D
__end_of_sd002                            smallconst   00086B
__end_ofi2_PWM_R_OpenPWM                  text34       0022A4
__end_ofi2_PWM_R_setPWM1                  text36       00213C
__end_ofi2_PWM_R_setPWM2                  text35       002100
__end_ofi2_SPI_R_OpenSPI                  text33       001FAA
__end_ofi2_SYSTEM_Initialize              text32       001E98
__end_ofi2_USBDeviceInit                  text15       000DE2
__end_ofi2_USBTransferOnePacket           text39       0018AE
__end_ofi2_memset                         text27       0022FC
__initialization                          cinit        002324
__mediumconst                             mediumconst  000000
__pbssBANK0                               bssBANK0     000060
__pbssCOMRAM                              bssCOMRAM    000001
__pcinit                                  cinit        002324
__pcstackBANK0                            cstackBANK0  00007C
__pcstackCOMRAM                           cstackCOMRAM 00002C
__pintcode                                intcode      000008
__pintcode_body                           intcode_body 001D4E
__psmallconst                             smallconst   000800
__ptext0                                  text0        00234A
__ptext1                                  text1        000B44
__ptext10                                 text10       0022FC
__ptext11                                 text11       001FAA
__ptext12                                 text12       001FF6
__ptext14                                 text14       000DE2
__ptext15                                 text15       000CA2
__ptext16                                 text16       002214
__ptext17                                 text17       0022A4
__ptext18                                 text18       002042
__ptext19                                 text19       00236E
__ptext2                                  text2        0021AE
__ptext20                                 text20       001B3A
__ptext21                                 text21       002084
__ptext22                                 text22       001C52
__ptext23                                 text23       00113A
__ptext24                                 text24       001A0E
__ptext25                                 text25       001306
__ptext26                                 text26       00122A
__ptext27                                 text27       0022D0
__ptext28                                 text28       001964
__ptext29                                 text29       000F0E
__ptext3                                  text3        002246
__ptext30                                 text30       0008C8
__ptext31                                 text31       001DC0
__ptext32                                 text32       001E30
__ptext33                                 text33       001F54
__ptext34                                 text34       002276
__ptext35                                 text35       0020C4
__ptext36                                 text36       002100
__ptext37                                 text37       0013E0
__ptext38                                 text38       002178
__ptext39                                 text39       0017F4
__ptext4                                  text4        001CD4
__ptext40                                 text40       00213C
__ptext41                                 text41       001AA6
__ptext42                                 text42       001EF8
__ptext43                                 text43       00102E
__ptext44                                 text44       001732
__ptext45                                 text45       0018AE
__ptext46                                 text46       001664
__ptext5                                  text5        001E98
__ptext6                                  text6        0021E2
__ptext7                                  text7        001BCA
__ptext8                                  text8        0014BA
__ptext9                                  text9        001592
__ramtop                                  ramtop       000800
__size_of_APP_DeviceCustomHIDInitialize   (abs)        000000
__size_of_APP_iddle                       (abs)        000000
__size_of_APP_tick                        (abs)        000000
__size_of_PWM_R_OpenPWM                   (abs)        000000
__size_of_PWM_R_setPWM1                   (abs)        000000
__size_of_PWM_R_setPWM2                   (abs)        000000
__size_of_SPI_R_OpenSPI                   (abs)        000000
__size_of_SPI_R_putsSPI                   (abs)        000000
__size_of_SYSTEM_Initialize               (abs)        000000
__size_of_SYS_InterruptHigh               (abs)        000000
__size_of_USBCheckHIDRequest              (abs)        000000
__size_of_USBCheckStdRequest              (abs)        000000
__size_of_USBConfigureEndpoint            (abs)        000000
__size_of_USBCtrlEPAllowDataStage         (abs)        000000
__size_of_USBCtrlEPAllowStatusStage       (abs)        000000
__size_of_USBCtrlEPService                (abs)        000000
__size_of_USBCtrlEPServiceComplete        (abs)        000000
__size_of_USBCtrlTrfInHandler             (abs)        000000
__size_of_USBCtrlTrfOutHandler            (abs)        000000
__size_of_USBCtrlTrfRxService             (abs)        000000
__size_of_USBCtrlTrfSetupHandler          (abs)        000000
__size_of_USBCtrlTrfTxService             (abs)        000000
__size_of_USBDeviceAttach                 (abs)        000000
__size_of_USBDeviceInit                   (abs)        000000
__size_of_USBDeviceTasks                  (abs)        000000
__size_of_USBEnableEndpoint               (abs)        000000
__size_of_USBIncrement1msInternalTimers   (abs)        000000
__size_of_USBStallHandler                 (abs)        000000
__size_of_USBStdFeatureReqHandler         (abs)        000000
__size_of_USBStdGetDscHandler             (abs)        000000
__size_of_USBStdGetStatusHandler          (abs)        000000
__size_of_USBStdSetCfgHandler             (abs)        000000
__size_of_USBSuspend                      (abs)        000000
__size_of_USBTransferOnePacket            (abs)        000000
__size_of_USBWakeFromSuspend              (abs)        000000
__size_of_USER_USB_CALLBACK_EVENT_HANDLER (abs)        000000
__size_of_main                            (abs)        000000
__size_of_memcpy                          (abs)        000000
__size_of_memset                          (abs)        000000
__size_ofi2_PWM_R_OpenPWM                 (abs)        000000
__size_ofi2_PWM_R_setPWM1                 (abs)        000000
__size_ofi2_PWM_R_setPWM2                 (abs)        000000
__size_ofi2_SPI_R_OpenSPI                 (abs)        000000
__size_ofi2_SYSTEM_Initialize             (abs)        000000
__size_ofi2_USBDeviceInit                 (abs)        000000
__size_ofi2_USBTransferOnePacket          (abs)        000000
__size_ofi2_memset                        (abs)        000000
__smallconst                              smallconst   000800
_active_protocol                          bssBANK0     00007A
_configDescriptor1                        smallconst   00086B
_controlTransferState                     bssCOMRAM    000026
_currIddlePwm1                            bssBANK0     00006C
_currIddlePwm2                            bssBANK0     00006E
_currIddlePwm3                            bssBANK0     000070
_currIddlePwm4                            bssBANK0     000072
_device_dsc                               smallconst   0008B1
_endpoint_number                          bssCOMRAM    000027
_ep_data_in                               bssCOMRAM    000013
_ep_data_out                              bssCOMRAM    000015
_hid_rpt01                                smallconst   000894
_idle_rate                                bssBANK0     00007B
_inPipes                                  bssCOMRAM    000009
_main                                     text0        00234A
_memcpy                                   text21       002084
_memset                                   text2        0021AE
_outPipes                                 bssCOMRAM    000001
_pBDTEntryEP0OutCurrent                   bssCOMRAM    000017
_pBDTEntryEP0OutNext                      bssCOMRAM    000019
_pBDTEntryIn                              bssCOMRAM    00000F
_pBDTEntryOut                             bssBANK0     000064
_pDst                                     bssBANK0     000074
_sd000                                    smallconst   0008C3
_sd001                                    smallconst   000809
_sd002                                    smallconst   00083D
_shortPacketStatus                        bssCOMRAM    000028
btemp                                     temp         000056
end_of_initialization                     cinit        00233C
i2PWM_R_setPWM1@val                       cstackCOMRAM 00002C
i2PWM_R_setPWM2@val                       cstackCOMRAM 00002C
i2SPI_R_OpenSPI@bus_mode                  cstackCOMRAM 00002C
i2SPI_R_OpenSPI@smp_phase                 cstackCOMRAM 00002D
i2SPI_R_OpenSPI@sync_mode                 cstackCOMRAM 00002E
i2SYSTEM_Initialize@n                     cstackCOMRAM 000031
i2SYSTEM_Initialize@state                 cstackCOMRAM 000030
i2USBDeviceInit@i                         cstackCOMRAM 000034
i2USBTransferOnePacket@data               cstackCOMRAM 00002D
i2USBTransferOnePacket@dir                cstackCOMRAM 00002C
i2USBTransferOnePacket@ep                 cstackCOMRAM 000030
i2USBTransferOnePacket@handle             cstackCOMRAM 000031
i2USBTransferOnePacket@len                cstackCOMRAM 00002F
i2_PWM_R_OpenPWM                          text34       002276
i2_PWM_R_setPWM1                          text36       002100
i2_PWM_R_setPWM2                          text35       0020C4
i2_SPI_R_OpenSPI                          text33       001F54
i2_SYSTEM_Initialize                      text32       001E30
i2_USBDeviceInit                          text15       000CA2
i2_USBTransferOnePacket                   text39       0017F4
i2_memset                                 text27       0022D0
i2memset@c                                cstackCOMRAM 00002E
i2memset@n                                cstackCOMRAM 000030
i2memset@p                                cstackCOMRAM 000032
i2memset@p1                               cstackCOMRAM 00002C
int$flags                                 temp         000056
int_func                                  intcode_body 001D4E
intlevel0                                 text         000000
intlevel1                                 text         000000
intlevel2                                 text         000000
intlevel3                                 text         000000
memcpy@d                                  cstackCOMRAM 000032
memcpy@d1                                 cstackCOMRAM 00002C
memcpy@n                                  cstackCOMRAM 000030
memcpy@s                                  cstackCOMRAM 000034
memcpy@s1                                 cstackCOMRAM 00002E
memset@c                                  cstackBANK0  00007E
memset@n                                  cstackBANK0  000080
memset@p                                  cstackBANK0  000082
memset@p1                                 cstackBANK0  00007C
stackhi                                   (abs)        0003FF
stacklo                                   (abs)        000085
start                                     init         000016
start_initialization                      cinit        002324


FUNCTION INFORMATION:

 *************** function _main *****************
 Defined at:
		line 9 in file "../src/master/main.c"
 Parameters:    Size  Location     Type
		None
 Auto vars:     Size  Location     Type
		None
 Return value:  Size  Location     Type
                  1    wreg      void 
 Registers used:
		wreg, fsr2l, fsr2h, status,2, status,0, prodl, prodh, cstack
 Tracked objects:
		On entry : 
		On exit  : 
		Unchanged: 
 Data sizes:     COMRAM   BANK0   BANK1   BANK2   BANK3   BANK4   BANK5   BANK6   BANK7
      Params:         0       0       0       0       0       0       0       0       0
      Locals:         0       0       0       0       0       0       0       0       0
      Temps:          0       0       0       0       0       0       0       0       0
      Totals:         0       0       0       0       0       0       0       0       0
Total ram usage:        0 bytes
 Hardware stack levels required when called:   13
 This function calls:
		_APP_iddle
		_APP_tick
		_SYSTEM_Initialize
		_USBDeviceAttach
		_USBDeviceInit
 This function is called by:
		Startup code after reset
 This function uses a non-reentrant model


 *************** function _USBDeviceInit *****************
 Defined at:
		line 295 in file "../src/master/inc/src/usb_device.c"
 Parameters:    Size  Location     Type
		None
 Auto vars:     Size  Location     Type
  i               1    8[BANK0 ] unsigned char 
 Return value:  Size  Location     Type
                  1    wreg      void 
 Registers used:
		wreg, fsr2l, fsr2h, status,2, status,0, prodl, prodh, cstack
 Tracked objects:
		On entry : 
		On exit  : 
		Unchanged: 
 Data sizes:     COMRAM   BANK0   BANK1   BANK2   BANK3   BANK4   BANK5   BANK6   BANK7
      Params:         0       0       0       0       0       0       0       0       0
      Locals:         0       1       0       0       0       0       0       0       0
      Temps:          0       0       0       0       0       0       0       0       0
      Totals:         0       1       0       0       0       0       0       0       0
Total ram usage:        1 bytes
 Hardware stack levels used:    1
 Hardware stack levels required when called:   11
 This function calls:
		_memset
 This function is called by:
		_main
 This function uses a non-reentrant model


 *************** function _memset *****************
 Defined at:
		line 8 in file "C:\Program Files (x86)\Microchip\xc8\v1.36\sources\common\memset.c"
 Parameters:    Size  Location     Type
  p1              2    0[BANK0 ] PTR void 
		 -> USBAlternateInterface(1), BDT(32), UEP1(1), 
  c               2    2[BANK0 ] int 
  n               2    4[BANK0 ] unsigned int 
 Auto vars:     Size  Location     Type
  p               2    6[BANK0 ] PTR unsigned char 
		 -> USBAlternateInterface(1), BDT(32), UEP1(1), 
 Return value:  Size  Location     Type
                  2    0[BANK0 ] PTR void 
 Registers used:
		wreg, fsr2l, fsr2h, status,2, status,0
 Tracked objects:
		On entry : 
		On exit  : 
		Unchanged: 
 Data sizes:     COMRAM   BANK0   BANK1   BANK2   BANK3   BANK4   BANK5   BANK6   BANK7
      Params:         0       6       0       0       0       0       0       0       0
      Locals:         0       2       0       0       0       0       0       0       0
      Temps:          0       0       0       0       0       0       0       0       0
      Totals:         0       8       0       0       0       0       0       0       0
Total ram usage:        8 bytes
 Hardware stack levels used:    1
 Hardware stack levels required when called:   10
 This function calls:
		Nothing
 This function is called by:
		_USBDeviceInit
 This function uses a non-reentrant model


 *************** function _USBDeviceAttach *****************
 Defined at:
		line 1370 in file "../src/master/inc/src/usb_device.c"
 Parameters:    Size  Location     Type
		None
 Auto vars:     Size  Location     Type
		None
 Return value:  Size  Location     Type
                  1    wreg      void 
 Registers used:
		wreg, status,2
 Tracked objects:
		On entry : 
		On exit  : 
		Unchanged: 
 Data sizes:     COMRAM   BANK0   BANK1   BANK2   BANK3   BANK4   BANK5   BANK6   BANK7
      Params:         0       0       0       0       0       0       0       0       0
      Locals:         0       0       0       0       0       0       0       0       0
      Temps:          0       0       0       0       0       0       0       0       0
      Totals:         0       0       0       0       0       0       0       0       0
Total ram usage:        0 bytes
 Hardware stack levels used:    1
 Hardware stack levels required when called:   10
 This function calls:
		Nothing
 This function is called by:
		_main
 This function uses a non-reentrant model


 *************** function _SYSTEM_Initialize *****************
 Defined at:
		line 57 in file "../src/master/system.c"
 Parameters:    Size  Location     Type
  state           1    wreg     enum E4544
 Auto vars:     Size  Location     Type
  state           1    4[BANK0 ] enum E4544
  n               1    5[BANK0 ] unsigned char 
 Return value:  Size  Location     Type
                  1    wreg      void 
 Registers used:
		wreg, status,2, status,0, cstack
 Tracked objects:
		On entry : 
		On exit  : 
		Unchanged: 
 Data sizes:     COMRAM   BANK0   BANK1   BANK2   BANK3   BANK4   BANK5   BANK6   BANK7
      Params:         0       0       0       0       0       0       0       0       0
      Locals:         0       2       0       0       0       0       0       0       0
      Temps:          0       1       0       0       0       0       0       0       0
      Totals:         0       3       0       0       0       0       0       0       0
Total ram usage:        3 bytes
 Hardware stack levels used:    1
 Hardware stack levels required when called:   12
 This function calls:
		_PWM_R_OpenPWM
		_SPI_R_OpenSPI
 This function is called by:
		_main
 This function uses a non-reentrant model


 *************** function _SPI_R_OpenSPI *****************
 Defined at:
		line 3 in file "../../../../_ELECTRONIC/inc/spi_r.c"
 Parameters:    Size  Location     Type
  sync_mode       1    wreg     unsigned char 
  bus_mode        1    0[BANK0 ] unsigned char 
  smp_phase       1    1[BANK0 ] unsigned char 
 Auto vars:     Size  Location     Type
  sync_mode       1    2[BANK0 ] unsigned char 
 Return value:  Size  Location     Type
                  1    wreg      void 
 Registers used:
		wreg, status,2, status,0
 Tracked objects:
		On entry : 
		On exit  : 
		Unchanged: 
 Data sizes:     COMRAM   BANK0   BANK1   BANK2   BANK3   BANK4   BANK5   BANK6   BANK7
      Params:         0       2       0       0       0       0       0       0       0
      Locals:         0       1       0       0       0       0       0       0       0
      Temps:          0       0       0       0       0       0       0       0       0
      Totals:         0       3       0       0       0       0       0       0       0
Total ram usage:        3 bytes
 Hardware stack levels used:    1
 Hardware stack levels required when called:   10
 This function calls:
		Nothing
 This function is called by:
		_SYSTEM_Initialize
 This function uses a non-reentrant model


 *************** function _PWM_R_OpenPWM *****************
 Defined at:
		line 17 in file "../../../../_ELECTRONIC/inc/pwm_r.c"
 Parameters:    Size  Location     Type
		None
 Auto vars:     Size  Location     Type
		None
 Return value:  Size  Location     Type
                  1    wreg      void 
 Registers used:
		wreg, status,2, status,0, cstack
 Tracked objects:
		On entry : 
		On exit  : 
		Unchanged: 
 Data sizes:     COMRAM   BANK0   BANK1   BANK2   BANK3   BANK4   BANK5   BANK6   BANK7
      Params:         0       0       0       0       0       0       0       0       0
      Locals:         0       0       0       0       0       0       0       0       0
      Temps:          0       0       0       0       0       0       0       0       0
      Totals:         0       0       0       0       0       0       0       0       0
Total ram usage:        0 bytes
 Hardware stack levels used:    1
 Hardware stack levels required when called:   11
 This function calls:
		_PWM_R_setPWM1
		_PWM_R_setPWM2
 This function is called by:
		_SYSTEM_Initialize
 This function uses a non-reentrant model


 *************** function _APP_tick *****************
 Defined at:
		line 96 in file "../src/master/app_master.c"
 Parameters:    Size  Location     Type
		None
 Auto vars:     Size  Location     Type
		None
 Return value:  Size  Location     Type
                  1    wreg      void 
 Registers used:
		wreg, fsr2l, fsr2h, status,2, status,0, prodl, prodh, cstack
 Tracked objects:
		On entry : 
		On exit  : 
		Unchanged: 
 Data sizes:     COMRAM   BANK0   BANK1   BANK2   BANK3   BANK4   BANK5   BANK6   BANK7
      Params:         0       0       0       0       0       0       0       0       0
      Locals:         0       0       0       0       0       0       0       0       0
      Temps:          0       0       0       0       0       0       0       0       0
      Totals:         0       0       0       0       0       0       0       0       0
Total ram usage:        0 bytes
 Hardware stack levels used:    1
 Hardware stack levels required when called:   11
 This function calls:
		_PWM_R_setPWM1
		_PWM_R_setPWM2
		_SPI_R_putsSPI
		_USBTransferOnePacket
 This function is called by:
		_main
 This function uses a non-reentrant model


 *************** function _USBTransferOnePacket *****************
 Defined at:
		line 1013 in file "../src/master/inc/src/usb_device.c"
 Parameters:    Size  Location     Type
  ep              1    wreg     unsigned char 
  dir             1    0[BANK0 ] unsigned char 
  data            2    1[BANK0 ] PTR unsigned char 
		 -> ReceivedDataBuffer(64), 
  len             1    3[BANK0 ] unsigned char 
 Auto vars:     Size  Location     Type
  ep              1    4[BANK0 ] unsigned char 
  handle          2    5[BANK0 ] PTR volatile struct __BD
		 -> NULL(0), BDT(32), 
 Return value:  Size  Location     Type
                  2    0[BANK0 ] PTR void 
 Registers used:
		wreg, fsr2l, fsr2h, status,2, status,0, prodl, prodh
 Tracked objects:
		On entry : 
		On exit  : 
		Unchanged: 
 Data sizes:     COMRAM   BANK0   BANK1   BANK2   BANK3   BANK4   BANK5   BANK6   BANK7
      Params:         0       4       0       0       0       0       0       0       0
      Locals:         0       3       0       0       0       0       0       0       0
      Temps:          0       0       0       0       0       0       0       0       0
      Totals:         0       7       0       0       0       0       0       0       0
Total ram usage:        7 bytes
 Hardware stack levels used:    1
 Hardware stack levels required when called:   10
 This function calls:
		Nothing
 This function is called by:
		_APP_tick
 This function uses a non-reentrant model


 *************** function _APP_iddle *****************
 Defined at:
		line 69 in file "../src/master/app_master.c"
 Parameters:    Size  Location     Type
		None
 Auto vars:     Size  Location     Type
  n               1    4[BANK0 ] unsigned char 
 Return value:  Size  Location     Type
                  2   10[None  ] int 
 Registers used:
		wreg, fsr2l, fsr2h, status,2, status,0, cstack
 Tracked objects:
		On entry : 
		On exit  : 
		Unchanged: 
 Data sizes:     COMRAM   BANK0   BANK1   BANK2   BANK3   BANK4   BANK5   BANK6   BANK7
      Params:         0       0       0       0       0       0       0       0       0
      Locals:         0       1       0       0       0       0       0       0       0
      Temps:          0       1       0       0       0       0       0       0       0
      Totals:         0       2       0       0       0       0       0       0       0
Total ram usage:        2 bytes
 Hardware stack levels used:    1
 Hardware stack levels required when called:   11
 This function calls:
		_PWM_R_setPWM1
		_PWM_R_setPWM2
		_SPI_R_putsSPI
 This function is called by:
		_main
 This function uses a non-reentrant model


 *************** function _SPI_R_putsSPI *****************
 Defined at:
		line 44 in file "../../../../_ELECTRONIC/inc/spi_r.c"
 Parameters:    Size  Location     Type
  wrptr           2    0[BANK0 ] PTR unsigned char 
		 -> LeftRight(2), 
 Auto vars:     Size  Location     Type
		None
 Return value:  Size  Location     Type
                  1    wreg      void 
 Registers used:
		wreg, fsr2l, fsr2h, status,2, status,0
 Tracked objects:
		On entry : 
		On exit  : 
		Unchanged: 
 Data sizes:     COMRAM   BANK0   BANK1   BANK2   BANK3   BANK4   BANK5   BANK6   BANK7
      Params:         0       2       0       0       0       0       0       0       0
      Locals:         0       0       0       0       0       0       0       0       0
      Temps:          0       0       0       0       0       0       0       0       0
      Totals:         0       2       0       0       0       0       0       0       0
Total ram usage:        2 bytes
 Hardware stack levels used:    1
 Hardware stack levels required when called:   10
 This function calls:
		Nothing
 This function is called by:
		_APP_iddle
		_APP_tick
 This function uses a non-reentrant model


 *************** function _PWM_R_setPWM2 *****************
 Defined at:
		line 11 in file "../../../../_ELECTRONIC/inc/pwm_r.c"
 Parameters:    Size  Location     Type
  val             2    0[BANK0 ] unsigned int 
 Auto vars:     Size  Location     Type
		None
 Return value:  Size  Location     Type
                  1    wreg      void 
 Registers used:
		wreg, status,2, status,0
 Tracked objects:
		On entry : 
		On exit  : 
		Unchanged: 
 Data sizes:     COMRAM   BANK0   BANK1   BANK2   BANK3   BANK4   BANK5   BANK6   BANK7
      Params:         0       2       0       0       0       0       0       0       0
      Locals:         0       0       0       0       0       0       0       0       0
      Temps:          0       1       0       0       0       0       0       0       0
      Totals:         0       3       0       0       0       0       0       0       0
Total ram usage:        3 bytes
 Hardware stack levels used:    1
 Hardware stack levels required when called:   10
 This function calls:
		Nothing
 This function is called by:
		_APP_iddle
		_APP_tick
		_PWM_R_OpenPWM
 This function uses a non-reentrant model


 *************** function _PWM_R_setPWM1 *****************
 Defined at:
		line 5 in file "../../../../_ELECTRONIC/inc/pwm_r.c"
 Parameters:    Size  Location     Type
  val             2    0[BANK0 ] unsigned int 
 Auto vars:     Size  Location     Type
		None
 Return value:  Size  Location     Type
                  1    wreg      void 
 Registers used:
		wreg, status,2, status,0
 Tracked objects:
		On entry : 
		On exit  : 
		Unchanged: 
 Data sizes:     COMRAM   BANK0   BANK1   BANK2   BANK3   BANK4   BANK5   BANK6   BANK7
      Params:         0       2       0       0       0       0       0       0       0
      Locals:         0       0       0       0       0       0       0       0       0
      Temps:          0       1       0       0       0       0       0       0       0
      Totals:         0       3       0       0       0       0       0       0       0
Total ram usage:        3 bytes
 Hardware stack levels used:    1
 Hardware stack levels required when called:   10
 This function calls:
		Nothing
 This function is called by:
		_APP_iddle
		_APP_tick
		_PWM_R_OpenPWM
 This function uses a non-reentrant model


 *************** function _SYS_InterruptHigh *****************
 Defined at:
		line 104 in file "../src/master/system.c"
 Parameters:    Size  Location     Type
		None
 Auto vars:     Size  Location     Type
		None
 Return value:  Size  Location     Type
                  1    wreg      void 
 Registers used:
		wreg, fsr0l, fsr0h, fsr1l, fsr1h, fsr2l, fsr2h, status,2, status,0, tblptrl, tblptrh, tblptru, prodl, prodh, cstack
 Tracked objects:
		On entry : 
		On exit  : 
		Unchanged: 
 Data sizes:     COMRAM   BANK0   BANK1   BANK2   BANK3   BANK4   BANK5   BANK6   BANK7
      Params:         0       0       0       0       0       0       0       0       0
      Locals:         0       0       0       0       0       0       0       0       0
      Temps:         14       0       0       0       0       0       0       0       0
      Totals:        14       0       0       0       0       0       0       0       0
Total ram usage:       14 bytes
 Hardware stack levels used:    1
 Hardware stack levels required when called:    9
 This function calls:
		_USBDeviceTasks
 This function is called by:
		Interrupt level 2
 This function uses a non-reentrant model


 *************** function _USBDeviceTasks *****************
 Defined at:
		line 495 in file "../src/master/inc/src/usb_device.c"
 Parameters:    Size  Location     Type
		None
 Auto vars:     Size  Location     Type
  i               1   27[COMRAM] unsigned char 
 Return value:  Size  Location     Type
                  1    wreg      void 
 Registers used:
		wreg, fsr0l, fsr0h, fsr1l, fsr1h, fsr2l, fsr2h, status,2, status,0, tblptrl, tblptrh, tblptru, prodl, prodh, cstack
 Tracked objects:
		On entry : 
		On exit  : 
		Unchanged: 
 Data sizes:     COMRAM   BANK0   BANK1   BANK2   BANK3   BANK4   BANK5   BANK6   BANK7
      Params:         0       0       0       0       0       0       0       0       0
      Locals:         1       0       0       0       0       0       0       0       0
      Temps:          0       0       0       0       0       0       0       0       0
      Totals:         1       0       0       0       0       0       0       0       0
Total ram usage:        1 bytes
 Hardware stack levels used:    1
 Hardware stack levels required when called:    8
 This function calls:
		_USBCtrlEPAllowStatusStage
		_USBCtrlEPService
		_USBIncrement1msInternalTimers
		_USBStallHandler
		_USBSuspend
		_USBWakeFromSuspend
		_USER_USB_CALLBACK_EVENT_HANDLER
		i2_USBDeviceInit
 This function is called by:
		_SYS_InterruptHigh
 This function uses a non-reentrant model


 *************** function i2_USBDeviceInit *****************
 Defined at:
		line 295 in file "../src/master/inc/src/usb_device.c"
 Parameters:    Size  Location     Type
		None
 Auto vars:     Size  Location     Type
  USBDeviceIni    1    8[COMRAM] unsigned char 
 Return value:  Size  Location     Type
                  1    wreg      void 
 Registers used:
		wreg, fsr2l, fsr2h, status,2, status,0, prodl, prodh, cstack
 Tracked objects:
		On entry : 
		On exit  : 
		Unchanged: 
 Data sizes:     COMRAM   BANK0   BANK1   BANK2   BANK3   BANK4   BANK5   BANK6   BANK7
      Params:         0       0       0       0       0       0       0       0       0
      Locals:         1       0       0       0       0       0       0       0       0
      Temps:          0       0       0       0       0       0       0       0       0
      Totals:         1       0       0       0       0       0       0       0       0
Total ram usage:        1 bytes
 Hardware stack levels used:    1
 Hardware stack levels required when called:    1
 This function calls:
		i2_memset
 This function is called by:
		_USBDeviceTasks
 This function uses a non-reentrant model


 *************** function _USBWakeFromSuspend *****************
 Defined at:
		line 2321 in file "../src/master/inc/src/usb_device.c"
 Parameters:    Size  Location     Type
		None
 Auto vars:     Size  Location     Type
		None
 Return value:  Size  Location     Type
                  1    wreg      void 
 Registers used:
		wreg, fsr2l, fsr2h, status,2, status,0, prodl, prodh, cstack
 Tracked objects:
		On entry : 
		On exit  : 
		Unchanged: 
 Data sizes:     COMRAM   BANK0   BANK1   BANK2   BANK3   BANK4   BANK5   BANK6   BANK7
      Params:         0       0       0       0       0       0       0       0       0
      Locals:         0       0       0       0       0       0       0       0       0
      Temps:          0       0       0       0       0       0       0       0       0
      Totals:         0       0       0       0       0       0       0       0       0
Total ram usage:        0 bytes
 Hardware stack levels used:    1
 Hardware stack levels required when called:    4
 This function calls:
		_USER_USB_CALLBACK_EVENT_HANDLER
 This function is called by:
		_USBDeviceTasks
 This function uses a non-reentrant model


 *************** function _USBSuspend *****************
 Defined at:
		line 2263 in file "../src/master/inc/src/usb_device.c"
 Parameters:    Size  Location     Type
		None
 Auto vars:     Size  Location     Type
		None
 Return value:  Size  Location     Type
                  1    wreg      void 
 Registers used:
		wreg, fsr2l, fsr2h, status,2, status,0, prodl, prodh, cstack
 Tracked objects:
		On entry : 
		On exit  : 
		Unchanged: 
 Data sizes:     COMRAM   BANK0   BANK1   BANK2   BANK3   BANK4   BANK5   BANK6   BANK7
      Params:         0       0       0       0       0       0       0       0       0
      Locals:         0       0       0       0       0       0       0       0       0
      Temps:          0       0       0       0       0       0       0       0       0
      Totals:         0       0       0       0       0       0       0       0       0
Total ram usage:        0 bytes
 Hardware stack levels used:    1
 Hardware stack levels required when called:    4
 This function calls:
		_USER_USB_CALLBACK_EVENT_HANDLER
 This function is called by:
		_USBDeviceTasks
 This function uses a non-reentrant model


 *************** function _USBStallHandler *****************
 Defined at:
		line 2220 in file "../src/master/inc/src/usb_device.c"
 Parameters:    Size  Location     Type
		None
 Auto vars:     Size  Location     Type
		None
 Return value:  Size  Location     Type
                  1    wreg      void 
 Registers used:
		wreg, fsr2l, fsr2h, status,2, status,0
 Tracked objects:
		On entry : 
		On exit  : 
		Unchanged: 
 Data sizes:     COMRAM   BANK0   BANK1   BANK2   BANK3   BANK4   BANK5   BANK6   BANK7
      Params:         0       0       0       0       0       0       0       0       0
      Locals:         0       0       0       0       0       0       0       0       0
      Temps:          1       0       0       0       0       0       0       0       0
      Totals:         1       0       0       0       0       0       0       0       0
Total ram usage:        1 bytes
 Hardware stack levels used:    1
 This function calls:
		Nothing
 This function is called by:
		_USBDeviceTasks
 This function uses a non-reentrant model


 *************** function _USBIncrement1msInternalTimers *****************
 Defined at:
		line 3042 in file "../src/master/inc/src/usb_device.c"
 Parameters:    Size  Location     Type
		None
 Auto vars:     Size  Location     Type
		None
 Return value:  Size  Location     Type
                  1    wreg      void 
 Registers used:
		wreg, status,2, status,0
 Tracked objects:
		On entry : 
		On exit  : 
		Unchanged: 
 Data sizes:     COMRAM   BANK0   BANK1   BANK2   BANK3   BANK4   BANK5   BANK6   BANK7
      Params:         0       0       0       0       0       0       0       0       0
      Locals:         0       0       0       0       0       0       0       0       0
      Temps:          0       0       0       0       0       0       0       0       0
      Totals:         0       0       0       0       0       0       0       0       0
Total ram usage:        0 bytes
 Hardware stack levels used:    1
 This function calls:
		Nothing
 This function is called by:
		_USBDeviceTasks
 This function uses a non-reentrant model


 *************** function _USBCtrlEPService *****************
 Defined at:
		line 2390 in file "../src/master/inc/src/usb_device.c"
 Parameters:    Size  Location     Type
		None
 Auto vars:     Size  Location     Type
		None
 Return value:  Size  Location     Type
                  1    wreg      void 
 Registers used:
		wreg, fsr0l, fsr0h, fsr1l, fsr1h, fsr2l, fsr2h, status,2, status,0, tblptrl, tblptrh, tblptru, prodl, prodh, cstack
 Tracked objects:
		On entry : 
		On exit  : 
		Unchanged: 
 Data sizes:     COMRAM   BANK0   BANK1   BANK2   BANK3   BANK4   BANK5   BANK6   BANK7
      Params:         0       0       0       0       0       0       0       0       0
      Locals:         0       0       0       0       0       0       0       0       0
      Temps:          1       0       0       0       0       0       0       0       0
[...]
      Params:         2       0       0       0       0       0       0       0       0
      Locals:         1       0       0       0       0       0       0       0       0
      Temps:          0       0       0       0       0       0       0       0       0
      Totals:         3       0       0       0       0       0       0       0       0
Total ram usage:        3 bytes
 Hardware stack levels used:    1
 This function calls:
		Nothing
 This function is called by:
		i2_SYSTEM_Initialize
 This function uses a non-reentrant model


 *************** function i2_PWM_R_OpenPWM *****************
 Defined at:
		line 17 in file "../../../../_ELECTRONIC/inc/pwm_r.c"
 Parameters:    Size  Location     Type
		None
 Auto vars:     Size  Location     Type
		None
 Return value:  Size  Location     Type
                  1    wreg      void 
 Registers used:
		wreg, status,2, status,0, cstack
 Tracked objects:
		On entry : 
		On exit  : 
		Unchanged: 
 Data sizes:     COMRAM   BANK0   BANK1   BANK2   BANK3   BANK4   BANK5   BANK6   BANK7
      Params:         0       0       0       0       0       0       0       0       0
      Locals:         0       0       0       0       0       0       0       0       0
      Temps:          0       0       0       0       0       0       0       0       0
      Totals:         0       0       0       0       0       0       0       0       0
Total ram usage:        0 bytes
 Hardware stack levels used:    1
 Hardware stack levels required when called:    1
 This function calls:
		i2_PWM_R_setPWM1
		i2_PWM_R_setPWM2
 This function is called by:
		i2_SYSTEM_Initialize
 This function uses a non-reentrant model


 *************** function i2_PWM_R_setPWM2 *****************
 Defined at:
		line 11 in file "../../../../_ELECTRONIC/inc/pwm_r.c"
 Parameters:    Size  Location     Type
  val             2    0[COMRAM] unsigned int 
 Auto vars:     Size  Location     Type
		None
 Return value:  Size  Location     Type
                  1    wreg      void 
 Registers used:
		wreg, status,2, status,0
 Tracked objects:
		On entry : 
		On exit  : 
		Unchanged: 
 Data sizes:     COMRAM   BANK0   BANK1   BANK2   BANK3   BANK4   BANK5   BANK6   BANK7
      Params:         2       0       0       0       0       0       0       0       0
      Locals:         0       0       0       0       0       0       0       0       0
      Temps:          1       0       0       0       0       0       0       0       0
      Totals:         3       0       0       0       0       0       0       0       0
Total ram usage:        3 bytes
 Hardware stack levels used:    1
 This function calls:
		Nothing
 This function is called by:
		i2_PWM_R_OpenPWM
 This function uses a non-reentrant model


 *************** function i2_PWM_R_setPWM1 *****************
 Defined at:
		line 5 in file "../../../../_ELECTRONIC/inc/pwm_r.c"
 Parameters:    Size  Location     Type
  val             2    0[COMRAM] unsigned int 
 Auto vars:     Size  Location     Type
		None
 Return value:  Size  Location     Type
                  1    wreg      void 
 Registers used:
		wreg, status,2, status,0
 Tracked objects:
		On entry : 
		On exit  : 
		Unchanged: 
 Data sizes:     COMRAM   BANK0   BANK1   BANK2   BANK3   BANK4   BANK5   BANK6   BANK7
      Params:         2       0       0       0       0       0       0       0       0
      Locals:         0       0       0       0       0       0       0       0       0
      Temps:          1       0       0       0       0       0       0       0       0
      Totals:         3       0       0       0       0       0       0       0       0
Total ram usage:        3 bytes
 Hardware stack levels used:    1
 This function calls:
		Nothing
 This function is called by:
		i2_PWM_R_OpenPWM
 This function uses a non-reentrant model


 *************** function _USBCheckHIDRequest *****************
 Defined at:
		line 153 in file "../src/master/inc/src/usb_device_hid.c"
 Parameters:    Size  Location     Type
		None
 Auto vars:     Size  Location     Type
		None
 Return value:  Size  Location     Type
                  1    wreg      void 
 Registers used:
		wreg, status,2, status,0
 Tracked objects:
		On entry : 
		On exit  : 
		Unchanged: 
 Data sizes:     COMRAM   BANK0   BANK1   BANK2   BANK3   BANK4   BANK5   BANK6   BANK7
      Params:         0       0       0       0       0       0       0       0       0
      Locals:         0       0       0       0       0       0       0       0       0
      Temps:          0       0       0       0       0       0       0       0       0
      Totals:         0       0       0       0       0       0       0       0       0
Total ram usage:        0 bytes
 Hardware stack levels used:    1
 This function calls:
		Nothing
 This function is called by:
		_USER_USB_CALLBACK_EVENT_HANDLER
 This function uses a non-reentrant model


 *************** function _APP_DeviceCustomHIDInitialize *****************
 Defined at:
		line 49 in file "../src/master/app_master.c"
 Parameters:    Size  Location     Type
		None
 Auto vars:     Size  Location     Type
		None
 Return value:  Size  Location     Type
                  1    wreg      void 
 Registers used:
		wreg, fsr2l, fsr2h, status,2, status,0, prodl, prodh, cstack
 Tracked objects:
		On entry : 
		On exit  : 
		Unchanged: 
 Data sizes:     COMRAM   BANK0   BANK1   BANK2   BANK3   BANK4   BANK5   BANK6   BANK7
      Params:         0       0       0       0       0       0       0       0       0
      Locals:         0       0       0       0       0       0       0       0       0
      Temps:          0       0       0       0       0       0       0       0       0
      Totals:         0       0       0       0       0       0       0       0       0
Total ram usage:        0 bytes
 Hardware stack levels used:    1
 Hardware stack levels required when called:    2
 This function calls:
		_USBEnableEndpoint
		i2_USBTransferOnePacket
 This function is called by:
		_USER_USB_CALLBACK_EVENT_HANDLER
 This function uses a non-reentrant model


 *************** function i2_USBTransferOnePacket *****************
 Defined at:
		line 1013 in file "../src/master/inc/src/usb_device.c"
 Parameters:    Size  Location     Type
  ep              1    wreg     unsigned char 
  dir             1    0[COMRAM] unsigned char 
  data            2    1[COMRAM] PTR unsigned char 
		 -> ReceivedDataBuffer(64), 
  len             1    3[COMRAM] unsigned char 
 Auto vars:     Size  Location     Type
  ep              1    4[COMRAM] unsigned char 
  USBTransferO    2    5[COMRAM] PTR volatile struct __BD
		 -> NULL(0), BDT(32), 
 Return value:  Size  Location     Type
                  2    0[COMRAM] PTR void 
 Registers used:
		wreg, fsr2l, fsr2h, status,2, status,0, prodl, prodh
 Tracked objects:
		On entry : 
		On exit  : 
		Unchanged: 
 Data sizes:     COMRAM   BANK0   BANK1   BANK2   BANK3   BANK4   BANK5   BANK6   BANK7
      Params:         4       0       0       0       0       0       0       0       0
      Locals:         3       0       0       0       0       0       0       0       0
      Temps:          0       0       0       0       0       0       0       0       0
      Totals:         7       0       0       0       0       0       0       0       0
Total ram usage:        7 bytes
 Hardware stack levels used:    1
 This function calls:
		Nothing
 This function is called by:
		_APP_DeviceCustomHIDInitialize
 This function uses a non-reentrant model


 *************** function _USBEnableEndpoint *****************
 Defined at:
		line 896 in file "../src/master/inc/src/usb_device.c"
 Parameters:    Size  Location     Type
  ep              1    wreg     unsigned char 
  options         1    8[COMRAM] unsigned char 
 Auto vars:     Size  Location     Type
  ep              1   11[COMRAM] unsigned char 
  p               2    9[COMRAM] PTR unsigned char 
		 -> UEP0(1), 
 Return value:  Size  Location     Type
                  1    wreg      void 
 Registers used:
		wreg, fsr2l, fsr2h, status,2, status,0, prodl, prodh, cstack
 Tracked objects:
		On entry : 
		On exit  : 
		Unchanged: 
 Data sizes:     COMRAM   BANK0   BANK1   BANK2   BANK3   BANK4   BANK5   BANK6   BANK7
      Params:         1       0       0       0       0       0       0       0       0
      Locals:         3       0       0       0       0       0       0       0       0
      Temps:          0       0       0       0       0       0       0       0       0
      Totals:         4       0       0       0       0       0       0       0       0
Total ram usage:        4 bytes
 Hardware stack levels used:    1
 Hardware stack levels required when called:    1
 This function calls:
		_USBConfigureEndpoint
 This function is called by:
		_APP_DeviceCustomHIDInitialize
 This function uses a non-reentrant model


 *************** function _USBConfigureEndpoint *****************
 Defined at:
		line 1561 in file "../src/master/inc/src/usb_device.c"
 Parameters:    Size  Location     Type
  EPNum           1    wreg     unsigned char 
  direction       1    0[COMRAM] unsigned char 
 Auto vars:     Size  Location     Type
  EPNum           1    5[COMRAM] unsigned char 
  handle          2    6[COMRAM] PTR volatile struct __BD
		 -> BDT(32), 
 Return value:  Size  Location     Type
                  1    wreg      void 
 Registers used:
		wreg, fsr2l, fsr2h, status,2, status,0, prodl, prodh
 Tracked objects:
		On entry : 
		On exit  : 
		Unchanged: 
 Data sizes:     COMRAM   BANK0   BANK1   BANK2   BANK3   BANK4   BANK5   BANK6   BANK7
      Params:         1       0       0       0       0       0       0       0       0
      Locals:         3       0       0       0       0       0       0       0       0
      Temps:          4       0       0       0       0       0       0       0       0
      Totals:         8       0       0       0       0       0       0       0       0
Total ram usage:        8 bytes
 Hardware stack levels used:    1
 This function calls:
		Nothing
 This function is called by:
		_USBEnableEndpoint
 This function uses a non-reentrant model


 *************** function _USBCtrlTrfOutHandler *****************
 Defined at:
		line 2555 in file "../src/master/inc/src/usb_device.c"
 Parameters:    Size  Location     Type
		None
 Auto vars:     Size  Location     Type
		None
 Return value:  Size  Location     Type
                  1    wreg      void 
 Registers used:
		wreg, fsr1l, fsr1h, fsr2l, fsr2h, status,2, status,0, prodl, prodh, cstack
 Tracked objects:
		On entry : 
		On exit  : 
		Unchanged: 
 Data sizes:     COMRAM   BANK0   BANK1   BANK2   BANK3   BANK4   BANK5   BANK6   BANK7
      Params:         0       0       0       0       0       0       0       0       0
      Locals:         0       0       0       0       0       0       0       0       0
      Temps:          0       0       0       0       0       0       0       0       0
      Totals:         0       0       0       0       0       0       0       0       0
Total ram usage:        0 bytes
 Hardware stack levels used:    1
 Hardware stack levels required when called:    2
 This function calls:
		_USBCtrlTrfRxService
 This function is called by:
		_USBCtrlEPService
 This function uses a non-reentrant model


 *************** function _USBCtrlTrfRxService *****************
 Defined at:
		line 1870 in file "../src/master/inc/src/usb_device.c"
 Parameters:    Size  Location     Type
		None
 Auto vars:     Size  Location     Type
  byteToRead      1    1[COMRAM] unsigned char 
  i               1    0[COMRAM] unsigned char 
 Return value:  Size  Location     Type
                  1    wreg      void 
 Registers used:
		wreg, fsr1l, fsr1h, fsr2l, fsr2h, status,2, status,0, prodl, prodh, cstack
 Tracked objects:
		On entry : 
		On exit  : 
		Unchanged: 
 Data sizes:     COMRAM   BANK0   BANK1   BANK2   BANK3   BANK4   BANK5   BANK6   BANK7
      Params:         0       0       0       0       0       0       0       0       0
      Locals:         2       0       0       0       0       0       0       0       0
      Temps:          0       0       0       0       0       0       0       0       0
      Totals:         2       0       0       0       0       0       0       0       0
Total ram usage:        2 bytes
 Hardware stack levels used:    1
 Hardware stack levels required when called:    1
 This function calls:
		_USBCtrlEPAllowStatusStage
 This function is called by:
		_USBCtrlTrfOutHandler
 This function uses a non-reentrant model


 *************** function _USBCtrlEPAllowStatusStage *****************
 Defined at:
		line 1434 in file "../src/master/inc/src/usb_device.c"
 Parameters:    Size  Location     Type
		None
 Auto vars:     Size  Location     Type
		None
 Return value:  Size  Location     Type
                  1    wreg      void 
 Registers used:
		wreg, fsr2l, fsr2h, status,2, status,0
 Tracked objects:
		On entry : 
		On exit  : 
		Unchanged: 
 Data sizes:     COMRAM   BANK0   BANK1   BANK2   BANK3   BANK4   BANK5   BANK6   BANK7
      Params:         0       0       0       0       0       0       0       0       0
      Locals:         0       0       0       0       0       0       0       0       0
      Temps:          0       0       0       0       0       0       0       0       0
      Totals:         0       0       0       0       0       0       0       0       0
Total ram usage:        0 bytes
 Hardware stack levels used:    1
 This function calls:
		Nothing
 This function is called by:
		_USBDeviceTasks
		_USBCtrlEPServiceComplete
		_USBCtrlTrfRxService
 This function uses a non-reentrant model


 *************** function _USBCtrlTrfInHandler *****************
 Defined at:
		line 2609 in file "../src/master/inc/src/usb_device.c"
 Parameters:    Size  Location     Type
		None
 Auto vars:     Size  Location     Type
  lastDTS         1    1[COMRAM] unsigned char 
 Return value:  Size  Location     Type
                  1    wreg      void 
 Registers used:
		wreg, fsr0l, fsr0h, fsr2l, fsr2h, status,2, status,0, tblptrl, tblptrh, tblptru, cstack
 Tracked objects:
		On entry : 
		On exit  : 
		Unchanged: 
 Data sizes:     COMRAM   BANK0   BANK1   BANK2   BANK3   BANK4   BANK5   BANK6   BANK7
      Params:         0       0       0       0       0       0       0       0       0
      Locals:         1       0       0       0       0       0       0       0       0
      Temps:          0       0       0       0       0       0       0       0       0
      Totals:         1       0       0       0       0       0       0       0       0
Total ram usage:        1 bytes
 Hardware stack levels used:    1
 Hardware stack levels required when called:    1
 This function calls:
		_USBCtrlTrfTxService
 This function is called by:
		_USBCtrlEPService
 This function uses a non-reentrant model


 *************** function _USBCtrlTrfTxService *****************
 Defined at:
		line 1789 in file "../src/master/inc/src/usb_device.c"
 Parameters:    Size  Location     Type
		None
 Auto vars:     Size  Location     Type
  byteToSend      1    0[COMRAM] unsigned char 
 Return value:  Size  Location     Type
                  1    wreg      void 
 Registers used:
		wreg, fsr0l, fsr0h, fsr2l, fsr2h, status,2, status,0, tblptrl, tblptrh, tblptru
 Tracked objects:
		On entry : 
		On exit  : 
		Unchanged: 
 Data sizes:     COMRAM   BANK0   BANK1   BANK2   BANK3   BANK4   BANK5   BANK6   BANK7
      Params:         0       0       0       0       0       0       0       0       0
      Locals:         1       0       0       0       0       0       0       0       0
      Temps:          0       0       0       0       0       0       0       0       0
      Totals:         1       0       0       0       0       0       0       0       0
Total ram usage:        1 bytes
 Hardware stack levels used:    1
 This function calls:
		Nothing
 This function is called by:
		_USBCtrlEPAllowDataStage
		_USBCtrlTrfInHandler
 This function uses a non-reentrant model



MODULE INFORMATION

Module		Function		Class		Link	Load	Size
../../../../_ELECTRONIC/inc/spi_r.c
		_SPI_R_OpenSPI 		CODE           	1E98	0000	97
		_SPI_R_putsSPI 		CODE           	22FC	0000	41

../../../../_ELECTRONIC/inc/spi_r.c estimated size: 138

C:\Program Files (x86)\Microchip\xc8\v1.36\sources\common\memset.c
		_memset        		CODE           	21AE	0000	53

C:\Program Files (x86)\Microchip\xc8\v1.36\sources\common\memset.c estimated size: 53

../src/master/inc/src/usb_device_hid.c
		_USBCheckHIDRequest		CODE           	13E0	0000	219

../src/master/inc/src/usb_device_hid.c estimated size: 219

../src/master/system.c
		_SYS_InterruptHigh		CODE           	0008	0000	129
		_SYSTEM_Initialize		CODE           	1CD4	0000	123

../src/master/system.c estimated size: 252

../../../../_ELECTRONIC/inc/pwm_r.c
		_PWM_R_setPWM1 		CODE           	1FF6	0000	77
		_PWM_R_setPWM2 		CODE           	1FAA	0000	77
		_PWM_R_OpenPWM 		CODE           	21E2	0000	51

../../../../_ELECTRONIC/inc/pwm_r.c estimated size: 205

../src/master/app_master.c
		_APP_tick      		CODE           	1BCA	0000	137
		_APP_iddle     		CODE           	1592	0000	211
		_APP_DeviceCustomHIDInitialize		CODE           	2178	0000	55

../src/master/app_master.c estimated size: 403

C:\Program Files (x86)\Microchip\xc8\v1.36\sources\common\memcpy.c
		_memcpy        		CODE           	2084	0000	65

C:\Program Files (x86)\Microchip\xc8\v1.36\sources\common\memcpy.c estimated size: 65

../src/master/inc/src/usb_device.c
		_USBCtrlTrfInHandler		CODE           	18AE	0000	183
		_USBTransferOnePacket		CODE           	14BA	0000	217
		_USBDeviceAttach		CODE           	2246	0000	49
		_USBStdGetDscHandler		CODE           	0F0E	0000	289
		_USBCtrlEPAllowDataStage		CODE           	1A0E	0000	153
		_USBStdFeatureReqHandler		CODE           	08C8	0000	637
		_USBCtrlEPAllowStatusStage		CODE           	1732	0000	195
		_USBCtrlTrfSetupHandler		CODE           	1C52	0000	131
		_USBCtrlTrfOutHandler		CODE           	1EF8	0000	93
		_USBCtrlEPServiceComplete		CODE           	113A	0000	241
		_USBSuspend    		CODE           	22A4	0000	45
		_USBStdSetCfgHandler		CODE           	122A	0000	221
		_USBStdGetStatusHandler		CODE           	1964	0000	171
		_USBWakeFromSuspend		CODE           	2214	0000	51
		_USBCtrlTrfRxService		CODE           	102E	0000	269
		_USBCtrlTrfTxService		CODE           	1664	0000	207
		_USBEnableEndpoint		CODE           	213C	0000	61
		_USBConfigureEndpoint		CODE           	1AA6	0000	149
		_USBDeviceInit 		CODE           	0B44	0000	351
		_USBIncrement1msInternalTimers		CODE           	236E	0000	33
		_USBCtrlEPService		CODE           	1B3A	0000	145
		_USBStallHandler		CODE           	2042	0000	67
		_USBDeviceTasks		CODE           	0DE2	0000	301
		_USBCheckStdRequest		CODE           	1306	0000	219

../src/master/inc/src/usb_device.c estimated size: 4478

shared
		_configDescriptor1		SMALLCONST     	086B	0000	42
		_USB_CD_Ptr    		SMALLCONST     	0807	0000	3
		_sd001         		SMALLCONST     	0809	0000	53
		i2_SPI_R_OpenSPI		CODE           	1F54	0000	87
		_sd002         		SMALLCONST     	083D	0000	47
		i2_USBDeviceInit		CODE           	0CA2	0000	321
		i2_PWM_R_setPWM1		CODE           	2100	0000	61
		i2_PWM_R_setPWM2		CODE           	20C4	0000	61
		i2_PWM_R_OpenPWM		CODE           	2276	0000	47
		__initialization		CODE           	2324	0000	25
		_device_dsc    		SMALLCONST     	08B1	0000	19
		i2_SYSTEM_Initialize		CODE           	1E30	0000	105
		_USB_SD_Ptr    		SMALLCONST     	0801	0000	7
		_hid_rpt01     		SMALLCONST     	0894	0000	30
		i2_memset      		CODE           	22D0	0000	45
		_sd000         		SMALLCONST     	08C3	0000	5
		i2_USBTransferOnePacket		CODE           	17F4	0000	187

shared estimated size: 1145

../src/master/main.c
		_main          		CODE           	234A	0000	37
		_USER_USB_CALLBACK_EVENT_HANDLER		CODE           	1DC0	0000	113

../src/master/main.c estimated size: 150

