Microchip MPLAB XC8 Compiler V1.36 ()

Linker command line:

--edf=C:\Program Files (x86)\Microchip\xc8\v1.36\dat\en_msgs.txt -cs \
  -h+dist/PICDEM_FSUSB/production\MPLAB.X.production.sym \
  --cmf=dist/PICDEM_FSUSB/production\MPLAB.X.production.cmf -z -Q18F2550 \
  -oC:\Users\roberto\AppData\Local\Temp\s3vk.2 \
  -Mdist/PICDEM_FSUSB/production/MPLAB.X.production.map -E1 -ver=XC8 \
  -ASTACK=07Fh-03ffh -pstack=STACK -ACODE=00h-07FFFh -ACONST=00h-07FFFh \
  -ASMALLCONST=0800h-08FFhx120 -AMEDIUMCONST=0800h-07FFFh -ACOMRAM=01h-05Fh \
  -AABS1=00h-07FFh -ABIGRAM=01h-07FFh -ARAM=060h-0FFh,0100h-01FFhx7 \
  -ABANK0=060h-0FFh -ABANK1=0100h-01FFh -ABANK2=0200h-02FFh \
  -ABANK3=0300h-03FFh -ABANK4=0400h-04FFh -ABANK5=0500h-05FFh \
  -ABANK6=0600h-06FFh -ABANK7=0700h-07FFh -ASFR=0F60h-0FFFh \
  -preset_vec=00h,intcode=08h,intcodelo,powerup,init,end_init \
  -pramtop=0800h -psmallconst=SMALLCONST -pmediumconst=MEDIUMCONST \
  -pconst=CONST -AFARRAM=00h-00h -ACONFIG=0300000h-030000Dh -pconfig=CONFIG \
  -AIDLOC=0200000h-0200007h -pidloc=IDLOC -AEEDATA=0F00000h-0F000FFh \
  -peeprom_data=EEDATA \
  -prdata=COMRAM,nvrram=COMRAM,nvbit=COMRAM,rbss=COMRAM,rbit=COMRAM \
  -pfarbss=FARRAM,fardata=FARRAM,nvFARRAM=FARRAM \
  -pintsave_regs=BIGRAM,bigbss=BIGRAM,bigdata=BIGRAM -pbss=RAM \
  -pidata=CODE,irdata=CODE,ibigdata=CODE,ifardata=CODE -prparam=COMRAM \
  C:\Users\roberto\AppData\Local\Temp\s3vk.obj \
  dist/PICDEM_FSUSB/production\MPLAB.X.production.obj 

Object code version is 3.11

Machine type is 18F2550

Call graph: (short form)




                Name                               Link     Load   Length Selector   Space Scale
C:\Users\roberto\AppData\Local\Temp\s3vk.obj
                end_init                             16       16        4        4       0
                reset_vec                             0        0        4        0       0
                idloc                            200000   200000        8   200000       0
                config                           300000   300000        E   300000       0
dist/PICDEM_FSUSB/production\MPLAB.X.production.obj
                intcode                               8        8        E        4       0
                temp                                 55       55        1        1       1
                smallconst                          800      800       C8      400       0
                text50                             1862     1862       CE      464       0
                text49                             1B7E     1B7E       B6      464       0
                text48                             19FA     19FA       CA      464       0
                text47                             11FC     11FC      10C      464       0
                text46                             209A     209A       5C      464       0
                text45                             1D7E     1D7E       94      464       0
                text44                             2208     2208       3C      464       0
                text43                             1AC4     1AC4       BA      464       0
                text42                             235A     235A       36      464       0
                text41                             2324     2324       36      464       0
                text40                             22EE     22EE       36      464       0
                text39                             1F28     1F28       82      464       0
                text38                             16B0     16B0       DA      464       0
                text37                             258A     258A       12      464       0
                text36                             2558     2558       1C      464       0
                text35                             2516     2516       22      464       0
                text34                             22B8     22B8       36      464       0
                text33                             1930     1930       CA      464       0
                text32                             1FAA     1FAA       7E      464       0
                text31                              8C8      8C8      27C      464       0
                text30                             10DC     10DC      120      464       0
                text29                             1C34     1C34       AE      464       0
                text28                             2456     2456       2C      464       0
                text27                             14FA     14FA       DC      464       0
                text26                             15D6     15D6       DA      464       0
                text25                             1CE2     1CE2       9C      464       0
                text24                             1308     1308      100      464       0
                text23                             1EA2     1EA2       86      464       0
                text22                             218C     218C       40      464       0
                text21                             1E12     1E12       90      464       0
                text20                             24CE     24CE       26      464       0
                text19                             214A     214A       42      464       0
                text18                             2428     2428       2E      464       0
                text17                             23C4     23C4       34      464       0
                text16                              E66      E66      14A      464       0
                text15                              FB0      FB0      12C      464       0
                intcode_body                       2028     2028       72      464       0
                text13                             20F6     20F6       54      464       0
                text12                             21CC     21CC       3C      464       0
                text11                             227E     227E       3A      464       0
                text10                             178A     178A       D8      464       0
                text9                               B44      B44      1BA      464       0
                text8                              2574     2574       16      464       0
                text7                              24F4     24F4       22      464       0
                text6                              24A8     24A8       26      464       0
                text5                              2244     2244       3A      464       0
                text4                              1408     1408       F2      464       0
                text3                              23F8     23F8       30      464       0
                text2                              2390     2390       34      464       0
                text1                               CFE      CFE      168      464       0
                text0                              2538     2538       20      464       0
                cstackCOMRAM                         2B       2B       2A        1       1
                cstackBANK0                          75       75        A       60       1
                bssBANK0                             60       60       15       60       1
                bssCOMRAM                             1        1       2A        1       1
                cinit                              2482     2482       26      464       0

TOTAL           Name                               Link     Load   Length     Space
        CLASS   STACK          

        CLASS   CODE           
                end_init                             16       16        4         0
                intcode                               8        8        E         0
                reset_vec                             0        0        4         0
                text50                             1862     1862       CE         0
                text49                             1B7E     1B7E       B6         0
                text48                             19FA     19FA       CA         0
                text47                             11FC     11FC      10C         0
                text46                             209A     209A       5C         0
                text45                             1D7E     1D7E       94         0
                text44                             2208     2208       3C         0
                text43                             1AC4     1AC4       BA         0
                text42                             235A     235A       36         0
                text41                             2324     2324       36         0
                text40                             22EE     22EE       36         0
                text39                             1F28     1F28       82         0
                text38                             16B0     16B0       DA         0
                text37                             258A     258A       12         0
                text36                             2558     2558       1C         0
                text35                             2516     2516       22         0
                text34                             22B8     22B8       36         0
                text33                             1930     1930       CA         0
                text32                             1FAA     1FAA       7E         0
                text31                              8C8      8C8      27C         0
                text30                             10DC     10DC      120         0
                text29                             1C34     1C34       AE         0
                text28                             2456     2456       2C         0
                text27                             14FA     14FA       DC         0
                text26                             15D6     15D6       DA         0
                text25                             1CE2     1CE2       9C         0
                text24                             1308     1308      100         0
                text23                             1EA2     1EA2       86         0
                text22                             218C     218C       40         0
                text21                             1E12     1E12       90         0
                text20                             24CE     24CE       26         0
                text19                             214A     214A       42         0
                text18                             2428     2428       2E         0
                text17                             23C4     23C4       34         0
                text16                              E66      E66      14A         0
                text15                              FB0      FB0      12C         0
                intcode_body                       2028     2028       72         0
                text13                             20F6     20F6       54         0
                text12                             21CC     21CC       3C         0
                text11                             227E     227E       3A         0
                text10                             178A     178A       D8         0
                text9                               B44      B44      1BA         0
                text8                              2574     2574       16         0
                text7                              24F4     24F4       22         0
                text6                              24A8     24A8       26         0
                text5                              2244     2244       3A         0
                text4                              1408     1408       F2         0
                text3                              23F8     23F8       30         0
                text2                              2390     2390       34         0
                text1                               CFE      CFE      168         0
                text0                              2538     2538       20         0
                cinit                              2482     2482       26         0

        CLASS   CONST          

        CLASS   SMALLCONST     
                smallconst                          800      800       C8         0

        CLASS   MEDIUMCONST    

        CLASS   COMRAM         
                temp                                 55       55        1         1
                cstackCOMRAM                         2B       2B       2A         1
                bssCOMRAM                             1        1       2A         1

        CLASS   ABS1           
                abs_s1                              400      400       30         1
                abs_s1                              500      500       80         1

        CLASS   BIGRAM         

        CLASS   RAM            

        CLASS   BANK0          
                cstackBANK0                          75       75        A         1
                bssBANK0                             60       60       15         1

        CLASS   BANK1          

        CLASS   BANK2          

        CLASS   BANK3          

        CLASS   BANK4          

        CLASS   BANK5          

        CLASS   BANK6          

        CLASS   BANK7          

        CLASS   SFR            

        CLASS   FARRAM         

        CLASS   CONFIG         
                config                           300000   300000        E         0

        CLASS   IDLOC          
                idloc                            200000   200000        8         0

        CLASS   EEDATA         



SEGMENTS        Name                           Load    Length   Top    Selector   Space  Class

                reset_vec                      000000  000004  000004         0       0  CODE    
                bssCOMRAM                      000001  000055  000056         1       1  COMRAM  
                intcode                        000008  000012  00001A         4       0  CODE    
                bssBANK0                       000060  00001F  00007F        60       1  BANK0   
                smallconst                     000800  0000C8  0008C8       400       0  SMALLCON
                text31                         0008C8  001CD4  00259C       464       0  CODE    
                idloc                          200000  000008  200008    200000       0  IDLOC   
                config                         300000  00000E  30000E    300000       0  CONFIG  


UNUSED ADDRESS RANGES

        Name                Unused          Largest block    Delta
        BANK0            00007F-0000FF               81
        BANK1            000100-0001FF              100
        BANK2            000200-0002FF              100
        BANK3            000300-0003FF              100
        BANK4            000430-0004FF               D0
        BANK5            000580-0005FF               80
        BANK6            000600-0006FF              100
        BANK7            000700-0007FF              100
        BIGRAM           000056-00005F                A
                         00007F-0003FF              381
                         000430-0004FF               D0
                         000580-0007FF              280
        CODE             000004-000007                4
                         00001A-0007FF              7E6
                         00259C-007FFF             5A64
        COMRAM           000056-00005F                A
        CONST            000004-000007                4
                         00001A-0007FF              7E6
                         00259C-007FFF             5A64
        EEDATA           F00000-F000FF              100
        MEDIUMCONST      00259C-007FFF             5A64
        RAM              00007F-0003FF              100
                         000430-0004FF               D0
                         000580-0007FF              100
        SFR              000F60-000FFF               A0
        SMALLCONST       00259C-007FFF              100
        STACK            00007F-0003FF              381

                                  Symbol Table

?_ADC_Read10bit                           cstackBANK0  000075
?_USBTransferOnePacket                    cstackBANK0  000075
?i2_USBTransferOnePacket                  cstackCOMRAM 00002B
ADC_Enable@channel                        cstackBANK0  000075
ADC_Read10bit@channel                     cstackBANK0  00007A
ADC_Read10bit@result                      cstackBANK0  000078
ADC_SetConfiguration@configuration        cstackBANK0  000075
APP_DeviceCustomHIDTasks@pot              cstackBANK0  00007D
APP_LEDUpdateUSBStatus@ledCount           bssCOMRAM    000013
BUTTON_Enable@button                      cstackBANK0  000075
BUTTON_IsPressed@button                   cstackBANK0  000075
LED_Enable@led                            cstackBANK0  000075
LED_Off@led                               cstackCOMRAM 00002B
LED_On@led                                cstackCOMRAM 00002B
LED_Toggle@led                            cstackBANK0  000075
SYSTEM_Initialize@dut                     cstackBANK0  000078
SYSTEM_Initialize@state                   cstackBANK0  000077
USBConfigureEndpoint@EPNum                cstackCOMRAM 000030
USBConfigureEndpoint@direction            cstackCOMRAM 00002B
USBConfigureEndpoint@handle               cstackCOMRAM 000031
USBCtrlTrfInHandler@lastDTS               cstackCOMRAM 00002C
USBCtrlTrfRxService@byteToRead            cstackCOMRAM 00002C
USBCtrlTrfRxService@i                     cstackCOMRAM 00002B
USBCtrlTrfTxService@byteToSend            cstackCOMRAM 00002B
USBDeviceInit@i                           cstackBANK0  00007D
USBDeviceTasks@i                          cstackCOMRAM 000046
USBEnableEndpoint@ep                      cstackCOMRAM 000036
USBEnableEndpoint@options                 cstackCOMRAM 000033
USBEnableEndpoint@p                       cstackCOMRAM 000034
USBStdFeatureReqHandler@current_ep_data   cstackCOMRAM 000042
USBStdFeatureReqHandler@p                 cstackCOMRAM 000043
USBStdFeatureReqHandler@pUEP              cstackCOMRAM 000040
USBStdGetStatusHandler@p                  cstackCOMRAM 00002C
USBStdSetCfgHandler@i                     cstackCOMRAM 00003F
USBTransferOnePacket@data                 cstackBANK0  000076
USBTransferOnePacket@dir                  cstackBANK0  000075
USBTransferOnePacket@ep                   cstackBANK0  000079
USBTransferOnePacket@handle               cstackBANK0  00007A
USBTransferOnePacket@len                  cstackBANK0  000078
USER_USB_CALLBACK_EVENT_HANDLER@event     cstackCOMRAM 000037
USER_USB_CALLBACK_EVENT_HANDLER@pdata     cstackCOMRAM 000039
USER_USB_CALLBACK_EVENT_HANDLER@size      cstackCOMRAM 00003B
_ADCON0                                   (abs)        000FC2
_ADCON0bits                               (abs)        000FC2
_ADCON1bits                               (abs)        000FC1
_ADCON2                                   (abs)        000FC0
_ADCON2bits                               (abs)        000FC0
_ADC_Enable                               text8        002574
_ADC_Read10bit                            text13       0020F6
_ADC_SetConfiguration                     text7        0024F4
_ADRESH                                   (abs)        000FC4
_ADRESL                                   (abs)        000FC3
_APP_DeviceCustomHIDInitialize            text42       00235A
_APP_DeviceCustomHIDTasks                 text9        000B44
_APP_LEDUpdateUSBStatus                   text39       001F28
_BDT                                      (abs)        000400
_BUTTON_Enable                            text6        0024A8
_BUTTON_IsPressed                         text12       0021CC
_BothEP0OutUOWNsSet                       bssCOMRAM    00001F
_CCP1CONbits                              (abs)        000FBD
_CCP1M2                                   (abs)        007DEA
_CCP1M3                                   (abs)        007DEB
_CCP2CONbits                              (abs)        000FBA
_CCP2M2                                   (abs)        007DD2
_CCP2M3                                   (abs)        007DD3
_CCPR1L                                   (abs)        000FBE
_CCPR2L                                   (abs)        000FBB
_CtrlTrfData                              (abs)        000428
_INTCONbits                               (abs)        000FF2
_IPR2bits                                 (abs)        000FA2
_LATBbits                                 (abs)        000F8A
_LED_Enable                               text5        002244
_LED_Off                                  text41       002324
_LED_On                                   text40       0022EE
_LED_Toggle                               text11       00227E
_PIE2bits                                 (abs)        000FA0
_PIR2bits                                 (abs)        000FA1
_PORTBbits                                (abs)        000F81
_PR2                                      (abs)        000FCB
_RCONbits                                 (abs)        000FD0
_ReceivedDataBuffer                       (abs)        000500
_RemoteWakeup                             bssCOMRAM    000020
_SYSTEM_Initialize                        text4        001408
_SYS_InterruptHigh                        intcode      000008
_SetupPkt                                 (abs)        000420
_T2CKPS0                                  (abs)        007E50
_T2CKPS1                                  (abs)        007E51
_TMR2ON                                   (abs)        007E52
_TRISAbits                                (abs)        000F92
_TRISBbits                                (abs)        000F93
_TRISCbits                                (abs)        000F94
_ToSendDataBuffer                         (abs)        000540
_UADDR                                    (abs)        000F6E
_UCFG                                     (abs)        000F6F
_UCON                                     (abs)        000F6D
_UCONbits                                 (abs)        000F6D
_UEIE                                     (abs)        000F6B
_UEIR                                     (abs)        000F6A
_UEP0                                     (abs)        000F70
_UEP0bits                                 (abs)        000F70
_UEP1                                     (abs)        000F71
_UIE                                      (abs)        000F69
_UIEbits                                  (abs)        000F69
_UIR                                      (abs)        000F68
_UIRbits                                  (abs)        000F68
_USB1msTickCount                          bssBANK0     000060
_USBActiveConfiguration                   bssCOMRAM    000028
_USBAlternateInterface                    bssCOMRAM    000029
_USBBusIsSuspended                        bssCOMRAM    000021
_USBCheckHIDRequest                       text38       0016B0
_USBCheckStdRequest                       text26       0015D6
_USBConfigureEndpoint                     text45       001D7E
_USBCtrlEPAllowDataStage                  text25       001CE2
_USBCtrlEPAllowStatusStage                text48       0019FA
_USBCtrlEPService                         text21       001E12
_USBCtrlEPServiceComplete                 text24       001308
_USBCtrlTrfInHandler                      text49       001B7E
_USBCtrlTrfOutHandler                     text46       00209A
_USBCtrlTrfRxService                      text47       0011FC
_USBCtrlTrfSetupHandler                   text23       001EA2
_USBCtrlTrfTxService                      text50       001862
_USBDeferINDataStagePackets               bssBANK0     00006E
_USBDeferOUTDataStagePackets              bssBANK0     00006F
_USBDeferStatusStagePacket                bssCOMRAM    000022
_USBDeviceAttach                          text3        0023F8
_USBDeviceInit                            text1        000CFE
_USBDeviceState                           bssCOMRAM    000023
_USBDeviceTasks                           text15       000FB0
_USBEnableEndpoint                        text44       002208
_USBInHandle                              bssBANK0     000068
_USBIncrement1msInternalTimers            text20       0024CE
_USBOutHandle                             bssBANK0     00006A
_USBStallHandler                          text19       00214A
_USBStatusStageEnabledFlag1               bssBANK0     000070
_USBStatusStageEnabledFlag2               bssBANK0     000071
_USBStatusStageTimeoutCounter             bssCOMRAM    000024
_USBStdFeatureReqHandler                  text31       0008C8
_USBStdGetDscHandler                      text30       0010DC
_USBStdGetStatusHandler                   text29       001C34
_USBStdSetCfgHandler                      text27       0014FA
_USBSuspend                               text18       002428
_USBTicksSinceSuspendEnd                  bssBANK0     000072
_USBTransferOnePacket                     text10       00178A
_USBWakeFromSuspend                       text17       0023C4
_USB_CD_Ptr                               smallconst   000807
_USB_SD_Ptr                               smallconst   000801
_USER_USB_CALLBACK_EVENT_HANDLER          text32       001FAA
_USTAT                                    (abs)        000F6C
_USTATcopy                                bssCOMRAM    00002A
__CFG_BOR$ON                              (abs)        000000
__CFG_BORV$3                              (abs)        000000
__CFG_CP0$OFF                             (abs)        000000
__CFG_CP1$OFF                             (abs)        000000
__CFG_CPB$OFF                             (abs)        000000
__CFG_CPUDIV$OSC1_PLL2                    (abs)        000000
__CFG_EBTR0$OFF                           (abs)        000000
__CFG_EBTR1$OFF                           (abs)        000000
__CFG_EBTRB$OFF                           (abs)        000000
__CFG_FCMEN$OFF                           (abs)        000000
__CFG_FOSC$XTPLL_XT                       (abs)        000000
__CFG_IESO$OFF                            (abs)        000000
__CFG_LPT1OSC$OFF                         (abs)        000000
__CFG_LVP$OFF                             (abs)        000000
__CFG_MCLRE$ON                            (abs)        000000
__CFG_PBADEN$OFF                          (abs)        000000
__CFG_PLLDIV$1                            (abs)        000000
__CFG_PWRT$OFF                            (abs)        000000
__CFG_STVREN$ON                           (abs)        000000
__CFG_USBDIV$2                            (abs)        000000
__CFG_VREGEN$ON                           (abs)        000000
__CFG_WDT$OFF                             (abs)        000000
__CFG_WDTPS$32768                         (abs)        000000
__CFG_WRT0$OFF                            (abs)        000000
__CFG_WRT1$OFF                            (abs)        000000
__CFG_WRTB$OFF                            (abs)        000000
__CFG_WRTC$OFF                            (abs)        000000
__CFG_XINST$OFF                           (abs)        000000
__HRAM                                    (abs)        000000
__Habs1                                   abs1         000000
__Hbank0                                  bank0        000000
__Hbank1                                  bank1        000000
__Hbank2                                  bank2        000000
__Hbank3                                  bank3        000000
__Hbank4                                  bank4        000000
__Hbank5                                  bank5        000000
__Hbank6                                  bank6        000000
__Hbank7                                  bank7        000000
__Hbigbss                                 bigbss       000000
__Hbigdata                                bigdata      000000
__Hbigram                                 bigram       000000
__Hbss                                    bss          000000
__HbssBANK0                               bssBANK0     000000
__HbssCOMRAM                              bssCOMRAM    000000
__Hcinit                                  cinit        000000
__Hclrtext                                clrtext      000000
__Hcomram                                 comram       000000
__Hconfig                                 config       30000E
__Hconst                                  const        000000
__HcstackBANK0                            cstackBANK0  000000
__HcstackCOMRAM                           cstackCOMRAM 000000
__Hdata                                   data         000000
__Heeprom_data                            eeprom_data  000000
__Hend_init                               end_init     00001A
__Hfarbss                                 farbss       000000
__Hfardata                                fardata      000000
__Hibigdata                               ibigdata     000000
__Hidata                                  idata        000000
__Hidloc                                  idloc        200008
__Hifardata                               ifardata     000000
__Hinit                                   init         000016
__Hintcode                                intcode      000016
__Hintcode_body                           intcode_body 000000
__Hintcodelo                              intcodelo    000016
__Hintentry                               intentry     000000
__Hintret                                 intret       000000
__Hintsave_regs                           intsave_regs 000000
__Hirdata                                 irdata       000000
__Hmediumconst                            mediumconst  000000
__HnvFARRAM                               nvFARRAM     000000
__Hnvbit                                  nvbit        000000
__Hnvrram                                 nvrram       000000
__Hparam                                  rparam       000000
__Hpowerup                                powerup      000016
__Hram                                    ram          000000
__Hramtop                                 ramtop       000800
__Hrbit                                   rbit         000000
__Hrbss                                   rbss         000000
__Hrdata                                  rdata        000000
__Hreset_vec                              reset_vec    000004
__Hrparam                                 rparam       000000
__Hsfr                                    sfr          000000
__Hsmallconst                             smallconst   0008C8
__Hspace_0                                (abs)        30000E
__Hspace_1                                (abs)        00007F
__Hspace_2                                (abs)        000000
__Hstack                                  stack        000000
__Hstruct                                 struct       000000
__Htemp                                   temp         000056
__Htext                                   text         000000
__Htext0                                  text0        000000
__Htext1                                  text1        000000
__Htext10                                 text10       000000
__Htext11                                 text11       000000
__Htext12                                 text12       000000
__Htext13                                 text13       000000
__Htext15                                 text15       000000
__Htext16                                 text16       000000
__Htext17                                 text17       000000
__Htext18                                 text18       000000
__Htext19                                 text19       000000
__Htext2                                  text2        000000
__Htext20                                 text20       000000
__Htext21                                 text21       000000
__Htext22                                 text22       000000
__Htext23                                 text23       000000
__Htext24                                 text24       000000
__Htext25                                 text25       000000
__Htext26                                 text26       000000
__Htext27                                 text27       000000
__Htext28                                 text28       000000
__Htext29                                 text29       000000
__Htext3                                  text3        000000
__Htext30                                 text30       000000
__Htext31                                 text31       000000
__Htext32                                 text32       000000
__Htext33                                 text33       000000
__Htext34                                 text34       000000
__Htext35                                 text35       000000
__Htext36                                 text36       000000
__Htext37                                 text37       000000
__Htext38                                 text38       000000
__Htext39                                 text39       000000
__Htext4                                  text4        000000
__Htext40                                 text40       000000
__Htext41                                 text41       000000
__Htext42                                 text42       000000
__Htext43                                 text43       000000
__Htext44                                 text44       000000
__Htext45                                 text45       000000
__Htext46                                 text46       000000
__Htext47                                 text47       000000
__Htext48                                 text48       000000
__Htext49                                 text49       000000
__Htext5                                  text5        000000
__Htext50                                 text50       000000
__Htext6                                  text6        000000
__Htext7                                  text7        000000
__Htext8                                  text8        000000
__Htext9                                  text9        000000
__LRAM                                    (abs)        000001
__Labs1                                   abs1         000000
__Lbank0                                  bank0        000000
__Lbank1                                  bank1        000000
__Lbank2                                  bank2        000000
__Lbank3                                  bank3        000000
__Lbank4                                  bank4        000000
__Lbank5                                  bank5        000000
__Lbank6                                  bank6        000000
__Lbank7                                  bank7        000000
__Lbigbss                                 bigbss       000000
__Lbigdata                                bigdata      000000
__Lbigram                                 bigram       000000
__Lbss                                    bss          000000
__LbssBANK0                               bssBANK0     000000
__LbssCOMRAM                              bssCOMRAM    000000
__Lcinit                                  cinit        000000
__Lclrtext                                clrtext      000000
__Lcomram                                 comram       000000
__Lconfig                                 config       300000
__Lconst                                  const        000000
__LcstackBANK0                            cstackBANK0  000000
__LcstackCOMRAM                           cstackCOMRAM 000000
__Ldata                                   data         000000
__Leeprom_data                            eeprom_data  000000
__Lend_init                               end_init     000016
__Lfarbss                                 farbss       000000
__Lfardata                                fardata      000000
__Libigdata                               ibigdata     000000
__Lidata                                  idata        000000
__Lidloc                                  idloc        200000
__Lifardata                               ifardata     000000
__Linit                                   init         000016
__Lintcode                                intcode      000008
__Lintcode_body                           intcode_body 000000
__Lintcodelo                              intcodelo    000016
__Lintentry                               intentry     000000
__Lintret                                 intret       000000
__Lintsave_regs                           intsave_regs 000000
__Lirdata                                 irdata       000000
__Lmediumconst                            mediumconst  000000
__LnvFARRAM                               nvFARRAM     000000
__Lnvbit                                  nvbit        000000
__Lnvrram                                 nvrram       000000
__Lparam                                  rparam       000000
__Lpowerup                                powerup      000016
__Lram                                    ram          000000
__Lramtop                                 ramtop       000800
__Lrbit                                   rbit         000000
__Lrbss                                   rbss         000000
__Lrdata                                  rdata        000000
__Lreset_vec                              reset_vec    000000
__Lrparam                                 rparam       000000
__Lsfr                                    sfr          000000
__Lsmallconst                             smallconst   000800
__Lspace_0                                (abs)        000000
__Lspace_1                                (abs)        000000
__Lspace_2                                (abs)        000000
__Lstack                                  stack        000000
__Lstruct                                 struct       000000
__Ltemp                                   temp         000055
__Ltext                                   text         000000
__Ltext0                                  text0        000000
__Ltext1                                  text1        000000
__Ltext10                                 text10       000000
__Ltext11                                 text11       000000
__Ltext12                                 text12       000000
__Ltext13                                 text13       000000
__Ltext15                                 text15       000000
__Ltext16                                 text16       000000
__Ltext17                                 text17       000000
__Ltext18                                 text18       000000
__Ltext19                                 text19       000000
__Ltext2                                  text2        000000
__Ltext20                                 text20       000000
__Ltext21                                 text21       000000
__Ltext22                                 text22       000000
__Ltext23                                 text23       000000
__Ltext24                                 text24       000000
__Ltext25                                 text25       000000
__Ltext26                                 text26       000000
__Ltext27                                 text27       000000
__Ltext28                                 text28       000000
__Ltext29                                 text29       000000
__Ltext3                                  text3        000000
__Ltext30                                 text30       000000
__Ltext31                                 text31       000000
__Ltext32                                 text32       000000
__Ltext33                                 text33       000000
__Ltext34                                 text34       000000
__Ltext35                                 text35       000000
__Ltext36                                 text36       000000
__Ltext37                                 text37       000000
__Ltext38                                 text38       000000
__Ltext39                                 text39       000000
__Ltext4                                  text4        000000
__Ltext40                                 text40       000000
__Ltext41                                 text41       000000
__Ltext42                                 text42       000000
__Ltext43                                 text43       000000
__Ltext44                                 text44       000000
__Ltext45                                 text45       000000
__Ltext46                                 text46       000000
__Ltext47                                 text47       000000
__Ltext48                                 text48       000000
__Ltext49                                 text49       000000
__Ltext5                                  text5        000000
__Ltext50                                 text50       000000
__Ltext6                                  text6        000000
__Ltext7                                  text7        000000
__Ltext8                                  text8        000000
__Ltext9                                  text9        000000
__S0                                      (abs)        30000E
__S1                                      (abs)        00007F
__S2                                      (abs)        000000
___inthi_sp                               stack        000000
___intlo_sp                               stack        000000
___param_bank                             (abs)        000010
___rparam_used                            (abs)        000001
___sp                                     stack        000000
__accesstop                               (abs)        000060
__activetblptr                            (abs)        000002
__end_of_ADC_Enable                       text8        00258A
__end_of_ADC_Read10bit                    text13       00214A
__end_of_ADC_SetConfiguration             text7        002516
__end_of_APP_DeviceCustomHIDInitialize    text42       002390
__end_of_APP_DeviceCustomHIDTasks         text9        000CFE
__end_of_APP_LEDUpdateUSBStatus           text39       001FAA
__end_of_BUTTON_Enable                    text6        0024CE
__end_of_BUTTON_IsPressed                 text12       002208
__end_of_LED_Enable                       text5        00227E
__end_of_LED_Off                          text41       00235A
__end_of_LED_On                           text40       002324
__end_of_LED_Toggle                       text11       0022B8
__end_of_SYSTEM_Initialize                text4        0014FA
__end_of_SYS_InterruptHigh                intcode_body 00209A
__end_of_USBCheckHIDRequest               text38       00178A
__end_of_USBCheckStdRequest               text26       0016B0
__end_of_USBConfigureEndpoint             text45       001E12
__end_of_USBCtrlEPAllowDataStage          text25       001D7E
__end_of_USBCtrlEPAllowStatusStage        text48       001AC4
__end_of_USBCtrlEPService                 text21       001EA2
__end_of_USBCtrlEPServiceComplete         text24       001408
__end_of_USBCtrlTrfInHandler              text49       001C34
__end_of_USBCtrlTrfOutHandler             text46       0020F6
__end_of_USBCtrlTrfRxService              text47       001308
__end_of_USBCtrlTrfSetupHandler           text23       001F28
__end_of_USBCtrlTrfTxService              text50       001930
__end_of_USBDeviceAttach                  text3        002428
__end_of_USBDeviceInit                    text1        000E66
__end_of_USBDeviceTasks                   text15       0010DC
__end_of_USBEnableEndpoint                text44       002244
__end_of_USBIncrement1msInternalTimers    text20       0024F4
__end_of_USBStallHandler                  text19       00218C
__end_of_USBStdFeatureReqHandler          text31       000B44
__end_of_USBStdGetDscHandler              text30       0011FC
__end_of_USBStdGetStatusHandler           text29       001CE2
__end_of_USBStdSetCfgHandler              text27       0015D6
__end_of_USBSuspend                       text18       002456
__end_of_USBTransferOnePacket             text10       001862
__end_of_USBWakeFromSuspend               text17       0023F8
__end_of_USB_CD_Ptr                       smallconst   000809
__end_of_USB_SD_Ptr                       smallconst   000807
__end_of_USER_USB_CALLBACK_EVENT_HANDLER  text32       002028
__end_of__initialization                  cinit        00249A
__end_of_configDescriptor1                smallconst   000894
__end_of_device_dsc                       smallconst   0008C3
__end_of_hid_rpt01                        smallconst   0008B1
__end_of_main                             text0        002558
__end_of_memcpy                           text22       0021CC
__end_of_memset                           text2        0023C4
__end_of_sd000                            smallconst   0008C7
__end_of_sd001                            smallconst   00083D
__end_of_sd002                            smallconst   00086B
__end_ofi2_ADC_Enable                     text37       00259C
__end_ofi2_ADC_SetConfiguration           text36       002574
__end_ofi2_BUTTON_Enable                  text35       002538
__end_ofi2_LED_Enable                     text34       0022EE
__end_ofi2_SYSTEM_Initialize              text33       0019FA
__end_ofi2_USBDeviceInit                  text16       000FB0
__end_ofi2_USBTransferOnePacket           text43       001B7E
__end_ofi2_memset                         text28       002482
__initialization                          cinit        002482
__mediumconst                             mediumconst  000000
__pbssBANK0                               bssBANK0     000060
__pbssCOMRAM                              bssCOMRAM    000001
__pcinit                                  cinit        002482
__pcstackBANK0                            cstackBANK0  000075
__pcstackCOMRAM                           cstackCOMRAM 00002B
__pintcode                                intcode      000008
__pintcode_body                           intcode_body 002028
__psmallconst                             smallconst   000800
__ptext0                                  text0        002538
__ptext1                                  text1        000CFE
__ptext10                                 text10       00178A
__ptext11                                 text11       00227E
__ptext12                                 text12       0021CC
__ptext13                                 text13       0020F6
__ptext15                                 text15       000FB0
__ptext16                                 text16       000E66
__ptext17                                 text17       0023C4
__ptext18                                 text18       002428
__ptext19                                 text19       00214A
__ptext2                                  text2        002390
__ptext20                                 text20       0024CE
__ptext21                                 text21       001E12
__ptext22                                 text22       00218C
__ptext23                                 text23       001EA2
__ptext24                                 text24       001308
__ptext25                                 text25       001CE2
__ptext26                                 text26       0015D6
__ptext27                                 text27       0014FA
__ptext28                                 text28       002456
__ptext29                                 text29       001C34
__ptext3                                  text3        0023F8
__ptext30                                 text30       0010DC
__ptext31                                 text31       0008C8
__ptext32                                 text32       001FAA
__ptext33                                 text33       001930
__ptext34                                 text34       0022B8
__ptext35                                 text35       002516
__ptext36                                 text36       002558
__ptext37                                 text37       00258A
__ptext38                                 text38       0016B0
__ptext39                                 text39       001F28
__ptext4                                  text4        001408
__ptext40                                 text40       0022EE
__ptext41                                 text41       002324
__ptext42                                 text42       00235A
__ptext43                                 text43       001AC4
__ptext44                                 text44       002208
__ptext45                                 text45       001D7E
__ptext46                                 text46       00209A
__ptext47                                 text47       0011FC
__ptext48                                 text48       0019FA
__ptext49                                 text49       001B7E
__ptext5                                  text5        002244
__ptext50                                 text50       001862
__ptext6                                  text6        0024A8
__ptext7                                  text7        0024F4
__ptext8                                  text8        002574
__ptext9                                  text9        000B44
__ramtop                                  ramtop       000800
__size_of_ADC_Enable                      (abs)        000000
__size_of_ADC_Read10bit                   (abs)        000000
__size_of_ADC_SetConfiguration            (abs)        000000
__size_of_APP_DeviceCustomHIDInitialize   (abs)        000000
__size_of_APP_DeviceCustomHIDTasks        (abs)        000000
__size_of_APP_LEDUpdateUSBStatus          (abs)        000000
__size_of_BUTTON_Enable                   (abs)        000000
__size_of_BUTTON_IsPressed                (abs)        000000
__size_of_LED_Enable                      (abs)        000000
__size_of_LED_Off                         (abs)        000000
__size_of_LED_On                          (abs)        000000
__size_of_LED_Toggle                      (abs)        000000
__size_of_SYSTEM_Initialize               (abs)        000000
__size_of_SYS_InterruptHigh               (abs)        000000
__size_of_USBCheckHIDRequest              (abs)        000000
__size_of_USBCheckStdRequest              (abs)        000000
__size_of_USBConfigureEndpoint            (abs)        000000
__size_of_USBCtrlEPAllowDataStage         (abs)        000000
__size_of_USBCtrlEPAllowStatusStage       (abs)        000000
__size_of_USBCtrlEPService                (abs)        000000
__size_of_USBCtrlEPServiceComplete        (abs)        000000
__size_of_USBCtrlTrfInHandler             (abs)        000000
__size_of_USBCtrlTrfOutHandler            (abs)        000000
__size_of_USBCtrlTrfRxService             (abs)        000000
__size_of_USBCtrlTrfSetupHandler          (abs)        000000
__size_of_USBCtrlTrfTxService             (abs)        000000
__size_of_USBDeviceAttach                 (abs)        000000
__size_of_USBDeviceInit                   (abs)        000000
__size_of_USBDeviceTasks                  (abs)        000000
__size_of_USBEnableEndpoint               (abs)        000000
__size_of_USBIncrement1msInternalTimers   (abs)        000000
__size_of_USBStallHandler                 (abs)        000000
__size_of_USBStdFeatureReqHandler         (abs)        000000
__size_of_USBStdGetDscHandler             (abs)        000000
__size_of_USBStdGetStatusHandler          (abs)        000000
__size_of_USBStdSetCfgHandler             (abs)        000000
__size_of_USBSuspend                      (abs)        000000
__size_of_USBTransferOnePacket            (abs)        000000
__size_of_USBWakeFromSuspend              (abs)        000000
__size_of_USER_USB_CALLBACK_EVENT_HANDLER (abs)        000000
__size_of_main                            (abs)        000000
__size_of_memcpy                          (abs)        000000
__size_of_memset                          (abs)        000000
__size_ofi2_ADC_Enable                    (abs)        000000
__size_ofi2_ADC_SetConfiguration          (abs)        000000
__size_ofi2_BUTTON_Enable                 (abs)        000000
__size_ofi2_LED_Enable                    (abs)        000000
__size_ofi2_SYSTEM_Initialize             (abs)        000000
__size_ofi2_USBDeviceInit                 (abs)        000000
__size_ofi2_USBTransferOnePacket          (abs)        000000
__size_ofi2_memset                        (abs)        000000
__smallconst                              smallconst   000800
_active_protocol                          bssBANK0     000073
_c                                        bssCOMRAM    000015
_configDescriptor1                        smallconst   00086B
_controlTransferState                     bssCOMRAM    000025
_device_dsc                               smallconst   0008B1
_endpoint_number                          bssCOMRAM    000026
_ep_data_in                               bssCOMRAM    000017
_ep_data_out                              bssCOMRAM    000019
_hid_rpt01                                smallconst   000894
_idle_rate                                bssBANK0     000074
_inPipes                                  bssCOMRAM    000009
_main                                     text0        002538
_memcpy                                   text22       00218C
_memset                                   text2        002390
_outPipes                                 bssCOMRAM    000001
_pBDTEntryEP0OutCurrent                   bssCOMRAM    00001B
_pBDTEntryEP0OutNext                      bssCOMRAM    00001D
_pBDTEntryIn                              bssCOMRAM    00000F
_pBDTEntryOut                             bssBANK0     000064
_pDst                                     bssBANK0     00006C
_sd000                                    smallconst   0008C3
_sd001                                    smallconst   000809
_sd002                                    smallconst   00083D
_shortPacketStatus                        bssCOMRAM    000027
btemp                                     temp         000055
end_of_initialization                     cinit        00249A
i2ADC_Enable@channel                      cstackCOMRAM 00002B
i2ADC_SetConfiguration@configuration      cstackCOMRAM 00002B
i2BUTTON_Enable@button                    cstackCOMRAM 00002B
i2LED_Enable@led                          cstackCOMRAM 00002B
i2SYSTEM_Initialize@dut                   cstackCOMRAM 00002E
i2SYSTEM_Initialize@state                 cstackCOMRAM 00002D
i2USBDeviceInit@i                         cstackCOMRAM 000033
i2USBTransferOnePacket@data               cstackCOMRAM 00002C
i2USBTransferOnePacket@dir                cstackCOMRAM 00002B
i2USBTransferOnePacket@ep                 cstackCOMRAM 00002F
i2USBTransferOnePacket@handle             cstackCOMRAM 000030
i2USBTransferOnePacket@len                cstackCOMRAM 00002E
i2_ADC_Enable                             text37       00258A
i2_ADC_SetConfiguration                   text36       002558
i2_BUTTON_Enable                          text35       002516
i2_LED_Enable                             text34       0022B8
i2_SYSTEM_Initialize                      text33       001930
i2_USBDeviceInit                          text16       000E66
i2_USBTransferOnePacket                   text43       001AC4
i2_memset                                 text28       002456
i2memset@c                                cstackCOMRAM 00002D
i2memset@n                                cstackCOMRAM 00002F
i2memset@p                                cstackCOMRAM 000031
i2memset@p1                               cstackCOMRAM 00002B
int$flags                                 temp         000055
int_func                                  intcode_body 002028
intlevel0                                 text         000000
intlevel1                                 text         000000
intlevel2                                 text         000000
intlevel3                                 text         000000
memcpy@d                                  cstackCOMRAM 000031
memcpy@d1                                 cstackCOMRAM 00002B
memcpy@n                                  cstackCOMRAM 00002F
memcpy@s                                  cstackCOMRAM 000033
memcpy@s1                                 cstackCOMRAM 00002D
memset@c                                  cstackBANK0  000077
memset@n                                  cstackBANK0  000079
memset@p                                  cstackBANK0  00007B
memset@p1                                 cstackBANK0  000075
stackhi                                   (abs)        0003FF
stacklo                                   (abs)        00007F
start                                     init         000016
start_initialization                      cinit        002482


FUNCTION INFORMATION:

 *************** function _main *****************
 Defined at:
		line 35 in file "../src/main.c"
 Parameters:    Size  Location     Type
		None
 Auto vars:     Size  Location     Type
		None
 Return value:  Size  Location     Type
                  1    wreg      void 
 Registers used:
		wreg, fsr2l, fsr2h, status,2, status,0, prodl, prodh, cstack
 Tracked objects:
		On entry : 
		On exit  : 
		Unchanged: 
 Data sizes:     COMRAM   BANK0   BANK1   BANK2   BANK3   BANK4   BANK5   BANK6   BANK7
      Params:         0       0       0       0       0       0       0       0       0
      Locals:         0       0       0       0       0       0       0       0       0
      Temps:          0       0       0       0       0       0       0       0       0
      Totals:         0       0       0       0       0       0       0       0       0
Total ram usage:        0 bytes
 Hardware stack levels required when called:   12
 This function calls:
		_APP_DeviceCustomHIDTasks
		_SYSTEM_Initialize
		_USBDeviceAttach
		_USBDeviceInit
 This function is called by:
		Startup code after reset
 This function uses a non-reentrant model


 *************** function _USBDeviceInit *****************
 Defined at:
		line 295 in file "../inc/src/usb_device.c"
 Parameters:    Size  Location     Type
		None
 Auto vars:     Size  Location     Type
  i               1    8[BANK0 ] unsigned char 
 Return value:  Size  Location     Type
                  1    wreg      void 
 Registers used:
		wreg, fsr2l, fsr2h, status,2, status,0, prodl, prodh, cstack
 Tracked objects:
		On entry : 
		On exit  : 
		Unchanged: 
 Data sizes:     COMRAM   BANK0   BANK1   BANK2   BANK3   BANK4   BANK5   BANK6   BANK7
      Params:         0       0       0       0       0       0       0       0       0
      Locals:         0       1       0       0       0       0       0       0       0
      Temps:          0       0       0       0       0       0       0       0       0
      Totals:         0       1       0       0       0       0       0       0       0
Total ram usage:        1 bytes
 Hardware stack levels used:    1
 Hardware stack levels required when called:   11
 This function calls:
		_memset
 This function is called by:
		_main
 This function uses a non-reentrant model


 *************** function _memset *****************
 Defined at:
		line 8 in file "C:\Program Files (x86)\Microchip\xc8\v1.36\sources\common\memset.c"
 Parameters:    Size  Location     Type
  p1              2    0[BANK0 ] PTR void 
		 -> USBAlternateInterface(1), BDT(32), UEP1(1), 
  c               2    2[BANK0 ] int 
  n               2    4[BANK0 ] unsigned int 
 Auto vars:     Size  Location     Type
  p               2    6[BANK0 ] PTR unsigned char 
		 -> USBAlternateInterface(1), BDT(32), UEP1(1), 
 Return value:  Size  Location     Type
                  2    0[BANK0 ] PTR void 
 Registers used:
		wreg, fsr2l, fsr2h, status,2, status,0
 Tracked objects:
		On entry : 
		On exit  : 
		Unchanged: 
 Data sizes:     COMRAM   BANK0   BANK1   BANK2   BANK3   BANK4   BANK5   BANK6   BANK7
      Params:         0       6       0       0       0       0       0       0       0
      Locals:         0       2       0       0       0       0       0       0       0
      Temps:          0       0       0       0       0       0       0       0       0
      Totals:         0       8       0       0       0       0       0       0       0
Total ram usage:        8 bytes
 Hardware stack levels used:    1
 Hardware stack levels required when called:   10
 This function calls:
		Nothing
 This function is called by:
		_USBDeviceInit
 This function uses a non-reentrant model


 *************** function _USBDeviceAttach *****************
 Defined at:
		line 1370 in file "../inc/src/usb_device.c"
 Parameters:    Size  Location     Type
		None
 Auto vars:     Size  Location     Type
		None
 Return value:  Size  Location     Type
                  1    wreg      void 
 Registers used:
		wreg, status,2
 Tracked objects:
		On entry : 
		On exit  : 
		Unchanged: 
 Data sizes:     COMRAM   BANK0   BANK1   BANK2   BANK3   BANK4   BANK5   BANK6   BANK7
      Params:         0       0       0       0       0       0       0       0       0
      Locals:         0       0       0       0       0       0       0       0       0
      Temps:          0       0       0       0       0       0       0       0       0
      Totals:         0       0       0       0       0       0       0       0       0
Total ram usage:        0 bytes
 Hardware stack levels used:    1
 Hardware stack levels required when called:   10
 This function calls:
		Nothing
 This function is called by:
		_main
 This function uses a non-reentrant model


 *************** function _SYSTEM_Initialize *****************
 Defined at:
		line 87 in file "../system_config/system.c"
 Parameters:    Size  Location     Type
  state           1    wreg     enum E3817
 Auto vars:     Size  Location     Type
  state           1    2[BANK0 ] enum E3817
  dut             2    3[BANK0 ] unsigned int 
 Return value:  Size  Location     Type
                  1    wreg      void 
 Registers used:
		wreg, status,2, status,0, cstack
 Tracked objects:
		On entry : 
		On exit  : 
		Unchanged: 
 Data sizes:     COMRAM   BANK0   BANK1   BANK2   BANK3   BANK4   BANK5   BANK6   BANK7
      Params:         0       0       0       0       0       0       0       0       0
      Locals:         0       3       0       0       0       0       0       0       0
      Temps:          0       1       0       0       0       0       0       0       0
      Totals:         0       4       0       0       0       0       0       0       0
Total ram usage:        4 bytes
 Hardware stack levels used:    1
 Hardware stack levels required when called:   11
 This function calls:
		_ADC_Enable
		_ADC_SetConfiguration
		_BUTTON_Enable
		_LED_Enable
 This function is called by:
		_main
 This function uses a non-reentrant model


 *************** function _LED_Enable *****************
 Defined at:
		line 257 in file "../bsp/leds.c"
 Parameters:    Size  Location     Type
  led             1    wreg     enum E2
 Auto vars:     Size  Location     Type
  led             1    0[BANK0 ] enum E2
 Return value:  Size  Location     Type
                  1    wreg      void 
 Registers used:
		wreg, status,2, status,0
 Tracked objects:
		On entry : 
		On exit  : 
		Unchanged: 
 Data sizes:     COMRAM   BANK0   BANK1   BANK2   BANK3   BANK4   BANK5   BANK6   BANK7
      Params:         0       0       0       0       0       0       0       0       0
      Locals:         0       1       0       0       0       0       0       0       0
      Temps:          0       0       0       0       0       0       0       0       0
      Totals:         0       1       0       0       0       0       0       0       0
Total ram usage:        1 bytes
 Hardware stack levels used:    1
 Hardware stack levels required when called:   10
 This function calls:
		Nothing
 This function is called by:
		_SYSTEM_Initialize
 This function uses a non-reentrant model


 *************** function _BUTTON_Enable *****************
 Defined at:
		line 128 in file "../bsp/buttons.c"
 Parameters:    Size  Location     Type
  button          1    wreg     enum E3743
 Auto vars:     Size  Location     Type
  button          1    0[BANK0 ] enum E3743
 Return value:  Size  Location     Type
                  1    wreg      void 
 Registers used:
		wreg, status,2, status,0
 Tracked objects:
		On entry : 
		On exit  : 
		Unchanged: 
 Data sizes:     COMRAM   BANK0   BANK1   BANK2   BANK3   BANK4   BANK5   BANK6   BANK7
      Params:         0       0       0       0       0       0       0       0       0
      Locals:         0       1       0       0       0       0       0       0       0
      Temps:          0       0       0       0       0       0       0       0       0
      Totals:         0       1       0       0       0       0       0       0       0
Total ram usage:        1 bytes
 Hardware stack levels used:    1
 Hardware stack levels required when called:   10
 This function calls:
		Nothing
 This function is called by:
		_SYSTEM_Initialize
 This function uses a non-reentrant model


 *************** function _ADC_SetConfiguration *****************
 Defined at:
		line 177 in file "../bsp/adc.c"
 Parameters:    Size  Location     Type
  configuratio    1    wreg     enum E33
 Auto vars:     Size  Location     Type
  configuratio    1    0[BANK0 ] enum E33
 Return value:  Size  Location     Type
                  1    wreg      unsigned char 
 Registers used:
		wreg, status,2
 Tracked objects:
		On entry : 
		On exit  : 
		Unchanged: 
 Data sizes:     COMRAM   BANK0   BANK1   BANK2   BANK3   BANK4   BANK5   BANK6   BANK7
      Params:         0       0       0       0       0       0       0       0       0
      Locals:         0       1       0       0       0       0       0       0       0
      Temps:          0       0       0       0       0       0       0       0       0
      Totals:         0       1       0       0       0       0       0       0       0
Total ram usage:        1 bytes
 Hardware stack levels used:    1
 Hardware stack levels required when called:   10
 This function calls:
		Nothing
 This function is called by:
		_SYSTEM_Initialize
 This function uses a non-reentrant model


 *************** function _ADC_Enable *****************
 Defined at:
		line 152 in file "../bsp/adc.c"
 Parameters:    Size  Location     Type
  channel         1    wreg     enum E30
 Auto vars:     Size  Location     Type
  channel         1    0[BANK0 ] enum E30
 Return value:  Size  Location     Type
                  1    wreg      unsigned char 
 Registers used:
		wreg, status,2, status,0
 Tracked objects:
		On entry : 
		On exit  : 
		Unchanged: 
 Data sizes:     COMRAM   BANK0   BANK1   BANK2   BANK3   BANK4   BANK5   BANK6   BANK7
      Params:         0       0       0       0       0       0       0       0       0
      Locals:         0       1       0       0       0       0       0       0       0
      Temps:          0       0       0       0       0       0       0       0       0
      Totals:         0       1       0       0       0       0       0       0       0
Total ram usage:        1 bytes
 Hardware stack levels used:    1
 Hardware stack levels required when called:   10
 This function calls:
		Nothing
 This function is called by:
		_SYSTEM_Initialize
 This function uses a non-reentrant model


 *************** function _APP_DeviceCustomHIDTasks *****************
 Defined at:
		line 116 in file "../src/app_device_custom_hid.c"
 Parameters:    Size  Location     Type
		None
 Auto vars:     Size  Location     Type
  pot             2    8[BANK0 ] unsigned int 
 Return value:  Size  Location     Type
                  1    wreg      void 
 Registers used:
		wreg, fsr2l, fsr2h, status,2, status,0, prodl, prodh, cstack
 Tracked objects:
		On entry : 
		On exit  : 
		Unchanged: 
 Data sizes:     COMRAM   BANK0   BANK1   BANK2   BANK3   BANK4   BANK5   BANK6   BANK7
      Params:         0       0       0       0       0       0       0       0       0
      Locals:         0       2       0       0       0       0       0       0       0
      Temps:          0       1       0       0       0       0       0       0       0
      Totals:         0       3       0       0       0       0       0       0       0
Total ram usage:        3 bytes
 Hardware stack levels used:    1
 Hardware stack levels required when called:   11
 This function calls:
		_ADC_Read10bit
		_BUTTON_IsPressed
		_LED_Toggle
		_USBTransferOnePacket
 This function is called by:
		_main
 This function uses a non-reentrant model


 *************** function _USBTransferOnePacket *****************
 Defined at:
		line 1013 in file "../inc/src/usb_device.c"
 Parameters:    Size  Location     Type
  ep              1    wreg     unsigned char 
  dir             1    0[BANK0 ] unsigned char 
  data            2    1[BANK0 ] PTR unsigned char 
		 -> ToSendDataBuffer(64), ReceivedDataBuffer(64), 
  len             1    3[BANK0 ] unsigned char 
 Auto vars:     Size  Location     Type
  ep              1    4[BANK0 ] unsigned char 
  handle          2    5[BANK0 ] PTR volatile struct __BD
		 -> BDT(32), NULL(0), 
 Return value:  Size  Location     Type
                  2    0[BANK0 ] PTR void 
 Registers used:
		wreg, fsr2l, fsr2h, status,2, status,0, prodl, prodh
 Tracked objects:
		On entry : 
		On exit  : 
		Unchanged: 
 Data sizes:     COMRAM   BANK0   BANK1   BANK2   BANK3   BANK4   BANK5   BANK6   BANK7
      Params:         0       4       0       0       0       0       0       0       0
      Locals:         0       3       0       0       0       0       0       0       0
      Temps:          0       0       0       0       0       0       0       0       0
      Totals:         0       7       0       0       0       0       0       0       0
Total ram usage:        7 bytes
 Hardware stack levels used:    1
 Hardware stack levels required when called:   10
 This function calls:
		Nothing
 This function is called by:
		_APP_DeviceCustomHIDTasks
 This function uses a non-reentrant model


 *************** function _LED_Toggle *****************
 Defined at:
		line 178 in file "../bsp/leds.c"
 Parameters:    Size  Location     Type
  led             1    wreg     enum E2
 Auto vars:     Size  Location     Type
  led             1    0[BANK0 ] enum E2
 Return value:  Size  Location     Type
                  1    wreg      void 
 Registers used:
		wreg, status,2, status,0
 Tracked objects:
		On entry : 
		On exit  : 
		Unchanged: 
 Data sizes:     COMRAM   BANK0   BANK1   BANK2   BANK3   BANK4   BANK5   BANK6   BANK7
      Params:         0       0       0       0       0       0       0       0       0
      Locals:         0       1       0       0       0       0       0       0       0
      Temps:          0       0       0       0       0       0       0       0       0
      Totals:         0       1       0       0       0       0       0       0       0
Total ram usage:        1 bytes
 Hardware stack levels used:    1
 Hardware stack levels required when called:   10
 This function calls:
		Nothing
 This function is called by:
		_APP_DeviceCustomHIDTasks
 This function uses a non-reentrant model


 *************** function _BUTTON_IsPressed *****************
 Defined at:
		line 95 in file "../bsp/buttons.c"
 Parameters:    Size  Location     Type
  button          1    wreg     enum E3743
 Auto vars:     Size  Location     Type
  button          1    0[BANK0 ] enum E3743
 Return value:  Size  Location     Type
                  1    wreg      unsigned char 
 Registers used:
		wreg, status,2, status,0
 Tracked objects:
		On entry : 
		On exit  : 
		Unchanged: 
 Data sizes:     COMRAM   BANK0   BANK1   BANK2   BANK3   BANK4   BANK5   BANK6   BANK7
      Params:         0       0       0       0       0       0       0       0       0
      Locals:         0       1       0       0       0       0       0       0       0
      Temps:          0       0       0       0       0       0       0       0       0
      Totals:         0       1       0       0       0       0       0       0       0
Total ram usage:        1 bytes
 Hardware stack levels used:    1
 Hardware stack levels required when called:   10
 This function calls:
		Nothing
 This function is called by:
		_APP_DeviceCustomHIDTasks
 This function uses a non-reentrant model


 *************** function _ADC_Read10bit *****************
 Defined at:
		line 115 in file "../bsp/adc.c"
 Parameters:    Size  Location     Type
  channel         1    wreg     enum E30
 Auto vars:     Size  Location     Type
  channel         1    5[BANK0 ] enum E30
  result          2    3[BANK0 ] unsigned int 
 Return value:  Size  Location     Type
                  2    0[BANK0 ] unsigned int 
 Registers used:
		wreg, status,2, status,0
 Tracked objects:
		On entry : 
		On exit  : 
		Unchanged: 
 Data sizes:     COMRAM   BANK0   BANK1   BANK2   BANK3   BANK4   BANK5   BANK6   BANK7
      Params:         0       2       0       0       0       0       0       0       0
      Locals:         0       3       0       0       0       0       0       0       0
      Temps:          0       1       0       0       0       0       0       0       0
      Totals:         0       6       0       0       0       0       0       0       0
Total ram usage:        6 bytes
 Hardware stack levels used:    1
 Hardware stack levels required when called:   10
 This function calls:
		Nothing
 This function is called by:
		_APP_DeviceCustomHIDTasks
		_ADC_ReadPercentage
 This function uses a non-reentrant model


 *************** function _SYS_InterruptHigh *****************
 Defined at:
		line 154 in file "../system_config/system.c"
 Parameters:    Size  Location     Type
		None
 Auto vars:     Size  Location     Type
		None
 Return value:  Size  Location     Type
                  1    wreg      void 
 Registers used:
		wreg, fsr0l, fsr0h, fsr1l, fsr1h, fsr2l, fsr2h, status,2, status,0, tblptrl, tblptrh, tblptru, prodl, prodh, cstack
 Tracked objects:
		On entry : 
		On exit  : 
		Unchanged: 
 Data sizes:     COMRAM   BANK0   BANK1   BANK2   BANK3   BANK4   BANK5   BANK6   BANK7
      Params:         0       0       0       0       0       0       0       0       0
      Locals:         0       0       0       0       0       0       0       0       0
      Temps:         14       0       0       0       0       0       0       0       0
      Totals:        14       0       0       0       0       0       0       0       0
Total ram usage:       14 bytes
 Hardware stack levels used:    1
 Hardware stack levels required when called:    9
 This function calls:
		_USBDeviceTasks
 This function is called by:
		Interrupt level 2
 This function uses a non-reentrant model


 *************** function _USBDeviceTasks *****************
 Defined at:
		line 495 in file "../inc/src/usb_device.c"
 Parameters:    Size  Location     Type
		None
 Auto vars:     Size  Location     Type
  i               1   27[COMRAM] unsigned char 
 Return value:  Size  Location     Type
                  1    wreg      void 
 Registers used:
		wreg, fsr0l, fsr0h, fsr1l, fsr1h, fsr2l, fsr2h, status,2, status,0, tblptrl, tblptrh, tblptru, prodl, prodh, cstack
 Tracked objects:
		On entry : 
		On exit  : 
		Unchanged: 
 Data sizes:     COMRAM   BANK0   BANK1   BANK2   BANK3   BANK4   BANK5   BANK6   BANK7
      Params:         0       0       0       0       0       0       0       0       0
      Locals:         1       0       0       0       0       0       0       0       0
      Temps:          0       0       0       0       0       0       0       0       0
      Totals:         1       0       0       0       0       0       0       0       0
Total ram usage:        1 bytes
 Hardware stack levels used:    1
 Hardware stack levels required when called:    8
 This function calls:
		_USBCtrlEPAllowStatusStage
		_USBCtrlEPService
		_USBIncrement1msInternalTimers
		_USBStallHandler
		_USBSuspend
		_USBWakeFromSuspend
		_USER_USB_CALLBACK_EVENT_HANDLER
		i2_USBDeviceInit
 This function is called by:
		_SYS_InterruptHigh
 This function uses a non-reentrant model


 *************** function i2_USBDeviceInit *****************
 Defined at:
		line 295 in file "../inc/src/usb_device.c"
 Parameters:    Size  Location     Type
		None
 Auto vars:     Size  Location     Type
  USBDeviceIni    1    8[COMRAM] unsigned char 
 Return value:  Size  Location     Type
                  1    wreg      void 
 Registers used:
		wreg, fsr2l, fsr2h, status,2, status,0, prodl, prodh, cstack
 Tracked objects:
		On entry : 
		On exit  : 
		Unchanged: 
 Data sizes:     COMRAM   BANK0   BANK1   BANK2   BANK3   BANK4   BANK5   BANK6   BANK7
      Params:         0       0       0       0       0       0       0       0       0
      Locals:         1       0       0       0       0       0       0       0       0
      Temps:          0       0       0       0       0       0       0       0       0
      Totals:         1       0       0       0       0       0       0       0       0
Total ram usage:        1 bytes
 Hardware stack levels used:    1
 Hardware stack levels required when called:    1
 This function calls:
		i2_memset
 This function is called by:
		_USBDeviceTasks
 This function uses a non-reentrant model


 *************** function _USBWakeFromSuspend *****************
 Defined at:
		line 2321 in file "../inc/src/usb_device.c"
 Parameters:    Size  Location     Type
		None
 Auto vars:     Size  Location     Type
		None
 Return value:  Size  Location     Type
                  1    wreg      void 
 Registers used:
		wreg, fsr2l, fsr2h, status,2, status,0, prodl, prodh, cstack
 Tracked objects:
		On entry : 
		On exit  : 
		Unchanged: 
 Data sizes:     COMRAM   BANK0   BANK1   BANK2   BANK3   BANK4   BANK5   BANK6   BANK7
      Params:         0       0       0       0       0       0       0       0       0
      Locals:         0       0       0       0       0       0       0       0       0
      Temps:          0       0       0       0       0       0       0       0       0
      Totals:         0       0       0       0       0       0       0       0       0
Total ram usage:        0 bytes
 Hardware stack levels used:    1
 Hardware stack levels required when called:    4
 This function calls:
		_USER_USB_CALLBACK_EVENT_HANDLER
 This function is called by:
		_USBDeviceTasks
 This function uses a non-reentrant model


 *************** function _USBSuspend *****************
 Defined at:
		line 2263 in file "../inc/src/usb_device.c"
 Parameters:    Size  Location     Type
		None
 Auto vars:     Size  Location     Type
		None
 Return value:  Size  Location     Type
                  1    wreg      void 
 Registers used:
		wreg, fsr2l, fsr2h, status,2, status,0, prodl, prodh, cstack
 Tracked objects:
		On entry : 
		On exit  : 
		Unchanged: 
 Data sizes:     COMRAM   BANK0   BANK1   BANK2   BANK3   BANK4   BANK5   BANK6   BANK7
      Params:         0       0       0       0       0       0       0       0       0
      Locals:         0       0       0       0       0       0       0       0       0
      Temps:          0       0       0       0       0       0       0       0       0
      Totals:         0       0       0       0       0       0       0       0       0
Total ram usage:        0 bytes
 Hardware stack levels used:    1
 Hardware stack levels required when called:    4
 This function calls:
		_USER_USB_CALLBACK_EVENT_HANDLER
 This function is called by:
		_USBDeviceTasks
 This function uses a non-reentrant model


 *************** function _USBStallHandler *****************
 Defined at:
		line 2220 in file "../inc/src/usb_device.c"
 Parameters:    Size  Location     Type
		None
 Auto vars:     Size  Location     Type
		None
 Return value:  Size  Location     Type
                  1    wreg      void 
 Registers used:
		wreg, fsr2l, fsr2h, status,2, status,0
 Tracked objects:
		On entry : 
		On exit  : 
		Unchanged: 
[...]
      Locals:         1       0       0       0       0       0       0       0       0
      Temps:          0       0       0       0       0       0       0       0       0
      Totals:         1       0       0       0       0       0       0       0       0
Total ram usage:        1 bytes
 Hardware stack levels used:    1
 This function calls:
		Nothing
 This function is called by:
		i2_SYSTEM_Initialize
 This function uses a non-reentrant model


 *************** function _USBCheckHIDRequest *****************
 Defined at:
		line 153 in file "../inc/src/usb_device_hid.c"
 Parameters:    Size  Location     Type
		None
 Auto vars:     Size  Location     Type
		None
 Return value:  Size  Location     Type
                  1    wreg      void 
 Registers used:
		wreg, status,2, status,0
 Tracked objects:
		On entry : 
		On exit  : 
		Unchanged: 
 Data sizes:     COMRAM   BANK0   BANK1   BANK2   BANK3   BANK4   BANK5   BANK6   BANK7
      Params:         0       0       0       0       0       0       0       0       0
      Locals:         0       0       0       0       0       0       0       0       0
      Temps:          0       0       0       0       0       0       0       0       0
      Totals:         0       0       0       0       0       0       0       0       0
Total ram usage:        0 bytes
 Hardware stack levels used:    1
 This function calls:
		Nothing
 This function is called by:
		_USER_USB_CALLBACK_EVENT_HANDLER
 This function uses a non-reentrant model


 *************** function _APP_LEDUpdateUSBStatus *****************
 Defined at:
		line 75 in file "../src/app_led_usb_status.c"
 Parameters:    Size  Location     Type
		None
 Auto vars:     Size  Location     Type
		None
 Return value:  Size  Location     Type
                  1    wreg      void 
 Registers used:
		wreg, status,2, status,0, cstack
 Tracked objects:
		On entry : 
		On exit  : 
		Unchanged: 
 Data sizes:     COMRAM   BANK0   BANK1   BANK2   BANK3   BANK4   BANK5   BANK6   BANK7
      Params:         0       0       0       0       0       0       0       0       0
      Locals:         0       0       0       0       0       0       0       0       0
      Temps:          0       0       0       0       0       0       0       0       0
      Totals:         0       0       0       0       0       0       0       0       0
Total ram usage:        0 bytes
 Hardware stack levels used:    1
 Hardware stack levels required when called:    1
 This function calls:
		_LED_Off
		_LED_On
 This function is called by:
		_USER_USB_CALLBACK_EVENT_HANDLER
 This function uses a non-reentrant model


 *************** function _LED_On *****************
 Defined at:
		line 96 in file "../bsp/leds.c"
 Parameters:    Size  Location     Type
  led             1    wreg     enum E2
 Auto vars:     Size  Location     Type
  led             1    0[COMRAM] enum E2
 Return value:  Size  Location     Type
                  1    wreg      void 
 Registers used:
		wreg, status,2, status,0
 Tracked objects:
		On entry : 
		On exit  : 
		Unchanged: 
 Data sizes:     COMRAM   BANK0   BANK1   BANK2   BANK3   BANK4   BANK5   BANK6   BANK7
      Params:         0       0       0       0       0       0       0       0       0
      Locals:         1       0       0       0       0       0       0       0       0
      Temps:          0       0       0       0       0       0       0       0       0
      Totals:         1       0       0       0       0       0       0       0       0
Total ram usage:        1 bytes
 Hardware stack levels used:    1
 This function calls:
		Nothing
 This function is called by:
		_APP_LEDUpdateUSBStatus
 This function uses a non-reentrant model


 *************** function _LED_Off *****************
 Defined at:
		line 137 in file "../bsp/leds.c"
 Parameters:    Size  Location     Type
  led             1    wreg     enum E2
 Auto vars:     Size  Location     Type
  led             1    0[COMRAM] enum E2
 Return value:  Size  Location     Type
                  1    wreg      void 
 Registers used:
		wreg, status,2, status,0
 Tracked objects:
		On entry : 
		On exit  : 
		Unchanged: 
 Data sizes:     COMRAM   BANK0   BANK1   BANK2   BANK3   BANK4   BANK5   BANK6   BANK7
      Params:         0       0       0       0       0       0       0       0       0
      Locals:         1       0       0       0       0       0       0       0       0
      Temps:          0       0       0       0       0       0       0       0       0
      Totals:         1       0       0       0       0       0       0       0       0
Total ram usage:        1 bytes
 Hardware stack levels used:    1
 This function calls:
		Nothing
 This function is called by:
		_APP_LEDUpdateUSBStatus
 This function uses a non-reentrant model


 *************** function _APP_DeviceCustomHIDInitialize *****************
 Defined at:
		line 89 in file "../src/app_device_custom_hid.c"
 Parameters:    Size  Location     Type
		None
 Auto vars:     Size  Location     Type
		None
 Return value:  Size  Location     Type
                  1    wreg      void 
 Registers used:
		wreg, fsr2l, fsr2h, status,2, status,0, prodl, prodh, cstack
 Tracked objects:
		On entry : 
		On exit  : 
		Unchanged: 
 Data sizes:     COMRAM   BANK0   BANK1   BANK2   BANK3   BANK4   BANK5   BANK6   BANK7
      Params:         0       0       0       0       0       0       0       0       0
      Locals:         0       0       0       0       0       0       0       0       0
      Temps:          0       0       0       0       0       0       0       0       0
      Totals:         0       0       0       0       0       0       0       0       0
Total ram usage:        0 bytes
 Hardware stack levels used:    1
 Hardware stack levels required when called:    2
 This function calls:
		_USBEnableEndpoint
		i2_USBTransferOnePacket
 This function is called by:
		_USER_USB_CALLBACK_EVENT_HANDLER
 This function uses a non-reentrant model


 *************** function i2_USBTransferOnePacket *****************
 Defined at:
		line 1013 in file "../inc/src/usb_device.c"
 Parameters:    Size  Location     Type
  ep              1    wreg     unsigned char 
  dir             1    0[COMRAM] unsigned char 
  data            2    1[COMRAM] PTR unsigned char 
		 -> ToSendDataBuffer(64), ReceivedDataBuffer(64), 
  len             1    3[COMRAM] unsigned char 
 Auto vars:     Size  Location     Type
  ep              1    4[COMRAM] unsigned char 
  USBTransferO    2    5[COMRAM] PTR volatile struct __BD
		 -> BDT(32), NULL(0), 
 Return value:  Size  Location     Type
                  2    0[COMRAM] PTR void 
 Registers used:
		wreg, fsr2l, fsr2h, status,2, status,0, prodl, prodh
 Tracked objects:
		On entry : 
		On exit  : 
		Unchanged: 
 Data sizes:     COMRAM   BANK0   BANK1   BANK2   BANK3   BANK4   BANK5   BANK6   BANK7
      Params:         4       0       0       0       0       0       0       0       0
      Locals:         3       0       0       0       0       0       0       0       0
      Temps:          0       0       0       0       0       0       0       0       0
      Totals:         7       0       0       0       0       0       0       0       0
Total ram usage:        7 bytes
 Hardware stack levels used:    1
 This function calls:
		Nothing
 This function is called by:
		_APP_DeviceCustomHIDInitialize
 This function uses a non-reentrant model


 *************** function _USBEnableEndpoint *****************
 Defined at:
		line 896 in file "../inc/src/usb_device.c"
 Parameters:    Size  Location     Type
  ep              1    wreg     unsigned char 
  options         1    8[COMRAM] unsigned char 
 Auto vars:     Size  Location     Type
  ep              1   11[COMRAM] unsigned char 
  p               2    9[COMRAM] PTR unsigned char 
		 -> UEP0(1), 
 Return value:  Size  Location     Type
                  1    wreg      void 
 Registers used:
		wreg, fsr2l, fsr2h, status,2, status,0, prodl, prodh, cstack
 Tracked objects:
		On entry : 
		On exit  : 
		Unchanged: 
 Data sizes:     COMRAM   BANK0   BANK1   BANK2   BANK3   BANK4   BANK5   BANK6   BANK7
      Params:         1       0       0       0       0       0       0       0       0
      Locals:         3       0       0       0       0       0       0       0       0
      Temps:          0       0       0       0       0       0       0       0       0
      Totals:         4       0       0       0       0       0       0       0       0
Total ram usage:        4 bytes
 Hardware stack levels used:    1
 Hardware stack levels required when called:    1
 This function calls:
		_USBConfigureEndpoint
 This function is called by:
		_APP_DeviceCustomHIDInitialize
 This function uses a non-reentrant model


 *************** function _USBConfigureEndpoint *****************
 Defined at:
		line 1561 in file "../inc/src/usb_device.c"
 Parameters:    Size  Location     Type
  EPNum           1    wreg     unsigned char 
  direction       1    0[COMRAM] unsigned char 
 Auto vars:     Size  Location     Type
  EPNum           1    5[COMRAM] unsigned char 
  handle          2    6[COMRAM] PTR volatile struct __BD
		 -> BDT(32), 
 Return value:  Size  Location     Type
                  1    wreg      void 
 Registers used:
		wreg, fsr2l, fsr2h, status,2, status,0, prodl, prodh
 Tracked objects:
		On entry : 
		On exit  : 
		Unchanged: 
 Data sizes:     COMRAM   BANK0   BANK1   BANK2   BANK3   BANK4   BANK5   BANK6   BANK7
      Params:         1       0       0       0       0       0       0       0       0
      Locals:         3       0       0       0       0       0       0       0       0
      Temps:          4       0       0       0       0       0       0       0       0
      Totals:         8       0       0       0       0       0       0       0       0
Total ram usage:        8 bytes
 Hardware stack levels used:    1
 This function calls:
		Nothing
 This function is called by:
		_USBEnableEndpoint
 This function uses a non-reentrant model


 *************** function _USBCtrlTrfOutHandler *****************
 Defined at:
		line 2555 in file "../inc/src/usb_device.c"
 Parameters:    Size  Location     Type
		None
 Auto vars:     Size  Location     Type
		None
 Return value:  Size  Location     Type
                  1    wreg      void 
 Registers used:
		wreg, fsr1l, fsr1h, fsr2l, fsr2h, status,2, status,0, prodl, prodh, cstack
 Tracked objects:
		On entry : 
		On exit  : 
		Unchanged: 
 Data sizes:     COMRAM   BANK0   BANK1   BANK2   BANK3   BANK4   BANK5   BANK6   BANK7
      Params:         0       0       0       0       0       0       0       0       0
      Locals:         0       0       0       0       0       0       0       0       0
      Temps:          0       0       0       0       0       0       0       0       0
      Totals:         0       0       0       0       0       0       0       0       0
Total ram usage:        0 bytes
 Hardware stack levels used:    1
 Hardware stack levels required when called:    2
 This function calls:
		_USBCtrlTrfRxService
 This function is called by:
		_USBCtrlEPService
 This function uses a non-reentrant model


 *************** function _USBCtrlTrfRxService *****************
 Defined at:
		line 1870 in file "../inc/src/usb_device.c"
 Parameters:    Size  Location     Type
		None
 Auto vars:     Size  Location     Type
  byteToRead      1    1[COMRAM] unsigned char 
  i               1    0[COMRAM] unsigned char 
 Return value:  Size  Location     Type
                  1    wreg      void 
 Registers used:
		wreg, fsr1l, fsr1h, fsr2l, fsr2h, status,2, status,0, prodl, prodh, cstack
 Tracked objects:
		On entry : 
		On exit  : 
		Unchanged: 
 Data sizes:     COMRAM   BANK0   BANK1   BANK2   BANK3   BANK4   BANK5   BANK6   BANK7
      Params:         0       0       0       0       0       0       0       0       0
      Locals:         2       0       0       0       0       0       0       0       0
      Temps:          0       0       0       0       0       0       0       0       0
      Totals:         2       0       0       0       0       0       0       0       0
Total ram usage:        2 bytes
 Hardware stack levels used:    1
 Hardware stack levels required when called:    1
 This function calls:
		_USBCtrlEPAllowStatusStage
 This function is called by:
		_USBCtrlTrfOutHandler
 This function uses a non-reentrant model


 *************** function _USBCtrlEPAllowStatusStage *****************
 Defined at:
		line 1434 in file "../inc/src/usb_device.c"
 Parameters:    Size  Location     Type
		None
 Auto vars:     Size  Location     Type
		None
 Return value:  Size  Location     Type
                  1    wreg      void 
 Registers used:
		wreg, fsr2l, fsr2h, status,2, status,0
 Tracked objects:
		On entry : 
		On exit  : 
		Unchanged: 
 Data sizes:     COMRAM   BANK0   BANK1   BANK2   BANK3   BANK4   BANK5   BANK6   BANK7
      Params:         0       0       0       0       0       0       0       0       0
      Locals:         0       0       0       0       0       0       0       0       0
      Temps:          0       0       0       0       0       0       0       0       0
      Totals:         0       0       0       0       0       0       0       0       0
Total ram usage:        0 bytes
 Hardware stack levels used:    1
 This function calls:
		Nothing
 This function is called by:
		_USBDeviceTasks
		_USBCtrlEPServiceComplete
		_USBCtrlTrfRxService
 This function uses a non-reentrant model


 *************** function _USBCtrlTrfInHandler *****************
 Defined at:
		line 2609 in file "../inc/src/usb_device.c"
 Parameters:    Size  Location     Type
		None
 Auto vars:     Size  Location     Type
  lastDTS         1    1[COMRAM] unsigned char 
 Return value:  Size  Location     Type
                  1    wreg      void 
 Registers used:
		wreg, fsr0l, fsr0h, fsr2l, fsr2h, status,2, status,0, tblptrl, tblptrh, tblptru, cstack
 Tracked objects:
		On entry : 
		On exit  : 
		Unchanged: 
 Data sizes:     COMRAM   BANK0   BANK1   BANK2   BANK3   BANK4   BANK5   BANK6   BANK7
      Params:         0       0       0       0       0       0       0       0       0
      Locals:         1       0       0       0       0       0       0       0       0
      Temps:          0       0       0       0       0       0       0       0       0
      Totals:         1       0       0       0       0       0       0       0       0
Total ram usage:        1 bytes
 Hardware stack levels used:    1
 Hardware stack levels required when called:    1
 This function calls:
		_USBCtrlTrfTxService
 This function is called by:
		_USBCtrlEPService
 This function uses a non-reentrant model


 *************** function _USBCtrlTrfTxService *****************
 Defined at:
		line 1789 in file "../inc/src/usb_device.c"
 Parameters:    Size  Location     Type
		None
 Auto vars:     Size  Location     Type
  byteToSend      1    0[COMRAM] unsigned char 
 Return value:  Size  Location     Type
                  1    wreg      void 
 Registers used:
		wreg, fsr0l, fsr0h, fsr2l, fsr2h, status,2, status,0, tblptrl, tblptrh, tblptru
 Tracked objects:
		On entry : 
		On exit  : 
		Unchanged: 
 Data sizes:     COMRAM   BANK0   BANK1   BANK2   BANK3   BANK4   BANK5   BANK6   BANK7
      Params:         0       0       0       0       0       0       0       0       0
      Locals:         1       0       0       0       0       0       0       0       0
      Temps:          0       0       0       0       0       0       0       0       0
      Totals:         1       0       0       0       0       0       0       0       0
Total ram usage:        1 bytes
 Hardware stack levels used:    1
 This function calls:
		Nothing
 This function is called by:
		_USBCtrlEPAllowDataStage
		_USBCtrlTrfInHandler
 This function uses a non-reentrant model



MODULE INFORMATION

Module		Function		Class		Link	Load	Size
../bsp/adc.c
		_ADC_Enable    		CODE           	2574	0000	23
		_ADC_SetConfiguration		CODE           	24F4	0000	35
		_ADC_Read10bit 		CODE           	20F6	0000	85

../bsp/adc.c estimated size: 143

../inc/src/usb_device_hid.c
		_USBCheckHIDRequest		CODE           	16B0	0000	219

../inc/src/usb_device_hid.c estimated size: 219

C:\Program Files (x86)\Microchip\xc8\v1.36\sources\common\memset.c
		_memset        		CODE           	2390	0000	53

C:\Program Files (x86)\Microchip\xc8\v1.36\sources\common\memset.c estimated size: 53

../src/app_device_custom_hid.c
		_APP_DeviceCustomHIDTasks		CODE           	0B44	0000	443
		_APP_DeviceCustomHIDInitialize		CODE           	235A	0000	55

../src/app_device_custom_hid.c estimated size: 498

../src/app_led_usb_status.c
		_APP_LEDUpdateUSBStatus		CODE           	1F28	0000	131

../src/app_led_usb_status.c estimated size: 131

../system_config/system.c
		_SYS_InterruptHigh		CODE           	0008	0000	129
		_SYSTEM_Initialize		CODE           	1408	0000	243

../system_config/system.c estimated size: 372

../bsp/leds.c
		_LED_Off       		CODE           	2324	0000	55
		_LED_On        		CODE           	22EE	0000	55
		_LED_Enable    		CODE           	2244	0000	59
		_LED_Toggle    		CODE           	227E	0000	59

../bsp/leds.c estimated size: 228

C:\Program Files (x86)\Microchip\xc8\v1.36\sources\common\memcpy.c
		_memcpy        		CODE           	218C	0000	65

C:\Program Files (x86)\Microchip\xc8\v1.36\sources\common\memcpy.c estimated size: 65

shared
		_configDescriptor1		SMALLCONST     	086B	0000	42
		_USB_CD_Ptr    		SMALLCONST     	0807	0000	3
		_sd001         		SMALLCONST     	0809	0000	53
		i2_ADC_Enable  		CODE           	258A	0000	19
		i2_BUTTON_Enable		CODE           	2516	0000	35
		i2_ADC_SetConfiguration		CODE           	2558	0000	29
		_sd002         		SMALLCONST     	083D	0000	47
		i2_USBDeviceInit		CODE           	0E66	0000	331
		__initialization		CODE           	2482	0000	25
		_device_dsc    		SMALLCONST     	08B1	0000	19
		i2_SYSTEM_Initialize		CODE           	1930	0000	203
		_USB_SD_Ptr    		SMALLCONST     	0801	0000	7
		i2_LED_Enable  		CODE           	22B8	0000	55
		_hid_rpt01     		SMALLCONST     	0894	0000	30
		i2_memset      		CODE           	2456	0000	45
		_sd000         		SMALLCONST     	08C3	0000	5
		i2_USBTransferOnePacket		CODE           	1AC4	0000	187

shared estimated size: 1135

../src/main.c
		_main          		CODE           	2538	0000	33
		_USER_USB_CALLBACK_EVENT_HANDLER		CODE           	1FAA	0000	127

../src/main.c estimated size: 160

../inc/src/usb_device.c
		_USBCtrlTrfInHandler		CODE           	1B7E	0000	183
		_USBTransferOnePacket		CODE           	178A	0000	217
		_USBDeviceAttach		CODE           	23F8	0000	49
		_USBStdGetDscHandler		CODE           	10DC	0000	289
		_USBCtrlEPAllowDataStage		CODE           	1CE2	0000	157
		_USBStdFeatureReqHandler		CODE           	08C8	0000	637
		_USBCtrlEPAllowStatusStage		CODE           	19FA	0000	203
		_USBCtrlTrfSetupHandler		CODE           	1EA2	0000	135
		_USBCtrlTrfOutHandler		CODE           	209A	0000	93
		_USBCtrlEPServiceComplete		CODE           	1308	0000	257
		_USBSuspend    		CODE           	2428	0000	47
		_USBStdSetCfgHandler		CODE           	14FA	0000	221
		_USBStdGetStatusHandler		CODE           	1C34	0000	175
		_USBWakeFromSuspend		CODE           	23C4	0000	53
		_USBCtrlTrfRxService		CODE           	11FC	0000	269
		_USBCtrlTrfTxService		CODE           	1862	0000	207
		_USBEnableEndpoint		CODE           	2208	0000	61
		_USBConfigureEndpoint		CODE           	1D7E	0000	149
		_USBDeviceInit 		CODE           	0CFE	0000	361
		_USBIncrement1msInternalTimers		CODE           	24CE	0000	39
		_USBCtrlEPService		CODE           	1E12	0000	145
		_USBStallHandler		CODE           	214A	0000	67
		_USBDeviceTasks		CODE           	0FB0	0000	301
		_USBCheckStdRequest		CODE           	15D6	0000	219

../inc/src/usb_device.c estimated size: 4534

../bsp/buttons.c
		_BUTTON_IsPressed		CODE           	21CC	0000	61
		_BUTTON_Enable 		CODE           	24A8	0000	39

../bsp/buttons.c estimated size: 100

