Microchip MPLAB XC8 Compiler V1.36 ()

Linker command line:

--edf=C:\Program Files (x86)\Microchip\xc8\v1.36\dat\en_msgs.txt -cs \
  -h+dist/slave/production\FW_18F2550_slave1.X.production.sym \
  --cmf=dist/slave/production\FW_18F2550_slave1.X.production.cmf -z \
  -Q18F2550 -oC:\Users\roberto\AppData\Local\Temp\s3hc.2 \
  -Mdist/slave/production/FW_18F2550_slave1.X.production.map -E1 -ver=XC8 \
  -ASTACK=060h-07ffh -pstack=STACK -ACODE=00h-07FFFh -ACONST=00h-07FFFh \
  -ASMALLCONST=0800h-08FFhx120 -AMEDIUMCONST=0800h-07FFFh -ACOMRAM=01h-05Fh \
  -AABS1=00h-07FFh -ABIGRAM=01h-07FFh -ARAM=060h-0FFh,0100h-01FFhx7 \
  -ABANK0=060h-0FFh -ABANK1=0100h-01FFh -ABANK2=0200h-02FFh \
  -ABANK3=0300h-03FFh -ABANK4=0400h-04FFh -ABANK5=0500h-05FFh \
  -ABANK6=0600h-06FFh -ABANK7=0700h-07FFh -ASFR=0F60h-0FFFh \
  -preset_vec=00h,intcode=08h,intcodelo,powerup,init,end_init \
  -pramtop=0800h -psmallconst=SMALLCONST -pmediumconst=MEDIUMCONST \
  -pconst=CONST -AFARRAM=00h-00h -ACONFIG=0300000h-030000Dh -pconfig=CONFIG \
  -AIDLOC=0200000h-0200007h -pidloc=IDLOC -AEEDATA=0F00000h-0F000FFh \
  -peeprom_data=EEDATA \
  -prdata=COMRAM,nvrram=COMRAM,nvbit=COMRAM,rbss=COMRAM,rbit=COMRAM \
  -pfarbss=FARRAM,fardata=FARRAM,nvFARRAM=FARRAM \
  -pintsave_regs=BIGRAM,bigbss=BIGRAM,bigdata=BIGRAM -pbss=RAM \
  -pidata=CODE,irdata=CODE,ibigdata=CODE,ifardata=CODE -prparam=COMRAM \
  C:\Users\roberto\AppData\Local\Temp\s3hc.obj \
  dist/slave/production\FW_18F2550_slave1.X.production.obj 

Object code version is 3.11

Machine type is 18F2550

Call graph: (short form)




                Name                               Link     Load   Length Selector   Space Scale
C:\Users\roberto\AppData\Local\Temp\s3hc.obj
                end_init                             16       16        4        4       0
                reset_vec                             0        0        4        0       0
                idloc                            200000   200000        8   200000       0
                config                           300000   300000        E   300000       0
dist/slave/production\FW_18F2550_slave1.X.production.obj
                intcode                               8        8        E        4       0
                temp                                 18       18        1        1       1
                intcode_body                         1A       1A       6E        4       0
                text8                               168      168       3C        4       0
                text7                               12C      12C       3C        4       0
                text6                               1F2      1F2       18        4       0
                text5                               21C      21C        E        4       0
                text4                                DE       DE       4E        4       0
                text3                               1A4      1A4       2E        4       0
                text2                                88       88       56        4       0
                text1                               1D2      1D2       20        4       0
                text0                               22A      22A        A        4       0
                cstackCOMRAM                          1        1       15        1       1
                bssCOMRAM                            16       16        2        1       1
                cinit                               20A      20A       12        4       0

TOTAL           Name                               Link     Load   Length     Space
        CLASS   STACK          

        CLASS   CODE           
                end_init                             16       16        4         0
                intcode                               8        8        E         0
                reset_vec                             0        0        4         0
                intcode_body                         1A       1A       6E         0
                text8                               168      168       3C         0
                text7                               12C      12C       3C         0
                text6                               1F2      1F2       18         0
                text5                               21C      21C        E         0
                text4                                DE       DE       4E         0
                text3                               1A4      1A4       2E         0
                text2                                88       88       56         0
                text1                               1D2      1D2       20         0
                text0                               22A      22A        A         0
                cinit                               20A      20A       12         0

        CLASS   CONST          

        CLASS   SMALLCONST     

        CLASS   MEDIUMCONST    

        CLASS   COMRAM         
                temp                                 18       18        1         1
                cstackCOMRAM                          1        1       15         1
                bssCOMRAM                            16       16        2         1

        CLASS   ABS1           

        CLASS   BIGRAM         

        CLASS   RAM            

        CLASS   BANK0          

        CLASS   BANK1          

        CLASS   BANK2          

        CLASS   BANK3          

        CLASS   BANK4          

        CLASS   BANK5          

        CLASS   BANK6          

        CLASS   BANK7          

        CLASS   SFR            

        CLASS   FARRAM         

        CLASS   CONFIG         
                config                           300000   300000        E         0

        CLASS   IDLOC          
                idloc                            200000   200000        8         0

        CLASS   EEDATA         



SEGMENTS        Name                           Load    Length   Top    Selector   Space  Class

                reset_vec                      000000  000004  000004         0       0  CODE    
                cstackCOMRAM                   000001  000018  000019         1       1  COMRAM  
                intcode                        000008  00022C  000234         4       0  CODE    
                idloc                          200000  000008  200008    200000       0  IDLOC   
                config                         300000  00000E  30000E    300000       0  CONFIG  


UNUSED ADDRESS RANGES

        Name                Unused          Largest block    Delta
        BANK0            000060-0000FF               A0
        BANK1            000100-0001FF              100
        BANK2            000200-0002FF              100
        BANK3            000300-0003FF              100
        BANK4            000400-0004FF              100
        BANK5            000500-0005FF              100
        BANK6            000600-0006FF              100
        BANK7            000700-0007FF              100
        BIGRAM           000019-0007FF              7E7
        CODE             000004-000007                4
                         000234-007FFF             7DCC
        COMRAM           000019-00005F               47
        CONST            000004-000007                4
                         000234-007FFF             7DCC
        EEDATA           F00000-F000FF              100
        MEDIUMCONST      000800-007FFF             7800
        RAM              000060-0007FF              100
        SFR              000F60-000FFF               A0
        SMALLCONST       000800-007FFF              100
        STACK            000060-0007FF              7A0

                                  Symbol Table

?_SPI_R_DataRdySPI          cstackCOMRAM 00000F
?_SPI_R_getcSPI             cstackCOMRAM 00000F
APP_tick@p1                 cstackCOMRAM 000012
APP_tick@p2                 cstackCOMRAM 000014
PWM_R_setPWM1@val           cstackCOMRAM 00000F
PWM_R_setPWM2@val           cstackCOMRAM 00000F
SPI_R_OpenSPI@bus_mode      cstackCOMRAM 00000F
SPI_R_OpenSPI@smp_phase     cstackCOMRAM 000010
SPI_R_OpenSPI@sync_mode     cstackCOMRAM 000011
SPI_R_getcSPI@TempVar       cstackCOMRAM 000011
_ADCON0                     (abs)        000FC2
_ADCON0bits                 (abs)        000FC2
_ADCON1bits                 (abs)        000FC1
_ADCON2                     (abs)        000FC0
_ADCON2bits                 (abs)        000FC0
_ADRESH                     (abs)        000FC4
_ADRESL                     (abs)        000FC3
_APP_tick                   text4        0000DE
_CCP1CONbits                (abs)        000FBD
_CCP1M2                     (abs)        007DEA
_CCP1M3                     (abs)        007DEB
_CCP2CONbits                (abs)        000FBA
_CCP2M2                     (abs)        007DD2
_CCP2M3                     (abs)        007DD3
_CCPR1L                     (abs)        000FBE
_CCPR2L                     (abs)        000FBB
_LATA                       (abs)        000F89
_LATB                       (abs)        000F8A
_PIR1bits                   (abs)        000F9E
_PR2                        (abs)        000FCB
_PWM_R_OpenPWM              text3        0001A4
_PWM_R_setPWM1              text8        000168
_PWM_R_setPWM2              text7        00012C
_SPI_R_DataRdySPI           text6        0001F2
_SPI_R_OpenSPI              text2        000088
_SPI_R_getcSPI              text5        00021C
_SSPBUF                     (abs)        000FC9
_SSPCON1                    (abs)        000FC6
_SSPCON1bits                (abs)        000FC6
_SSPSTAT                    (abs)        000FC7
_SSPSTATbits                (abs)        000FC7
_SYSTEM_Initialize          text1        0001D2
_SYS_InterruptHigh          intcode      000008
_T2CKPS0                    (abs)        007E50
_T2CKPS1                    (abs)        007E51
_TMR2ON                     (abs)        007E52
_TRISA                      (abs)        000F92
_TRISAbits                  (abs)        000F92
_TRISB                      (abs)        000F93
_TRISBbits                  (abs)        000F93
_TRISCbits                  (abs)        000F94
__CFG_BOR$ON                (abs)        000000
__CFG_BORV$3                (abs)        000000
__CFG_CP0$OFF               (abs)        000000
__CFG_CP1$OFF               (abs)        000000
__CFG_CPB$OFF               (abs)        000000
__CFG_CPUDIV$OSC1_PLL2      (abs)        000000
__CFG_EBTR0$OFF             (abs)        000000
__CFG_EBTR1$OFF             (abs)        000000
__CFG_EBTRB$OFF             (abs)        000000
__CFG_FCMEN$OFF             (abs)        000000
__CFG_FOSC$XTPLL_XT         (abs)        000000
__CFG_IESO$OFF              (abs)        000000
__CFG_LPT1OSC$OFF           (abs)        000000
__CFG_LVP$OFF               (abs)        000000
__CFG_MCLRE$ON              (abs)        000000
__CFG_PBADEN$OFF            (abs)        000000
__CFG_PLLDIV$1              (abs)        000000
__CFG_PWRT$OFF              (abs)        000000
__CFG_STVREN$ON             (abs)        000000
__CFG_USBDIV$2              (abs)        000000
__CFG_VREGEN$ON             (abs)        000000
__CFG_WDT$OFF               (abs)        000000
__CFG_WDTPS$32768           (abs)        000000
__CFG_WRT0$OFF              (abs)        000000
__CFG_WRT1$OFF              (abs)        000000
__CFG_WRTB$OFF              (abs)        000000
__CFG_WRTC$OFF              (abs)        000000
__CFG_XINST$OFF             (abs)        000000
__HRAM                      (abs)        000000
__Habs1                     abs1         000000
__Hbank0                    bank0        000000
__Hbank1                    bank1        000000
__Hbank2                    bank2        000000
__Hbank3                    bank3        000000
__Hbank4                    bank4        000000
__Hbank5                    bank5        000000
__Hbank6                    bank6        000000
__Hbank7                    bank7        000000
__Hbigbss                   bigbss       000000
__Hbigdata                  bigdata      000000
__Hbigram                   bigram       000000
__Hbss                      bss          000000
__HbssCOMRAM                bssCOMRAM    000000
__Hcinit                    cinit        000000
__Hclrtext                  clrtext      000000
__Hcomram                   comram       000000
__Hconfig                   config       30000E
__Hconst                    const        000000
__HcstackCOMRAM             cstackCOMRAM 000000
__Hdata                     data         000000
__Heeprom_data              eeprom_data  000000
__Hend_init                 end_init     00001A
__Hfarbss                   farbss       000000
__Hfardata                  fardata      000000
__Hibigdata                 ibigdata     000000
__Hidata                    idata        000000
__Hidloc                    idloc        200008
__Hifardata                 ifardata     000000
__Hinit                     init         000016
__Hintcode                  intcode      000016
__Hintcode_body             intcode_body 000000
__Hintcodelo                intcodelo    000016
__Hintentry                 intentry     000000
__Hintret                   intret       000000
__Hintsave_regs             intsave_regs 000000
__Hirdata                   irdata       000000
__Hmediumconst              mediumconst  000000
__HnvFARRAM                 nvFARRAM     000000
__Hnvbit                    nvbit        000000
__Hnvrram                   nvrram       000000
__Hparam                    rparam       000000
__Hpowerup                  powerup      000016
__Hram                      ram          000000
__Hramtop                   ramtop       000800
__Hrbit                     rbit         000000
__Hrbss                     rbss         000000
__Hrdata                    rdata        000000
__Hreset_vec                reset_vec    000004
__Hrparam                   rparam       000000
__Hsfr                      sfr          000000
__Hsmallconst               smallconst   000000
__Hspace_0                  (abs)        30000E
__Hspace_1                  (abs)        000019
__Hspace_2                  (abs)        000000
__Hstack                    stack        000000
__Hstruct                   struct       000000
__Htemp                     temp         000019
__Htext                     text         000000
__Htext0                    text0        000000
__Htext1                    text1        000000
__Htext2                    text2        000000
__Htext3                    text3        000000
__Htext4                    text4        000000
__Htext5                    text5        000000
__Htext6                    text6        000000
__Htext7                    text7        000000
__Htext8                    text8        000000
__LRAM                      (abs)        000001
__Labs1                     abs1         000000
__Lbank0                    bank0        000000
__Lbank1                    bank1        000000
__Lbank2                    bank2        000000
__Lbank3                    bank3        000000
__Lbank4                    bank4        000000
__Lbank5                    bank5        000000
__Lbank6                    bank6        000000
__Lbank7                    bank7        000000
__Lbigbss                   bigbss       000000
__Lbigdata                  bigdata      000000
__Lbigram                   bigram       000000
__Lbss                      bss          000000
__LbssCOMRAM                bssCOMRAM    000000
__Lcinit                    cinit        000000
__Lclrtext                  clrtext      000000
__Lcomram                   comram       000000
__Lconfig                   config       300000
__Lconst                    const        000000
__LcstackCOMRAM             cstackCOMRAM 000000
__Ldata                     data         000000
__Leeprom_data              eeprom_data  000000
__Lend_init                 end_init     000016
__Lfarbss                   farbss       000000
__Lfardata                  fardata      000000
__Libigdata                 ibigdata     000000
__Lidata                    idata        000000
__Lidloc                    idloc        200000
__Lifardata                 ifardata     000000
__Linit                     init         000016
__Lintcode                  intcode      000008
__Lintcode_body             intcode_body 000000
__Lintcodelo                intcodelo    000016
__Lintentry                 intentry     000000
__Lintret                   intret       000000
__Lintsave_regs             intsave_regs 000000
__Lirdata                   irdata       000000
__Lmediumconst              mediumconst  000000
__LnvFARRAM                 nvFARRAM     000000
__Lnvbit                    nvbit        000000
__Lnvrram                   nvrram       000000
__Lparam                    rparam       000000
__Lpowerup                  powerup      000016
__Lram                      ram          000000
__Lramtop                   ramtop       000800
__Lrbit                     rbit         000000
__Lrbss                     rbss         000000
__Lrdata                    rdata        000000
__Lreset_vec                reset_vec    000000
__Lrparam                   rparam       000000
__Lsfr                      sfr          000000
__Lsmallconst               smallconst   000000
__Lspace_0                  (abs)        000000
__Lspace_1                  (abs)        000000
__Lspace_2                  (abs)        000000
__Lstack                    stack        000000
__Lstruct                   struct       000000
__Ltemp                     temp         000018
__Ltext                     text         000000
__Ltext0                    text0        000000
__Ltext1                    text1        000000
__Ltext2                    text2        000000
__Ltext3                    text3        000000
__Ltext4                    text4        000000
__Ltext5                    text5        000000
__Ltext6                    text6        000000
__Ltext7                    text7        000000
__Ltext8                    text8        000000
__S0                        (abs)        30000E
__S1                        (abs)        000019
__S2                        (abs)        000000
___inthi_sp                 stack        000000
___intlo_sp                 stack        000000
___param_bank               (abs)        000010
___rparam_used              (abs)        000001
___sp                       stack        000000
__accesstop                 (abs)        000060
__activetblptr              (abs)        000002
__end_of_APP_tick           text4        00012C
__end_of_PWM_R_OpenPWM      text3        0001D2
__end_of_PWM_R_setPWM1      text8        0001A4
__end_of_PWM_R_setPWM2      text7        000168
__end_of_SPI_R_DataRdySPI   text6        00020A
__end_of_SPI_R_OpenSPI      text2        0000DE
__end_of_SPI_R_getcSPI      text5        00022A
__end_of_SYSTEM_Initialize  text1        0001F2
__end_of_SYS_InterruptHigh  intcode_body 000088
__end_of__initialization    cinit        00020E
__end_of_main               text0        000234
__initialization            cinit        00020A
__mediumconst               mediumconst  000000
__pbssCOMRAM                bssCOMRAM    000016
__pcinit                    cinit        00020A
__pcstackCOMRAM             cstackCOMRAM 000001
__pintcode                  intcode      000008
__pintcode_body             intcode_body 00001A
__ptext0                    text0        00022A
__ptext1                    text1        0001D2
__ptext2                    text2        000088
__ptext3                    text3        0001A4
__ptext4                    text4        0000DE
__ptext5                    text5        00021C
__ptext6                    text6        0001F2
__ptext7                    text7        00012C
__ptext8                    text8        000168
__ramtop                    ramtop       000800
__size_of_APP_tick          (abs)        000000
__size_of_PWM_R_OpenPWM     (abs)        000000
__size_of_PWM_R_setPWM1     (abs)        000000
__size_of_PWM_R_setPWM2     (abs)        000000
__size_of_SPI_R_DataRdySPI  (abs)        000000
__size_of_SPI_R_OpenSPI     (abs)        000000
__size_of_SPI_R_getcSPI     (abs)        000000
__size_of_SYSTEM_Initialize (abs)        000000
__size_of_SYS_InterruptHigh (abs)        000000
__size_of_main              (abs)        000000
__smallconst                smallconst   000000
_cArr                       bssCOMRAM    000016
_main                       text0        00022A
btemp                       temp         000018
end_of_initialization       cinit        00020E
int$flags                   temp         000018
int_func                    intcode_body 00001A
intlevel0                   text         000000
intlevel1                   text         000000
intlevel2                   text         000000
intlevel3                   text         000000
stackhi                     (abs)        0007FF
stacklo                     (abs)        000060
start                       init         000016
start_initialization        cinit        00020A


FUNCTION INFORMATION:

 *************** function _main *****************
 Defined at:
		line 5 in file "../src/slave1/main.c"
 Parameters:    Size  Location     Type
		None
 Auto vars:     Size  Location     Type
		None
 Return value:  Size  Location     Type
                  1    wreg      void 
 Registers used:
		wreg, status,2, status,0, cstack
 Tracked objects:
		On entry : 
		On exit  : 
		Unchanged: 
 Data sizes:     COMRAM   BANK0   BANK1   BANK2   BANK3   BANK4   BANK5   BANK6   BANK7
      Params:         0       0       0       0       0       0       0       0       0
      Locals:         0       0       0       0       0       0       0       0       0
      Temps:          0       0       0       0       0       0       0       0       0
      Totals:         0       0       0       0       0       0       0       0       0
Total ram usage:        0 bytes
 Hardware stack levels required when called:    4
 This function calls:
		_APP_tick
		_SYSTEM_Initialize
 This function is called by:
		Startup code after reset
 This function uses a non-reentrant model


 *************** function _SYSTEM_Initialize *****************
 Defined at:
		line 57 in file "../src/slave1/system.c"
 Parameters:    Size  Location     Type
		None
 Auto vars:     Size  Location     Type
		None
 Return value:  Size  Location     Type
                  1    wreg      void 
 Registers used:
		wreg, status,2, status,0, cstack
 Tracked objects:
		On entry : 
		On exit  : 
		Unchanged: 
 Data sizes:     COMRAM   BANK0   BANK1   BANK2   BANK3   BANK4   BANK5   BANK6   BANK7
      Params:         0       0       0       0       0       0       0       0       0
      Locals:         0       0       0       0       0       0       0       0       0
      Temps:          0       0       0       0       0       0       0       0       0
      Totals:         0       0       0       0       0       0       0       0       0
Total ram usage:        0 bytes
 Hardware stack levels used:    1
 Hardware stack levels required when called:    3
 This function calls:
		_PWM_R_OpenPWM
		_SPI_R_OpenSPI
 This function is called by:
		_main
 This function uses a non-reentrant model


 *************** function _SPI_R_OpenSPI *****************
 Defined at:
		line 3 in file "../../../../_ELECTRONIC/inc/spi_r.c"
 Parameters:    Size  Location     Type
  sync_mode       1    wreg     unsigned char 
  bus_mode        1   14[COMRAM] unsigned char 
  smp_phase       1   15[COMRAM] unsigned char 
 Auto vars:     Size  Location     Type
  sync_mode       1   16[COMRAM] unsigned char 
 Return value:  Size  Location     Type
                  1    wreg      void 
 Registers used:
		wreg, status,2, status,0
 Tracked objects:
		On entry : 
		On exit  : 
		Unchanged: 
 Data sizes:     COMRAM   BANK0   BANK1   BANK2   BANK3   BANK4   BANK5   BANK6   BANK7
      Params:         2       0       0       0       0       0       0       0       0
      Locals:         1       0       0       0       0       0       0       0       0
      Temps:          0       0       0       0       0       0       0       0       0
      Totals:         3       0       0       0       0       0       0       0       0
Total ram usage:        3 bytes
 Hardware stack levels used:    1
 Hardware stack levels required when called:    1
 This function calls:
		Nothing
 This function is called by:
		_SYSTEM_Initialize
 This function uses a non-reentrant model


 *************** function _PWM_R_OpenPWM *****************
 Defined at:
		line 17 in file "../../../../_ELECTRONIC/inc/pwm_r.c"
 Parameters:    Size  Location     Type
		None
 Auto vars:     Size  Location     Type
		None
 Return value:  Size  Location     Type
                  1    wreg      void 
 Registers used:
		wreg, status,2, status,0, cstack
 Tracked objects:
		On entry : 
		On exit  : 
		Unchanged: 
 Data sizes:     COMRAM   BANK0   BANK1   BANK2   BANK3   BANK4   BANK5   BANK6   BANK7
      Params:         0       0       0       0       0       0       0       0       0
      Locals:         0       0       0       0       0       0       0       0       0
      Temps:          0       0       0       0       0       0       0       0       0
      Totals:         0       0       0       0       0       0       0       0       0
Total ram usage:        0 bytes
 Hardware stack levels used:    1
 Hardware stack levels required when called:    2
 This function calls:
		_PWM_R_setPWM1
		_PWM_R_setPWM2
 This function is called by:
		_SYSTEM_Initialize
 This function uses a non-reentrant model


 *************** function _APP_tick *****************
 Defined at:
		line 14 in file "../src/slave1/app_slave1.c"
 Parameters:    Size  Location     Type
		None
 Auto vars:     Size  Location     Type
  p2              2   19[COMRAM] unsigned int 
  p1              2   17[COMRAM] unsigned int 
 Return value:  Size  Location     Type
                  1    wreg      void 
 Registers used:
		wreg, status,2, status,0, cstack
 Tracked objects:
		On entry : 
		On exit  : 
		Unchanged: 
 Data sizes:     COMRAM   BANK0   BANK1   BANK2   BANK3   BANK4   BANK5   BANK6   BANK7
      Params:         0       0       0       0       0       0       0       0       0
      Locals:         4       0       0       0       0       0       0       0       0
      Temps:          0       0       0       0       0       0       0       0       0
      Totals:         4       0       0       0       0       0       0       0       0
Total ram usage:        4 bytes
 Hardware stack levels used:    1
 Hardware stack levels required when called:    2
 This function calls:
		_PWM_R_setPWM1
		_PWM_R_setPWM2
		_SPI_R_DataRdySPI
		_SPI_R_getcSPI
 This function is called by:
		_main
 This function uses a non-reentrant model


 *************** function _SPI_R_getcSPI *****************
 Defined at:
		line 58 in file "../../../../_ELECTRONIC/inc/spi_r.c"
 Parameters:    Size  Location     Type
		None
 Auto vars:     Size  Location     Type
  TempVar         1   16[COMRAM] unsigned char 
 Return value:  Size  Location     Type
                  2   14[COMRAM] int 
 Registers used:
		None
 Tracked objects:
		On entry : 
		On exit  : 
		Unchanged: 
 Data sizes:     COMRAM   BANK0   BANK1   BANK2   BANK3   BANK4   BANK5   BANK6   BANK7
      Params:         2       0       0       0       0       0       0       0       0
      Locals:         1       0       0       0       0       0       0       0       0
      Temps:          0       0       0       0       0       0       0       0       0
      Totals:         3       0       0       0       0       0       0       0       0
Total ram usage:        3 bytes
 Hardware stack levels used:    1
 Hardware stack levels required when called:    1
 This function calls:
		Nothing
 This function is called by:
		_APP_tick
		_SPI_R_getsSPI
 This function uses a non-reentrant model


 *************** function _SPI_R_DataRdySPI *****************
 Defined at:
		line 51 in file "../../../../_ELECTRONIC/inc/spi_r.c"
 Parameters:    Size  Location     Type
		None
 Auto vars:     Size  Location     Type
		None
 Return value:  Size  Location     Type
                  2   14[COMRAM] int 
 Registers used:
		wreg, status,2
 Tracked objects:
		On entry : 
		On exit  : 
		Unchanged: 
 Data sizes:     COMRAM   BANK0   BANK1   BANK2   BANK3   BANK4   BANK5   BANK6   BANK7
      Params:         2       0       0       0       0       0       0       0       0
      Locals:         0       0       0       0       0       0       0       0       0
      Temps:          0       0       0       0       0       0       0       0       0
      Totals:         2       0       0       0       0       0       0       0       0
Total ram usage:        2 bytes
 Hardware stack levels used:    1
 Hardware stack levels required when called:    1
 This function calls:
		Nothing
 This function is called by:
		_APP_tick
 This function uses a non-reentrant model


 *************** function _PWM_R_setPWM2 *****************
 Defined at:
		line 11 in file "../../../../_ELECTRONIC/inc/pwm_r.c"
 Parameters:    Size  Location     Type
  val             2   14[COMRAM] unsigned int 
 Auto vars:     Size  Location     Type
		None
 Return value:  Size  Location     Type
                  1    wreg      void 
 Registers used:
		wreg, status,2, status,0
 Tracked objects:
		On entry : 
		On exit  : 
		Unchanged: 
 Data sizes:     COMRAM   BANK0   BANK1   BANK2   BANK3   BANK4   BANK5   BANK6   BANK7
      Params:         2       0       0       0       0       0       0       0       0
      Locals:         0       0       0       0       0       0       0       0       0
      Temps:          1       0       0       0       0       0       0       0       0
      Totals:         3       0       0       0       0       0       0       0       0
Total ram usage:        3 bytes
 Hardware stack levels used:    1
 Hardware stack levels required when called:    1
 This function calls:
		Nothing
 This function is called by:
		_APP_tick
		_PWM_R_OpenPWM
 This function uses a non-reentrant model


 *************** function _PWM_R_setPWM1 *****************
 Defined at:
		line 5 in file "../../../../_ELECTRONIC/inc/pwm_r.c"
 Parameters:    Size  Location     Type
  val             2   14[COMRAM] unsigned int 
 Auto vars:     Size  Location     Type
		None
 Return value:  Size  Location     Type
                  1    wreg      void 
 Registers used:
		wreg, status,2, status,0
 Tracked objects:
		On entry : 
		On exit  : 
		Unchanged: 
 Data sizes:     COMRAM   BANK0   BANK1   BANK2   BANK3   BANK4   BANK5   BANK6   BANK7
      Params:         2       0       0       0       0       0       0       0       0
      Locals:         0       0       0       0       0       0       0       0       0
      Temps:          1       0       0       0       0       0       0       0       0
      Totals:         3       0       0       0       0       0       0       0       0
Total ram usage:        3 bytes
 Hardware stack levels used:    1
 Hardware stack levels required when called:    1
 This function calls:
		Nothing
 This function is called by:
		_APP_tick
		_PWM_R_OpenPWM
 This function uses a non-reentrant model


 *************** function _SYS_InterruptHigh *****************
 Defined at:
		line 80 in file "../src/slave1/system.c"
 Parameters:    Size  Location     Type
		None
 Auto vars:     Size  Location     Type
		None
 Return value:  Size  Location     Type
                  1    wreg      void 
 Registers used:
		None
 Tracked objects:
		On entry : 
		On exit  : 
		Unchanged: 
 Data sizes:     COMRAM   BANK0   BANK1   BANK2   BANK3   BANK4   BANK5   BANK6   BANK7
      Params:         0       0       0       0       0       0       0       0       0
      Locals:         0       0       0       0       0       0       0       0       0
      Temps:         14       0       0       0       0       0       0       0       0
      Totals:        14       0       0       0       0       0       0       0       0
Total ram usage:       14 bytes
 Hardware stack levels used:    1
 This function calls:
		Nothing
 This function is called by:
		Interrupt level 2
 This function uses a non-reentrant model



MODULE INFORMATION

Module		Function		Class		Link	Load	Size
../../../../_ELECTRONIC/inc/spi_r.c
		_SPI_R_OpenSPI 		CODE           	0088	0000	87
		_SPI_R_DataRdySPI		CODE           	01F2	0000	25
		_SPI_R_getcSPI 		CODE           	021C	0000	15

../../../../_ELECTRONIC/inc/spi_r.c estimated size: 127

../src/slave1/main.c
		_main          		CODE           	022A	0000	11

../src/slave1/main.c estimated size: 11

../../../../_ELECTRONIC/inc/pwm_r.c
		_PWM_R_setPWM1 		CODE           	0168	0000	61
		_PWM_R_setPWM2 		CODE           	012C	0000	61
		_PWM_R_OpenPWM 		CODE           	01A4	0000	47

../../../../_ELECTRONIC/inc/pwm_r.c estimated size: 169

../src/slave1/app_slave1.c
		_APP_tick      		CODE           	00DE	0000	79

../src/slave1/app_slave1.c estimated size: 79

shared
		__initialization		CODE           	020A	0000	5

shared estimated size: 5

../src/slave1/system.c
		_SYS_InterruptHigh		CODE           	0008	0000	125
		_SYSTEM_Initialize		CODE           	01D2	0000	33

../src/slave1/system.c estimated size: 158

